Archive member included to satisfy reference by file (symbol)

C:/MaximSDK/Libraries/PeriphDrivers/bin/MAX78000/softfp/libPeriphDriver_softfp.a(mxc_delay.o)
                              C:/Users/thinkpad/Documents/GitHub/GroundSight/GroundSight/camera-demo/build/main.o (MXC_Delay)
C:/MaximSDK/Libraries/PeriphDrivers/bin/MAX78000/softfp/libPeriphDriver_softfp.a(pins_ai85.o)
                              C:/Users/thinkpad/Documents/GitHub/GroundSight/GroundSight/camera-demo/build/camera.o (gpio_cfg_pcif_xclk)
C:/MaximSDK/Libraries/PeriphDrivers/bin/MAX78000/softfp/libPeriphDriver_softfp.a(sys_ai85.o)
                              C:/Users/thinkpad/Documents/GitHub/GroundSight/GroundSight/camera-demo/build/board.o (MXC_SYS_ClockEnable)
C:/MaximSDK/Libraries/PeriphDrivers/bin/MAX78000/softfp/libPeriphDriver_softfp.a(nvic_table.o)
                              C:/Users/thinkpad/Documents/GitHub/GroundSight/GroundSight/camera-demo/build/camera.o (NVIC_SetVector)
C:/MaximSDK/Libraries/PeriphDrivers/bin/MAX78000/softfp/libPeriphDriver_softfp.a(cameraif_ai85.o)
                              C:/Users/thinkpad/Documents/GitHub/GroundSight/GroundSight/camera-demo/build/camera.o (MXC_PCIF_Init)
C:/MaximSDK/Libraries/PeriphDrivers/bin/MAX78000/softfp/libPeriphDriver_softfp.a(cameraif_reva.o)
                              C:/MaximSDK/Libraries/PeriphDrivers/bin/MAX78000/softfp/libPeriphDriver_softfp.a(cameraif_ai85.o) (MXC_PCIF_RevA_SetDatawidth)
C:/MaximSDK/Libraries/PeriphDrivers/bin/MAX78000/softfp/libPeriphDriver_softfp.a(dma_me17.o)
                              C:/Users/thinkpad/Documents/GitHub/GroundSight/GroundSight/camera-demo/build/main.o (MXC_DMA_Init)
C:/MaximSDK/Libraries/PeriphDrivers/bin/MAX78000/softfp/libPeriphDriver_softfp.a(dma_reva.o)
                              C:/MaximSDK/Libraries/PeriphDrivers/bin/MAX78000/softfp/libPeriphDriver_softfp.a(dma_me17.o) (MXC_DMA_RevA_Init)
C:/MaximSDK/Libraries/PeriphDrivers/bin/MAX78000/softfp/libPeriphDriver_softfp.a(flc_me17.o)
                              C:/MaximSDK/Libraries/PeriphDrivers/bin/MAX78000/softfp/libPeriphDriver_softfp.a(sys_ai85.o) (MXC_FLC_UnlockInfoBlock)
C:/MaximSDK/Libraries/PeriphDrivers/bin/MAX78000/softfp/libPeriphDriver_softfp.a(flc_reva.o)
                              C:/MaximSDK/Libraries/PeriphDrivers/bin/MAX78000/softfp/libPeriphDriver_softfp.a(flc_me17.o) (MXC_FLC_RevA_Busy)
C:/MaximSDK/Libraries/PeriphDrivers/bin/MAX78000/softfp/libPeriphDriver_softfp.a(gpio_ai85.o)
                              C:/Users/thinkpad/Documents/GitHub/GroundSight/GroundSight/camera-demo/build/led.o (MXC_GPIO_Config)
C:/MaximSDK/Libraries/PeriphDrivers/bin/MAX78000/softfp/libPeriphDriver_softfp.a(gpio_reva.o)
                              C:/MaximSDK/Libraries/PeriphDrivers/bin/MAX78000/softfp/libPeriphDriver_softfp.a(gpio_ai85.o) (MXC_GPIO_RevA_InGet)
C:/MaximSDK/Libraries/PeriphDrivers/bin/MAX78000/softfp/libPeriphDriver_softfp.a(i2c_me17.o)
                              C:/Users/thinkpad/Documents/GitHub/GroundSight/GroundSight/camera-demo/build/max20303.o (MXC_I2C_Init)
C:/MaximSDK/Libraries/PeriphDrivers/bin/MAX78000/softfp/libPeriphDriver_softfp.a(i2c_reva.o)
                              C:/MaximSDK/Libraries/PeriphDrivers/bin/MAX78000/softfp/libPeriphDriver_softfp.a(i2c_me17.o) (MXC_I2C_RevA_DMACallback)
C:/MaximSDK/Libraries/PeriphDrivers/bin/MAX78000/softfp/libPeriphDriver_softfp.a(icc_me17.o)
                              C:/Users/thinkpad/Documents/GitHub/GroundSight/GroundSight/camera-demo/build/main.o (MXC_ICC_Enable)
C:/MaximSDK/Libraries/PeriphDrivers/bin/MAX78000/softfp/libPeriphDriver_softfp.a(icc_reva.o)
                              C:/MaximSDK/Libraries/PeriphDrivers/bin/MAX78000/softfp/libPeriphDriver_softfp.a(icc_me17.o) (MXC_ICC_RevA_ID)
C:/MaximSDK/Libraries/PeriphDrivers/bin/MAX78000/softfp/libPeriphDriver_softfp.a(pt_me17.o)
                              C:/Users/thinkpad/Documents/GitHub/GroundSight/GroundSight/camera-demo/build/camera.o (MXC_PT_Init)
C:/MaximSDK/Libraries/PeriphDrivers/bin/MAX78000/softfp/libPeriphDriver_softfp.a(pt_reva.o)
                              C:/MaximSDK/Libraries/PeriphDrivers/bin/MAX78000/softfp/libPeriphDriver_softfp.a(pt_me17.o) (MXC_PT_RevA_Init)
C:/MaximSDK/Libraries/PeriphDrivers/bin/MAX78000/softfp/libPeriphDriver_softfp.a(spi_me17.o)
                              C:/Users/thinkpad/Documents/GitHub/GroundSight/GroundSight/camera-demo/build/tft_ili9341.o (MXC_SPI_Init)
C:/MaximSDK/Libraries/PeriphDrivers/bin/MAX78000/softfp/libPeriphDriver_softfp.a(spi_reva.o)
                              C:/MaximSDK/Libraries/PeriphDrivers/bin/MAX78000/softfp/libPeriphDriver_softfp.a(spi_me17.o) (MXC_SPI_RevA_Init)
C:/MaximSDK/Libraries/PeriphDrivers/bin/MAX78000/softfp/libPeriphDriver_softfp.a(uart_ai85.o)
                              C:/Users/thinkpad/Documents/GitHub/GroundSight/GroundSight/camera-demo/build/board.o (MXC_UART_Shutdown)
[...]
Memory Configuration

Name             Origin             Length             Attributes
ROM              0x00000000         0x00010000         xr
FLASH            0x10000000         0x00080000         xr
SRAM             0x20000000         0x00020000         xrw
*default*        0x00000000         0xffffffff

Linker script and memory map

LOAD c:/maximsdk/tools/gnutools/10.3/bin/../lib/gcc/arm-none-eabi/10.3.1/thumb/v7e-m+fp/softfp/crti.o
LOAD c:/maximsdk/tools/gnutools/10.3/bin/../lib/gcc/arm-none-eabi/10.3.1/thumb/v7e-m+fp/softfp/crtbegin.o
LOAD c:/maximsdk/tools/gnutools/10.3/bin/../lib/gcc/arm-none-eabi/10.3.1/../../../../arm-none-eabi/lib/thumb/v7e-m+fp/softfp/crt0.o
LOAD C:/Users/thinkpad/Documents/GitHub/GroundSight/GroundSight/camera-demo/build/main.o
LOAD C:/Users/thinkpad/Documents/GitHub/GroundSight/GroundSight/camera-demo/build/board.o
LOAD C:/Users/thinkpad/Documents/GitHub/GroundSight/GroundSight/camera-demo/build/stdio.o
LOAD C:/Users/thinkpad/Documents/GitHub/GroundSight/GroundSight/camera-demo/build/led.o
LOAD C:/Users/thinkpad/Documents/GitHub/GroundSight/GroundSight/camera-demo/build/pb.o
LOAD C:/Users/thinkpad/Documents/GitHub/GroundSight/GroundSight/camera-demo/build/tft_ili9341.o
LOAD C:/Users/thinkpad/Documents/GitHub/GroundSight/GroundSight/camera-demo/build/camera.o
LOAD C:/Users/thinkpad/Documents/GitHub/GroundSight/GroundSight/camera-demo/build/ov7692.o
LOAD C:/Users/thinkpad/Documents/GitHub/GroundSight/GroundSight/camera-demo/build/sccb.o
LOAD C:/Users/thinkpad/Documents/GitHub/GroundSight/GroundSight/camera-demo/build/max20303.o
LOAD C:/Users/thinkpad/Documents/GitHub/GroundSight/GroundSight/camera-demo/build/startup_max78000.o
LOAD C:/Users/thinkpad/Documents/GitHub/GroundSight/GroundSight/camera-demo/build/heap.o
LOAD C:/Users/thinkpad/Documents/GitHub/GroundSight/GroundSight/camera-demo/build/system_max78000.o
START GROUP
LOAD C:/MaximSDK/Libraries/PeriphDrivers/bin/MAX78000/softfp/libPeriphDriver_softfp.a
LOAD c:/maximsdk/tools/gnutools/10.3/bin/../lib/gcc/arm-none-eabi/10.3.1/../../../../arm-none-eabi/lib/thumb/v7e-m+fp/softfp\libc.a
LOAD c:/maximsdk/tools/gnutools/10.3/bin/../lib/gcc/arm-none-eabi/10.3.1/../../../../arm-none-eabi/lib/thumb/v7e-m+fp/softfp\libm.a
LOAD c:/maximsdk/tools/gnutools/10.3/bin/../lib/gcc/arm-none-eabi/10.3.1/../../../../arm-none-eabi/lib/thumb/v7e-m+fp/softfp\libnosys.a
END GROUP
START GROUP
LOAD c:/maximsdk/tools/gnutools/10.3/bin/../lib/gcc/arm-none-eabi/10.3.1/thumb/v7e-m+fp/softfp\libgcc.a
LOAD c:/maximsdk/tools/gnutools/10.3/bin/../lib/gcc/arm-none-eabi/10.3.1/../../../../arm-none-eabi/lib/thumb/v7e-m+fp/softfp\libc.a
END GROUP
LOAD c:/maximsdk/tools/gnutools/10.3/bin/../lib/gcc/arm-none-eabi/10.3.1/thumb/v7e-m+fp/softfp/crtend.o
LOAD c:/maximsdk/tools/gnutools/10.3/bin/../lib/gcc/arm-none-eabi/10.3.1/thumb/v7e-m+fp/softfp/crtn.o

.rom
 *(.rom_vector)
 *(.rom_handlers*)

.text           0x10000000     0xcb3c
                0x10000000                _text = .
 *(.isr_vector)
 .isr_vector    0x10000000      0x1e0 C:/Users/thinkpad/Documents/GitHub/GroundSight/GroundSight/camera-demo/build/startup_max78000.o
                0x10000000                __isr_vector
 *(.text*)
 .text          0x100001e0       0x40 c:/maximsdk/tools/gnutools/10.3/bin/../lib/gcc/arm-none-eabi/10.3.1/thumb/v7e-m+fp/softfp/crtbegin.o
 .text.D1_LED   0x10000220       0x50 C:/Users/thinkpad/Documents/GitHub/GroundSight/GroundSight/camera-demo/build/main.o
                0x10000220                D1_LED
 .text.D2_LED   0x10000270       0x5c C:/Users/thinkpad/Documents/GitHub/GroundSight/GroundSight/camera-demo/build/main.o
                0x10000270                D2_LED
 .text.capture_process_camera
                0x100002cc       0x5c C:/Users/thinkpad/Documents/GitHub/GroundSight/GroundSight/camera-demo/build/main.o
                0x100002cc                capture_process_camera
 .text.startup.main
                0x10000328       0xc8 C:/Users/thinkpad/Documents/GitHub/GroundSight/GroundSight/camera-demo/build/main.o
                0x10000328                main
 .text.mxc_assert
                0x100003f0       0x10 C:/Users/thinkpad/Documents/GitHub/GroundSight/GroundSight/camera-demo/build/board.o
                0x100003f0                mxc_assert
 .text.Board_Init
                0x10000400       0x6c C:/Users/thinkpad/Documents/GitHub/GroundSight/GroundSight/camera-demo/build/board.o
                0x10000400                Board_Init
 .text.NMI_Handler
                0x1000046c        0x4 C:/Users/thinkpad/Documents/GitHub/GroundSight/GroundSight/camera-demo/build/board.o
                0x1000046c                NMI_Handler
 .text.Camera_Power
                0x10000470       0x1c C:/Users/thinkpad/Documents/GitHub/GroundSight/GroundSight/camera-demo/build/board.o
                0x10000470                Camera_Power
 .text._close   0x1000048c        0x8 C:/Users/thinkpad/Documents/GitHub/GroundSight/GroundSight/camera-demo/build/stdio.o
                0x1000048c                _close
 .text._isatty  0x10000494        0x8 C:/Users/thinkpad/Documents/GitHub/GroundSight/GroundSight/camera-demo/build/stdio.o
                0x10000494                _isatty
 .text._lseek   0x1000049c        0x8 C:/Users/thinkpad/Documents/GitHub/GroundSight/GroundSight/camera-demo/build/stdio.o
                0x1000049c                _lseek
 .text._fstat   0x100004a4        0x8 C:/Users/thinkpad/Documents/GitHub/GroundSight/GroundSight/camera-demo/build/stdio.o
                0x100004a4                _fstat
 .text._read    0x100004ac       0x50 C:/Users/thinkpad/Documents/GitHub/GroundSight/GroundSight/camera-demo/build/stdio.o
                0x100004ac                _read
 .text._write   0x100004fc       0x54 C:/Users/thinkpad/Documents/GitHub/GroundSight/GroundSight/camera-demo/build/stdio.o
                0x100004fc                _write
 .text.LED_Init
                0x10000550       0x40 C:/Users/thinkpad/Documents/GitHub/GroundSight/GroundSight/camera-demo/build/led.o
                0x10000550                LED_Init
 .text.LED_On   0x10000590       0x40 C:/Users/thinkpad/Documents/GitHub/GroundSight/GroundSight/camera-demo/build/led.o
                0x10000590                LED_On
 .text.LED_Off  0x100005d0       0x40 C:/Users/thinkpad/Documents/GitHub/GroundSight/GroundSight/camera-demo/build/led.o
                0x100005d0                LED_Off
 .text.PB_Init  0x10000610       0x38 C:/Users/thinkpad/Documents/GitHub/GroundSight/GroundSight/camera-demo/build/pb.o
                0x10000610                PB_Init
 .text.GPIO0_IRQHandler
                0x10000648        0x8 C:/Users/thinkpad/Documents/GitHub/GroundSight/GroundSight/camera-demo/build/pb.o
                0x10000648                GPIO0_IRQHandler
 .text.GPIO1_IRQHandler
                0x10000650        0x8 C:/Users/thinkpad/Documents/GitHub/GroundSight/GroundSight/camera-demo/build/pb.o
                0x10000650                GPIO1_IRQHandler
 .text.GPIO2_IRQHandler
                0x10000658        0x8 C:/Users/thinkpad/Documents/GitHub/GroundSight/GroundSight/camera-demo/build/pb.o
                0x10000658                GPIO2_IRQHandler
 .text.PB_Get   0x10000660       0x44 C:/Users/thinkpad/Documents/GitHub/GroundSight/GroundSight/camera-demo/build/pb.o
                0x10000660                PB_Get
 .text.camera_irq_handler
                0x100006a4      0x13c C:/Users/thinkpad/Documents/GitHub/GroundSight/GroundSight/camera-demo/build/camera.o
                0x100006a4                camera_irq_handler
 .text.stream_callback
                0x100007e0       0xbc C:/Users/thinkpad/Documents/GitHub/GroundSight/GroundSight/camera-demo/build/camera.o
 .text.setup_dma
                0x1000089c       0x90 C:/Users/thinkpad/Documents/GitHub/GroundSight/GroundSight/camera-demo/build/camera.o
 .text.stream_irq_handler
                0x1000092c        0x4 C:/Users/thinkpad/Documents/GitHub/GroundSight/GroundSight/camera-demo/build/camera.o
                0x1000092c                stream_irq_handler
 .text.camera_init
                0x10000930      0x138 C:/Users/thinkpad/Documents/GitHub/GroundSight/GroundSight/camera-demo/build/camera.o
                0x10000930                camera_init
 .text.camera_setup
                0x10000a68      0x1d8 C:/Users/thinkpad/Documents/GitHub/GroundSight/GroundSight/camera-demo/build/camera.o
                0x10000a68                camera_setup
 .text.camera_write_reg
                0x10000c40        0xc C:/Users/thinkpad/Documents/GitHub/GroundSight/GroundSight/camera-demo/build/camera.o
                0x10000c40                camera_write_reg
 .text.camera_start_capture_image
                0x10000c4c       0x3c C:/Users/thinkpad/Documents/GitHub/GroundSight/GroundSight/camera-demo/build/camera.o
                0x10000c4c                camera_start_capture_image
 .text.camera_is_image_rcv
                0x10000c88       0x10 C:/Users/thinkpad/Documents/GitHub/GroundSight/GroundSight/camera-demo/build/camera.o
                0x10000c88                camera_is_image_rcv
 .text.camera_get_image
                0x10000c98       0x3c C:/Users/thinkpad/Documents/GitHub/GroundSight/GroundSight/camera-demo/build/camera.o
                0x10000c98                camera_get_image
 .text.get_camera_stream_buffer
                0x10000cd4        0xc C:/Users/thinkpad/Documents/GitHub/GroundSight/GroundSight/camera-demo/build/camera.o
                0x10000cd4                get_camera_stream_buffer
 .text.release_camera_stream_buffer
                0x10000ce0        0xc C:/Users/thinkpad/Documents/GitHub/GroundSight/GroundSight/camera-demo/build/camera.o
                0x10000ce0                release_camera_stream_buffer
 .text.get_camera_stream_statistic
                0x10000cec        0x8 C:/Users/thinkpad/Documents/GitHub/GroundSight/GroundSight/camera-demo/build/camera.o
                0x10000cec                get_camera_stream_statistic
 .text.camera_set_contrast
                0x10000cf4        0xc C:/Users/thinkpad/Documents/GitHub/GroundSight/GroundSight/camera-demo/build/camera.o
                0x10000cf4                camera_set_contrast
 .text.camera_set_brightness
                0x10000d00        0xc C:/Users/thinkpad/Documents/GitHub/GroundSight/GroundSight/camera-demo/build/camera.o
                0x10000d00                camera_set_brightness
 .text.init     0x10000d0c       0x10 C:/Users/thinkpad/Documents/GitHub/GroundSight/GroundSight/camera-demo/build/ov7692.o
 .text.get_slave_address
                0x10000d1c        0xc C:/Users/thinkpad/Documents/GitHub/GroundSight/GroundSight/camera-demo/build/ov7692.o
 .text.get_pixformat
                0x10000d28       0x10 C:/Users/thinkpad/Documents/GitHub/GroundSight/GroundSight/camera-demo/build/ov7692.o
 .text.set_saturation
                0x10000d38        0x4 C:/Users/thinkpad/Documents/GitHub/GroundSight/GroundSight/camera-demo/build/ov7692.o
 .text.get_luminance
                0x10000d3c       0x60 C:/Users/thinkpad/Documents/GitHub/GroundSight/GroundSight/camera-demo/build/ov7692.o
 .text.read_reg
                0x10000d9c       0x20 C:/Users/thinkpad/Documents/GitHub/GroundSight/GroundSight/camera-demo/build/ov7692.o
 .text.get_manufacture_id
                0x10000dbc       0x3c C:/Users/thinkpad/Documents/GitHub/GroundSight/GroundSight/camera-demo/build/ov7692.o
 .text.get_product_id
                0x10000df8       0x3c C:/Users/thinkpad/Documents/GitHub/GroundSight/GroundSight/camera-demo/build/ov7692.o
 .text.set_negateimage
                0x10000e34       0x90 C:/Users/thinkpad/Documents/GitHub/GroundSight/GroundSight/camera-demo/build/ov7692.o
 .text.set_vflip
                0x10000ec4       0x3c C:/Users/thinkpad/Documents/GitHub/GroundSight/GroundSight/camera-demo/build/ov7692.o
 .text.set_hmirror
                0x10000f00       0x3c C:/Users/thinkpad/Documents/GitHub/GroundSight/GroundSight/camera-demo/build/ov7692.o
 .text.set_colorbar
                0x10000f3c       0x3c C:/Users/thinkpad/Documents/GitHub/GroundSight/GroundSight/camera-demo/build/ov7692.o
 .text.set_gainceiling
                0x10000f78       0xa0 C:/Users/thinkpad/Documents/GitHub/GroundSight/GroundSight/camera-demo/build/ov7692.o
 .text.set_brightness
                0x10001018       0xa8 C:/Users/thinkpad/Documents/GitHub/GroundSight/GroundSight/camera-demo/build/ov7692.o
 .text.set_contrast
                0x100010c0       0xa0 C:/Users/thinkpad/Documents/GitHub/GroundSight/GroundSight/camera-demo/build/ov7692.o
 .text.set_windowing
                0x10001160      0x120 C:/Users/thinkpad/Documents/GitHub/GroundSight/GroundSight/camera-demo/build/ov7692.o
 .text.set_framesize
                0x10001280       0xc0 C:/Users/thinkpad/Documents/GitHub/GroundSight/GroundSight/camera-demo/build/ov7692.o
 .text.set_pixformat
                0x10001340       0x54 C:/Users/thinkpad/Documents/GitHub/GroundSight/GroundSight/camera-demo/build/ov7692.o
 .text.write_reg
                0x10001394       0x18 C:/Users/thinkpad/Documents/GitHub/GroundSight/GroundSight/camera-demo/build/ov7692.o
 .text.sleep    0x100013ac       0x3c C:/Users/thinkpad/Documents/GitHub/GroundSight/GroundSight/camera-demo/build/ov7692.o
 .text.reset    0x100013e8       0x64 C:/Users/thinkpad/Documents/GitHub/GroundSight/GroundSight/camera-demo/build/ov7692.o
 .text.dump_registers
                0x1000144c       0xa4 C:/Users/thinkpad/Documents/GitHub/GroundSight/GroundSight/camera-demo/build/ov7692.o
 .text.sensor_register
                0x100014f0       0xbc C:/Users/thinkpad/Documents/GitHub/GroundSight/GroundSight/camera-demo/build/ov7692.o
                0x100014f0                sensor_register
 .text.send_byte
                0x100015ac       0x68 C:/Users/thinkpad/Documents/GitHub/GroundSight/GroundSight/camera-demo/build/sccb.o
 .text.get_byte
                0x10001614       0x50 C:/Users/thinkpad/Documents/GitHub/GroundSight/GroundSight/camera-demo/build/sccb.o
 .text.sccb_init
                0x10001664       0x2c C:/Users/thinkpad/Documents/GitHub/GroundSight/GroundSight/camera-demo/build/sccb.o
                0x10001664                sccb_init
 .text.sccb_read_byt
                0x10001690      0x11c C:/Users/thinkpad/Documents/GitHub/GroundSight/GroundSight/camera-demo/build/sccb.o
                0x10001690                sccb_read_byt
 .text.sccb_write_byt
                0x100017ac       0xa4 C:/Users/thinkpad/Documents/GitHub/GroundSight/GroundSight/camera-demo/build/sccb.o
                0x100017ac                sccb_write_byt
 .text.reg_read
                0x10001850       0x78 C:/Users/thinkpad/Documents/GitHub/GroundSight/GroundSight/camera-demo/build/max20303.o
 .text.reg_write
                0x100018c8       0x60 C:/Users/thinkpad/Documents/GitHub/GroundSight/GroundSight/camera-demo/build/max20303.o
 .text.reg_write_buf.constprop.0
                0x10001928       0x70 C:/Users/thinkpad/Documents/GitHub/GroundSight/GroundSight/camera-demo/build/max20303.o
 .text.max20303_camera_power
                0x10001998       0x68 C:/Users/thinkpad/Documents/GitHub/GroundSight/GroundSight/camera-demo/build/max20303.o
                0x10001998                max20303_camera_power
 .text.max20303_init
                0x10001a00       0x68 C:/Users/thinkpad/Documents/GitHub/GroundSight/GroundSight/camera-demo/build/max20303.o
                0x10001a00                max20303_init
 .text          0x10001a68      0x148 C:/Users/thinkpad/Documents/GitHub/GroundSight/GroundSight/camera-demo/build/startup_max78000.o
                0x10001a68                Reset_Handler
                0x10001aa6                HardFault_Handler
                0x10001aa8                MemManage_Handler
                0x10001aaa                BusFault_Handler
                0x10001aac                UsageFault_Handler
                0x10001aae                SVC_Handler
                0x10001ab0                DebugMon_Handler
                0x10001ab2                PendSV_Handler
                0x10001ab4                SysTick_Handler
                0x10001ab6                Default_Handler
                0x10001ab8                PF_IRQHandler
                0x10001aba                WDT0_IRQHandler
                0x10001abc                RSV02_IRQHandler
                0x10001abe                RTC_IRQHandler
                0x10001ac0                TRNG_IRQHandler
                0x10001ac2                TMR0_IRQHandler
                0x10001ac4                TMR1_IRQHandler
                0x10001ac6                TMR2_IRQHandler
                0x10001ac8                TMR3_IRQHandler
                0x10001aca                TMR4_IRQHandler
                0x10001acc                TMR5_IRQHandler
                0x10001ace                RSV11_IRQHandler
                0x10001ad0                RSV12_IRQHandler
                0x10001ad2                I2C0_IRQHandler
                0x10001ad4                UART0_IRQHandler
                0x10001ad6                UART1_IRQHandler
                0x10001ad8                SPI1_IRQHandler
                0x10001ada                RSV17_IRQHandler
                0x10001adc                RSV18_IRQHandler
                0x10001ade                RSV19_IRQHandler
                0x10001ae0                ADC_IRQHandler
                0x10001ae2                RSV21_IRQHandler
                0x10001ae4                RSV22_IRQHandler
                0x10001ae6                FLC0_IRQHandler
                0x10001aee                RSV27_IRQHandler
                0x10001af0                DMA0_IRQHandler
                0x10001af2                DMA1_IRQHandler
                0x10001af4                DMA2_IRQHandler
                0x10001af6                DMA3_IRQHandler
                0x10001af8                RSV32_IRQHandler
                0x10001afa                RSV33_IRQHandler
                0x10001afc                UART2_IRQHandler
                0x10001afe                RSV35_IRQHandler
                0x10001b00                I2C1_IRQHandler
                0x10001b02                RSV37_IRQHandler
                0x10001b04                RSV38_IRQHandler
                0x10001b06                RSV39_IRQHandler
                0x10001b08                RSV40_IRQHandler
                0x10001b0a                RSV41_IRQHandler
                0x10001b0c                RSV42_IRQHandler
                0x10001b0e                RSV43_IRQHandler
                0x10001b10                RSV44_IRQHandler
                0x10001b12                RSV45_IRQHandler
                0x10001b14                RSV46_IRQHandler
                0x10001b16                RSV47_IRQHandler
                0x10001b18                RSV48_IRQHandler
                0x10001b1a                RSV49_IRQHandler
                0x10001b1c                RSV50_IRQHandler
                0x10001b1e                RSV51_IRQHandler
                0x10001b20                RSV52_IRQHandler
                0x10001b22                WUT_IRQHandler
                0x10001b24                GPIOWAKE_IRQHandler
                0x10001b26                RSV55_IRQHandler
                0x10001b28                SPI0_IRQHandler
                0x10001b2a                WDT1_IRQHandler
                0x10001b2c                RSV58_IRQHandler
                0x10001b2e                PT_IRQHandler
                0x10001b30                RSV60_IRQHandler
                0x10001b32                RSV61_IRQHandler
                0x10001b34                I2C2_IRQHandler
                0x10001b36                RISCV_IRQHandler
                0x10001b38                RSV64_IRQHandler
                0x10001b3a                RSV65_IRQHandler
                0x10001b3c                RSV66_IRQHandler
                0x10001b3e                OWM_IRQHandler
                0x10001b40                RSV68_IRQHandler
                0x10001b42                RSV69_IRQHandler
                0x10001b44                RSV70_IRQHandler
                0x10001b46                RSV71_IRQHandler
                0x10001b48                RSV72_IRQHandler
                0x10001b4a                RSV73_IRQHandler
                0x10001b4c                RSV74_IRQHandler
                0x10001b4e                RSV75_IRQHandler
                0x10001b50                RSV76_IRQHandler
                0x10001b52                RSV77_IRQHandler
                0x10001b54                RSV78_IRQHandler
                0x10001b56                RSV79_IRQHandler
                0x10001b58                RSV80_IRQHandler
                0x10001b5a                RSV81_IRQHandler
                0x10001b5c                ECC_IRQHandler
                0x10001b5e                DVS_IRQHandler
                0x10001b60                SIMO_IRQHandler
                0x10001b62                RSV85_IRQHandler
                0x10001b64                RSV86_IRQHandler
                0x10001b66                RSV87_IRQHandler
                0x10001b68                UART3_IRQHandler
                0x10001b6a                RSV89_IRQHandler
                0x10001b6c                RSV90_IRQHandler
                0x10001b6e                PCIF_IRQHandler
                0x10001b70                RSV92_IRQHandler
                0x10001b72                RSV93_IRQHandler
                0x10001b74                RSV94_IRQHandler
                0x10001b76                RSV95_IRQHandler
                0x10001b78                RSV96_IRQHandler
                0x10001b7a                AES_IRQHandler
                0x10001b7c                RSV98_IRQHandler
                0x10001b7e                I2S_IRQHandler
                0x10001b80                CNN_FIFO_IRQHandler
                0x10001b82                CNN_IRQHandler
                0x10001b84                RSV102_IRQHandler
                0x10001b86                LPCMP_IRQHandler
 .text._sbrk    0x10001bb0       0x3c C:/Users/thinkpad/Documents/GitHub/GroundSight/GroundSight/camera-demo/build/heap.o
                0x10001bb0                _sbrk
 .text.SystemCoreClockUpdate
                0x10001bec       0x68 C:/Users/thinkpad/Documents/GitHub/GroundSight/GroundSight/camera-demo/build/system_max78000.o
                0x10001bec                SystemCoreClockUpdate
 .text.PreInit  0x10001c54        0x4 C:/Users/thinkpad/Documents/GitHub/GroundSight/GroundSight/camera-demo/build/system_max78000.o
                0x10001c54                PreInit
 .text.SystemInit
                0x10001c58       0x38 C:/Users/thinkpad/Documents/GitHub/GroundSight/GroundSight/camera-demo/build/system_max78000.o
                0x10001c58                SystemInit
 .text.MXC_DelayInit
                0x10001c90       0x7c C:/MaximSDK/Libraries/PeriphDrivers/bin/MAX78000/softfp/libPeriphDriver_softfp.a(mxc_delay.o)
 .text.MXC_DelayAsync
                0x10001d0c       0x3c C:/MaximSDK/Libraries/PeriphDrivers/bin/MAX78000/softfp/libPeriphDriver_softfp.a(mxc_delay.o)
                0x10001d0c                MXC_DelayAsync
 .text.MXC_DelayAbort
                0x10001d48       0x34 C:/MaximSDK/Libraries/PeriphDrivers/bin/MAX78000/softfp/libPeriphDriver_softfp.a(mxc_delay.o)
                0x10001d48                MXC_DelayAbort
 .text.MXC_DelayCheck
                0x10001d7c       0x58 C:/MaximSDK/Libraries/PeriphDrivers/bin/MAX78000/softfp/libPeriphDriver_softfp.a(mxc_delay.o)
                0x10001d7c                MXC_DelayCheck
 .text.MXC_Delay
                0x10001dd4       0x50 C:/MaximSDK/Libraries/PeriphDrivers/bin/MAX78000/softfp/libPeriphDriver_softfp.a(mxc_delay.o)
                0x10001dd4                MXC_Delay
 .text.MXC_SYS_IsClockEnabled
                0x10001e24       0x34 C:/MaximSDK/Libraries/PeriphDrivers/bin/MAX78000/softfp/libPeriphDriver_softfp.a(sys_ai85.o)
                0x10001e24                MXC_SYS_IsClockEnabled
 .text.MXC_SYS_ClockDisable
                0x10001e58       0x44 C:/MaximSDK/Libraries/PeriphDrivers/bin/MAX78000/softfp/libPeriphDriver_softfp.a(sys_ai85.o)
                0x10001e58                MXC_SYS_ClockDisable
 .text.MXC_SYS_ClockEnable
                0x10001e9c       0x4c C:/MaximSDK/Libraries/PeriphDrivers/bin/MAX78000/softfp/libPeriphDriver_softfp.a(sys_ai85.o)
                0x10001e9c                MXC_SYS_ClockEnable
 .text.MXC_SYS_Clock_Timeout
                0x10001ee8       0x2e C:/MaximSDK/Libraries/PeriphDrivers/bin/MAX78000/softfp/libPeriphDriver_softfp.a(sys_ai85.o)
                0x10001ee8                MXC_SYS_Clock_Timeout
 .text.MXC_SYS_ClockSourceEnable
                0x10001f16       0x6c C:/MaximSDK/Libraries/PeriphDrivers/bin/MAX78000/softfp/libPeriphDriver_softfp.a(sys_ai85.o)
                0x10001f16                MXC_SYS_ClockSourceEnable
 .text.MXC_SYS_Clock_Select
                0x10001f82      0x106 C:/MaximSDK/Libraries/PeriphDrivers/bin/MAX78000/softfp/libPeriphDriver_softfp.a(sys_ai85.o)
                0x10001f82                MXC_SYS_Clock_Select
 .text.MXC_SYS_Reset_Periph
                0x10002088       0x4c C:/MaximSDK/Libraries/PeriphDrivers/bin/MAX78000/softfp/libPeriphDriver_softfp.a(sys_ai85.o)
                0x10002088                MXC_SYS_Reset_Periph
 .text.NVIC_SetRAM
                0x100020d4       0x24 C:/MaximSDK/Libraries/PeriphDrivers/bin/MAX78000/softfp/libPeriphDriver_softfp.a(nvic_table.o)
                0x100020d4                NVIC_SetRAM
 .text.NVIC_SetVector
                0x100020f8       0x3c C:/MaximSDK/Libraries/PeriphDrivers/bin/MAX78000/softfp/libPeriphDriver_softfp.a(nvic_table.o)
                0x100020f8                NVIC_SetVector
 .text.MXC_PCIF_Init
                0x10002134       0x68 C:/MaximSDK/Libraries/PeriphDrivers/bin/MAX78000/softfp/libPeriphDriver_softfp.a(cameraif_ai85.o)
                0x10002134                MXC_PCIF_Init
 .text.MXC_PCIF_SetDataWidth
                0x1000219c        0xc C:/MaximSDK/Libraries/PeriphDrivers/bin/MAX78000/softfp/libPeriphDriver_softfp.a(cameraif_ai85.o)
                0x1000219c                MXC_PCIF_SetDataWidth
 .text.MXC_PCIF_SetTimingSel
                0x100021a8        0xc C:/MaximSDK/Libraries/PeriphDrivers/bin/MAX78000/softfp/libPeriphDriver_softfp.a(cameraif_ai85.o)
                0x100021a8                MXC_PCIF_SetTimingSel
 .text.MXC_PCIF_SetThreshold
                0x100021b4        0xc C:/MaximSDK/Libraries/PeriphDrivers/bin/MAX78000/softfp/libPeriphDriver_softfp.a(cameraif_ai85.o)
                0x100021b4                MXC_PCIF_SetThreshold
 .text.MXC_PCIF_EnableInt
                0x100021c0        0xc C:/MaximSDK/Libraries/PeriphDrivers/bin/MAX78000/softfp/libPeriphDriver_softfp.a(cameraif_ai85.o)
                0x100021c0                MXC_PCIF_EnableInt
 .text.MXC_PCIF_DisableInt
                0x100021cc        0xc C:/MaximSDK/Libraries/PeriphDrivers/bin/MAX78000/softfp/libPeriphDriver_softfp.a(cameraif_ai85.o)
                0x100021cc                MXC_PCIF_DisableInt
 .text.MXC_PCIF_Start
                0x100021d8        0xc C:/MaximSDK/Libraries/PeriphDrivers/bin/MAX78000/softfp/libPeriphDriver_softfp.a(cameraif_ai85.o)
                0x100021d8                MXC_PCIF_Start
 .text.MXC_PCIF_RevA_SetDatawidth
                0x100021e4       0x12 C:/MaximSDK/Libraries/PeriphDrivers/bin/MAX78000/softfp/libPeriphDriver_softfp.a(cameraif_reva.o)
                0x100021e4                MXC_PCIF_RevA_SetDatawidth
 .text.MXC_PCIF_RevA_SetTimingSel
                0x100021f6       0x12 C:/MaximSDK/Libraries/PeriphDrivers/bin/MAX78000/softfp/libPeriphDriver_softfp.a(cameraif_reva.o)
                0x100021f6                MXC_PCIF_RevA_SetTimingSel
 .text.MXC_PCIF_RevA_SetThreshold
                0x10002208       0x16 C:/MaximSDK/Libraries/PeriphDrivers/bin/MAX78000/softfp/libPeriphDriver_softfp.a(cameraif_reva.o)
                0x10002208                MXC_PCIF_RevA_SetThreshold
 .text.MXC_PCIF_RevA_EnableInt
                0x1000221e        0xc C:/MaximSDK/Libraries/PeriphDrivers/bin/MAX78000/softfp/libPeriphDriver_softfp.a(cameraif_reva.o)
                0x1000221e                MXC_PCIF_RevA_EnableInt
 .text.MXC_PCIF_RevA_DisableInt
                0x1000222a        0xe C:/MaximSDK/Libraries/PeriphDrivers/bin/MAX78000/softfp/libPeriphDriver_softfp.a(cameraif_reva.o)
                0x1000222a                MXC_PCIF_RevA_DisableInt
 .text.MXC_PCIF_RevA_Start
                0x10002238       0x14 C:/MaximSDK/Libraries/PeriphDrivers/bin/MAX78000/softfp/libPeriphDriver_softfp.a(cameraif_reva.o)
                0x10002238                MXC_PCIF_RevA_Start
 .text.MXC_DMA_Init
                0x1000224c       0x28 C:/MaximSDK/Libraries/PeriphDrivers/bin/MAX78000/softfp/libPeriphDriver_softfp.a(dma_me17.o)
                0x1000224c                MXC_DMA_Init
 .text.MXC_DMA_AcquireChannel
                0x10002274        0xc C:/MaximSDK/Libraries/PeriphDrivers/bin/MAX78000/softfp/libPeriphDriver_softfp.a(dma_me17.o)
                0x10002274                MXC_DMA_AcquireChannel
 .text.MXC_DMA_SetCallback
                0x10002280        0x4 C:/MaximSDK/Libraries/PeriphDrivers/bin/MAX78000/softfp/libPeriphDriver_softfp.a(dma_me17.o)
                0x10002280                MXC_DMA_SetCallback
 .text.MXC_DMA_ChannelClearFlags
                0x10002284        0x4 C:/MaximSDK/Libraries/PeriphDrivers/bin/MAX78000/softfp/libPeriphDriver_softfp.a(dma_me17.o)
                0x10002284                MXC_DMA_ChannelClearFlags
 .text.MXC_DMA_Handler
                0x10002288        0xc C:/MaximSDK/Libraries/PeriphDrivers/bin/MAX78000/softfp/libPeriphDriver_softfp.a(dma_me17.o)
                0x10002288                MXC_DMA_Handler
 .text.MXC_DMA_RevA_Init
                0x10002294       0x8c C:/MaximSDK/Libraries/PeriphDrivers/bin/MAX78000/softfp/libPeriphDriver_softfp.a(dma_reva.o)
                0x10002294                MXC_DMA_RevA_Init
 .text.MXC_DMA_RevA_AcquireChannel
                0x10002320       0x6c C:/MaximSDK/Libraries/PeriphDrivers/bin/MAX78000/softfp/libPeriphDriver_softfp.a(dma_reva.o)
                0x10002320                MXC_DMA_RevA_AcquireChannel
 .text.MXC_DMA_RevA_SetCallback
                0x1000238c       0x20 C:/MaximSDK/Libraries/PeriphDrivers/bin/MAX78000/softfp/libPeriphDriver_softfp.a(dma_reva.o)
                0x1000238c                MXC_DMA_RevA_SetCallback
 .text.MXC_DMA_RevA_ChannelGetFlags
                0x100023ac       0x20 C:/MaximSDK/Libraries/PeriphDrivers/bin/MAX78000/softfp/libPeriphDriver_softfp.a(dma_reva.o)
                0x100023ac                MXC_DMA_RevA_ChannelGetFlags
 .text.MXC_DMA_RevA_ChannelClearFlags
                0x100023cc       0x2c C:/MaximSDK/Libraries/PeriphDrivers/bin/MAX78000/softfp/libPeriphDriver_softfp.a(dma_reva.o)
                0x100023cc                MXC_DMA_RevA_ChannelClearFlags
 .text.MXC_DMA_RevA_Handler
                0x100023f8       0x64 C:/MaximSDK/Libraries/PeriphDrivers/bin/MAX78000/softfp/libPeriphDriver_softfp.a(dma_reva.o)
                0x100023f8                MXC_DMA_RevA_Handler
 .text.MXC_GPIO_Init
                0x1000245c       0x22 C:/MaximSDK/Libraries/PeriphDrivers/bin/MAX78000/softfp/libPeriphDriver_softfp.a(gpio_ai85.o)
                0x1000245c                MXC_GPIO_Init
 *fill*         0x1000247e        0x2 
 .text.MXC_GPIO_Config
                0x10002480      0x1e4 C:/MaximSDK/Libraries/PeriphDrivers/bin/MAX78000/softfp/libPeriphDriver_softfp.a(gpio_ai85.o)
                0x10002480                MXC_GPIO_Config
 .text.MXC_GPIO_InGet
                0x10002664       0x30 C:/MaximSDK/Libraries/PeriphDrivers/bin/MAX78000/softfp/libPeriphDriver_softfp.a(gpio_ai85.o)
                0x10002664                MXC_GPIO_InGet
 .text.MXC_GPIO_OutSet
                0x10002694       0x34 C:/MaximSDK/Libraries/PeriphDrivers/bin/MAX78000/softfp/libPeriphDriver_softfp.a(gpio_ai85.o)
                0x10002694                MXC_GPIO_OutSet
 .text.MXC_GPIO_OutClr
                0x100026c8       0x34 C:/MaximSDK/Libraries/PeriphDrivers/bin/MAX78000/softfp/libPeriphDriver_softfp.a(gpio_ai85.o)
                0x100026c8                MXC_GPIO_OutClr
 .text.MXC_GPIO_Handler
                0x100026fc        0x4 C:/MaximSDK/Libraries/PeriphDrivers/bin/MAX78000/softfp/libPeriphDriver_softfp.a(gpio_ai85.o)
                0x100026fc                MXC_GPIO_Handler
 .text.MXC_GPIO_ClearFlags
                0x10002700        0x4 C:/MaximSDK/Libraries/PeriphDrivers/bin/MAX78000/softfp/libPeriphDriver_softfp.a(gpio_ai85.o)
                0x10002700                MXC_GPIO_ClearFlags
 .text.MXC_GPIO_GetFlags
                0x10002704        0x4 C:/MaximSDK/Libraries/PeriphDrivers/bin/MAX78000/softfp/libPeriphDriver_softfp.a(gpio_ai85.o)
                0x10002704                MXC_GPIO_GetFlags
 .text.MXC_GPIO_SetVSSEL
                0x10002708        0x4 C:/MaximSDK/Libraries/PeriphDrivers/bin/MAX78000/softfp/libPeriphDriver_softfp.a(gpio_ai85.o)
                0x10002708                MXC_GPIO_SetVSSEL
 .text.MXC_GPIO_RevA_InGet
                0x1000270c        0x6 C:/MaximSDK/Libraries/PeriphDrivers/bin/MAX78000/softfp/libPeriphDriver_softfp.a(gpio_reva.o)
                0x1000270c                MXC_GPIO_RevA_InGet
 .text.MXC_GPIO_RevA_OutSet
                0x10002712        0x4 C:/MaximSDK/Libraries/PeriphDrivers/bin/MAX78000/softfp/libPeriphDriver_softfp.a(gpio_reva.o)
                0x10002712                MXC_GPIO_RevA_OutSet
 .text.MXC_GPIO_RevA_OutClr
                0x10002716        0x4 C:/MaximSDK/Libraries/PeriphDrivers/bin/MAX78000/softfp/libPeriphDriver_softfp.a(gpio_reva.o)
                0x10002716                MXC_GPIO_RevA_OutClr
 .text.MXC_GPIO_RevA_ClearFlags
                0x1000271a        0x4 C:/MaximSDK/Libraries/PeriphDrivers/bin/MAX78000/softfp/libPeriphDriver_softfp.a(gpio_reva.o)
                0x1000271a                MXC_GPIO_RevA_ClearFlags
 .text.MXC_GPIO_RevA_GetFlags
                0x1000271e        0x4 C:/MaximSDK/Libraries/PeriphDrivers/bin/MAX78000/softfp/libPeriphDriver_softfp.a(gpio_reva.o)
                0x1000271e                MXC_GPIO_RevA_GetFlags
 .text.MXC_GPIO_RevA_SetVSSEL
                0x10002722       0x24 C:/MaximSDK/Libraries/PeriphDrivers/bin/MAX78000/softfp/libPeriphDriver_softfp.a(gpio_reva.o)
                0x10002722                MXC_GPIO_RevA_SetVSSEL
 .text.MXC_GPIO_RevA_SetAF
                0x10002746       0x44 C:/MaximSDK/Libraries/PeriphDrivers/bin/MAX78000/softfp/libPeriphDriver_softfp.a(gpio_reva.o)
                0x10002746                MXC_GPIO_RevA_SetAF
 .text.MXC_I2C_SetSlaveAddr
                0x1000278a        0x4 C:/MaximSDK/Libraries/PeriphDrivers/bin/MAX78000/softfp/libPeriphDriver_softfp.a(i2c_me17.o)
                0x1000278a                MXC_I2C_SetSlaveAddr
 *fill*         0x1000278e        0x2 
 .text.MXC_I2C_Shutdown
                0x10002790       0x4c C:/MaximSDK/Libraries/PeriphDrivers/bin/MAX78000/softfp/libPeriphDriver_softfp.a(i2c_me17.o)
                0x10002790                MXC_I2C_Shutdown
 .text.MXC_I2C_Init
                0x100027dc       0x74 C:/MaximSDK/Libraries/PeriphDrivers/bin/MAX78000/softfp/libPeriphDriver_softfp.a(i2c_me17.o)
                0x100027dc                MXC_I2C_Init
 .text.MXC_I2C_SetFrequency
                0x10002850       0x14 C:/MaximSDK/Libraries/PeriphDrivers/bin/MAX78000/softfp/libPeriphDriver_softfp.a(i2c_me17.o)
                0x10002850                MXC_I2C_SetFrequency
 .text.MXC_I2C_GetFrequency
                0x10002864        0x4 C:/MaximSDK/Libraries/PeriphDrivers/bin/MAX78000/softfp/libPeriphDriver_softfp.a(i2c_me17.o)
                0x10002864                MXC_I2C_GetFrequency
 .text.MXC_I2C_Start
                0x10002868        0x4 C:/MaximSDK/Libraries/PeriphDrivers/bin/MAX78000/softfp/libPeriphDriver_softfp.a(i2c_me17.o)
                0x10002868                MXC_I2C_Start
 .text.MXC_I2C_Stop
                0x1000286c        0x4 C:/MaximSDK/Libraries/PeriphDrivers/bin/MAX78000/softfp/libPeriphDriver_softfp.a(i2c_me17.o)
                0x1000286c                MXC_I2C_Stop
 .text.MXC_I2C_ReadRXFIFO
                0x10002870        0x4 C:/MaximSDK/Libraries/PeriphDrivers/bin/MAX78000/softfp/libPeriphDriver_softfp.a(i2c_me17.o)
                0x10002870                MXC_I2C_ReadRXFIFO
 .text.MXC_I2C_WriteTXFIFO
                0x10002874        0x4 C:/MaximSDK/Libraries/PeriphDrivers/bin/MAX78000/softfp/libPeriphDriver_softfp.a(i2c_me17.o)
                0x10002874                MXC_I2C_WriteTXFIFO
 .text.MXC_I2C_ClearRXFIFO
                0x10002878        0x4 C:/MaximSDK/Libraries/PeriphDrivers/bin/MAX78000/softfp/libPeriphDriver_softfp.a(i2c_me17.o)
                0x10002878                MXC_I2C_ClearRXFIFO
 .text.MXC_I2C_ClearTXFIFO
                0x1000287c        0x4 C:/MaximSDK/Libraries/PeriphDrivers/bin/MAX78000/softfp/libPeriphDriver_softfp.a(i2c_me17.o)
                0x1000287c                MXC_I2C_ClearTXFIFO
 .text.MXC_I2C_ClearFlags
                0x10002880        0x4 C:/MaximSDK/Libraries/PeriphDrivers/bin/MAX78000/softfp/libPeriphDriver_softfp.a(i2c_me17.o)
                0x10002880                MXC_I2C_ClearFlags
 .text.MXC_I2C_Recover
                0x10002884        0x4 C:/MaximSDK/Libraries/PeriphDrivers/bin/MAX78000/softfp/libPeriphDriver_softfp.a(i2c_me17.o)
                0x10002884                MXC_I2C_Recover
 .text.MXC_I2C_MasterTransaction
                0x10002888        0x4 C:/MaximSDK/Libraries/PeriphDrivers/bin/MAX78000/softfp/libPeriphDriver_softfp.a(i2c_me17.o)
                0x10002888                MXC_I2C_MasterTransaction
 .text.MXC_I2C_SetRXThreshold
                0x1000288c        0x4 C:/MaximSDK/Libraries/PeriphDrivers/bin/MAX78000/softfp/libPeriphDriver_softfp.a(i2c_me17.o)
                0x1000288c                MXC_I2C_SetRXThreshold
 .text.MXC_I2C_SetTXThreshold
                0x10002890        0x4 C:/MaximSDK/Libraries/PeriphDrivers/bin/MAX78000/softfp/libPeriphDriver_softfp.a(i2c_me17.o)
                0x10002890                MXC_I2C_SetTXThreshold
 .text.MXC_I2C_RevA_Init
                0x10002894       0xc0 C:/MaximSDK/Libraries/PeriphDrivers/bin/MAX78000/softfp/libPeriphDriver_softfp.a(i2c_reva.o)
                0x10002894                MXC_I2C_RevA_Init
 .text.MXC_I2C_RevA_SetSlaveAddr
                0x10002954       0x34 C:/MaximSDK/Libraries/PeriphDrivers/bin/MAX78000/softfp/libPeriphDriver_softfp.a(i2c_reva.o)
                0x10002954                MXC_I2C_RevA_SetSlaveAddr
 .text.MXC_I2C_RevA_SetFrequency
                0x10002988       0x6c C:/MaximSDK/Libraries/PeriphDrivers/bin/MAX78000/softfp/libPeriphDriver_softfp.a(i2c_reva.o)
                0x10002988                MXC_I2C_RevA_SetFrequency
 .text.MXC_I2C_RevA_GetFrequency
                0x100029f4       0x20 C:/MaximSDK/Libraries/PeriphDrivers/bin/MAX78000/softfp/libPeriphDriver_softfp.a(i2c_reva.o)
                0x100029f4                MXC_I2C_RevA_GetFrequency
 .text.MXC_I2C_RevA_Start
                0x10002a14       0x26 C:/MaximSDK/Libraries/PeriphDrivers/bin/MAX78000/softfp/libPeriphDriver_softfp.a(i2c_reva.o)
                0x10002a14                MXC_I2C_RevA_Start
 .text.MXC_I2C_RevA_Stop
                0x10002a3a       0x1c C:/MaximSDK/Libraries/PeriphDrivers/bin/MAX78000/softfp/libPeriphDriver_softfp.a(i2c_reva.o)
                0x10002a3a                MXC_I2C_RevA_Stop
 .text.MXC_I2C_RevA_ReadRXFIFO
                0x10002a56       0x26 C:/MaximSDK/Libraries/PeriphDrivers/bin/MAX78000/softfp/libPeriphDriver_softfp.a(i2c_reva.o)
                0x10002a56                MXC_I2C_RevA_ReadRXFIFO
 .text.MXC_I2C_RevA_WriteTXFIFO
                0x10002a7c       0x26 C:/MaximSDK/Libraries/PeriphDrivers/bin/MAX78000/softfp/libPeriphDriver_softfp.a(i2c_reva.o)
                0x10002a7c                MXC_I2C_RevA_WriteTXFIFO
 .text.MXC_I2C_RevA_ClearRXFIFO
                0x10002aa2       0x10 C:/MaximSDK/Libraries/PeriphDrivers/bin/MAX78000/softfp/libPeriphDriver_softfp.a(i2c_reva.o)
                0x10002aa2                MXC_I2C_RevA_ClearRXFIFO
 .text.MXC_I2C_RevA_ClearTXFIFO
                0x10002ab2       0x10 C:/MaximSDK/Libraries/PeriphDrivers/bin/MAX78000/softfp/libPeriphDriver_softfp.a(i2c_reva.o)
                0x10002ab2                MXC_I2C_RevA_ClearTXFIFO
 .text.MXC_I2C_RevA_ClearFlags
                0x10002ac2        0x6 C:/MaximSDK/Libraries/PeriphDrivers/bin/MAX78000/softfp/libPeriphDriver_softfp.a(i2c_reva.o)
                0x10002ac2                MXC_I2C_RevA_ClearFlags
 .text.MXC_I2C_RevA_Recover
                0x10002ac8       0xc6 C:/MaximSDK/Libraries/PeriphDrivers/bin/MAX78000/softfp/libPeriphDriver_softfp.a(i2c_reva.o)
                0x10002ac8                MXC_I2C_RevA_Recover
 *fill*         0x10002b8e        0x2 
 .text.MXC_I2C_RevA_MasterTransaction
                0x10002b90      0x178 C:/MaximSDK/Libraries/PeriphDrivers/bin/MAX78000/softfp/libPeriphDriver_softfp.a(i2c_reva.o)
                0x10002b90                MXC_I2C_RevA_MasterTransaction
 .text.MXC_I2C_RevA_SetRXThreshold
                0x10002d08       0x1e C:/MaximSDK/Libraries/PeriphDrivers/bin/MAX78000/softfp/libPeriphDriver_softfp.a(i2c_reva.o)
                0x10002d08                MXC_I2C_RevA_SetRXThreshold
 .text.MXC_I2C_RevA_SetTXThreshold
                0x10002d26       0x20 C:/MaximSDK/Libraries/PeriphDrivers/bin/MAX78000/softfp/libPeriphDriver_softfp.a(i2c_reva.o)
                0x10002d26                MXC_I2C_RevA_SetTXThreshold
 .text.MXC_ICC_Enable
                0x10002d46        0x4 C:/MaximSDK/Libraries/PeriphDrivers/bin/MAX78000/softfp/libPeriphDriver_softfp.a(icc_me17.o)
                0x10002d46                MXC_ICC_Enable
 .text.MXC_ICC_RevA_Enable
                0x10002d4a       0x30 C:/MaximSDK/Libraries/PeriphDrivers/bin/MAX78000/softfp/libPeriphDriver_softfp.a(icc_reva.o)
                0x10002d4a                MXC_ICC_RevA_Enable
 *fill*         0x10002d7a        0x2 
 .text.MXC_PT_Init
                0x10002d7c       0x90 C:/MaximSDK/Libraries/PeriphDrivers/bin/MAX78000/softfp/libPeriphDriver_softfp.a(pt_me17.o)
                0x10002d7c                MXC_PT_Init
 .text.MXC_PT_Config
                0x10002e0c       0x4c C:/MaximSDK/Libraries/PeriphDrivers/bin/MAX78000/softfp/libPeriphDriver_softfp.a(pt_me17.o)
                0x10002e0c                MXC_PT_Config
 .text.MXC_PT_SqrWaveConfig
                0x10002e58       0x20 C:/MaximSDK/Libraries/PeriphDrivers/bin/MAX78000/softfp/libPeriphDriver_softfp.a(pt_me17.o)
                0x10002e58                MXC_PT_SqrWaveConfig
 .text.MXC_PT_Start
                0x10002e78        0xc C:/MaximSDK/Libraries/PeriphDrivers/bin/MAX78000/softfp/libPeriphDriver_softfp.a(pt_me17.o)
                0x10002e78                MXC_PT_Start
 .text.MXC_PT_IsActive
                0x10002e84        0xc C:/MaximSDK/Libraries/PeriphDrivers/bin/MAX78000/softfp/libPeriphDriver_softfp.a(pt_me17.o)
                0x10002e84                MXC_PT_IsActive
 .text.MXC_PT_RevA_Init
                0x10002e90        0xa C:/MaximSDK/Libraries/PeriphDrivers/bin/MAX78000/softfp/libPeriphDriver_softfp.a(pt_reva.o)
                0x10002e90                MXC_PT_RevA_Init
 *fill*         0x10002e9a        0x2 
 .text.MXC_PT_RevA_Config
                0x10002e9c       0xbc C:/MaximSDK/Libraries/PeriphDrivers/bin/MAX78000/softfp/libPeriphDriver_softfp.a(pt_reva.o)
                0x10002e9c                MXC_PT_RevA_Config
 .text.MXC_PT_RevA_SqrWaveConfig
                0x10002f58       0x14 C:/MaximSDK/Libraries/PeriphDrivers/bin/MAX78000/softfp/libPeriphDriver_softfp.a(pt_reva.o)
                0x10002f58                MXC_PT_RevA_SqrWaveConfig
 .text.MXC_PT_RevA_Start
                0x10002f6c       0x10 C:/MaximSDK/Libraries/PeriphDrivers/bin/MAX78000/softfp/libPeriphDriver_softfp.a(pt_reva.o)
                0x10002f6c                MXC_PT_RevA_Start
 .text.MXC_PT_RevA_IsActive
                0x10002f7c        0xc C:/MaximSDK/Libraries/PeriphDrivers/bin/MAX78000/softfp/libPeriphDriver_softfp.a(pt_reva.o)
                0x10002f7c                MXC_PT_RevA_IsActive
 .text.MXC_UART_GetFrequency.part.0
                0x10002f88       0x54 C:/MaximSDK/Libraries/PeriphDrivers/bin/MAX78000/softfp/libPeriphDriver_softfp.a(uart_ai85.o)
 .text.MXC_UART_Shutdown
                0x10002fdc       0x60 C:/MaximSDK/Libraries/PeriphDrivers/bin/MAX78000/softfp/libPeriphDriver_softfp.a(uart_ai85.o)
                0x10002fdc                MXC_UART_Shutdown
 .text.MXC_UART_Init
                0x1000303c       0x98 C:/MaximSDK/Libraries/PeriphDrivers/bin/MAX78000/softfp/libPeriphDriver_softfp.a(uart_ai85.o)
                0x1000303c                MXC_UART_Init
 .text.MXC_UART_SetFrequency
                0x100030d4       0xb8 C:/MaximSDK/Libraries/PeriphDrivers/bin/MAX78000/softfp/libPeriphDriver_softfp.a(uart_ai85.o)
                0x100030d4                MXC_UART_SetFrequency
 .text.MXC_UART_GetFrequency
                0x1000318c       0x30 C:/MaximSDK/Libraries/PeriphDrivers/bin/MAX78000/softfp/libPeriphDriver_softfp.a(uart_ai85.o)
                0x1000318c                MXC_UART_GetFrequency
 .text.MXC_UART_SetDataSize
                0x100031bc        0x4 C:/MaximSDK/Libraries/PeriphDrivers/bin/MAX78000/softfp/libPeriphDriver_softfp.a(uart_ai85.o)
                0x100031bc                MXC_UART_SetDataSize
 .text.MXC_UART_SetStopBits
                0x100031c0        0x4 C:/MaximSDK/Libraries/PeriphDrivers/bin/MAX78000/softfp/libPeriphDriver_softfp.a(uart_ai85.o)
                0x100031c0                MXC_UART_SetStopBits
 .text.MXC_UART_SetParity
                0x100031c4        0x4 C:/MaximSDK/Libraries/PeriphDrivers/bin/MAX78000/softfp/libPeriphDriver_softfp.a(uart_ai85.o)
                0x100031c4                MXC_UART_SetParity
 .text.MXC_UART_ReadCharacterRaw
                0x100031c8        0x4 C:/MaximSDK/Libraries/PeriphDrivers/bin/MAX78000/softfp/libPeriphDriver_softfp.a(uart_ai85.o)
                0x100031c8                MXC_UART_ReadCharacterRaw
 .text.MXC_UART_WriteCharacterRaw
                0x100031cc        0x4 C:/MaximSDK/Libraries/PeriphDrivers/bin/MAX78000/softfp/libPeriphDriver_softfp.a(uart_ai85.o)
                0x100031cc                MXC_UART_WriteCharacterRaw
 .text.MXC_UART_ReadCharacter
                0x100031d0        0x4 C:/MaximSDK/Libraries/PeriphDrivers/bin/MAX78000/softfp/libPeriphDriver_softfp.a(uart_ai85.o)
                0x100031d0                MXC_UART_ReadCharacter
 .text.MXC_UART_WriteCharacter
                0x100031d4        0x4 C:/MaximSDK/Libraries/PeriphDrivers/bin/MAX78000/softfp/libPeriphDriver_softfp.a(uart_ai85.o)
                0x100031d4                MXC_UART_WriteCharacter
 .text.MXC_UART_GetRXFIFOAvailable
                0x100031d8        0x4 C:/MaximSDK/Libraries/PeriphDrivers/bin/MAX78000/softfp/libPeriphDriver_softfp.a(uart_ai85.o)
                0x100031d8                MXC_UART_GetRXFIFOAvailable
 .text.MXC_UART_GetTXFIFOAvailable
                0x100031dc        0x4 C:/MaximSDK/Libraries/PeriphDrivers/bin/MAX78000/softfp/libPeriphDriver_softfp.a(uart_ai85.o)
                0x100031dc                MXC_UART_GetTXFIFOAvailable
 .text.MXC_UART_SetRXThreshold
                0x100031e0        0x4 C:/MaximSDK/Libraries/PeriphDrivers/bin/MAX78000/softfp/libPeriphDriver_softfp.a(uart_ai85.o)
                0x100031e0                MXC_UART_SetRXThreshold
 .text.MXC_UART_Common_ReadCharacter
                0x100031e4       0x18 C:/MaximSDK/Libraries/PeriphDrivers/bin/MAX78000/softfp/libPeriphDriver_softfp.a(uart_common.o)
                0x100031e4                MXC_UART_Common_ReadCharacter
 .text.MXC_UART_Common_WriteCharacter
                0x100031fc       0x1e C:/MaximSDK/Libraries/PeriphDrivers/bin/MAX78000/softfp/libPeriphDriver_softfp.a(uart_common.o)
                0x100031fc                MXC_UART_Common_WriteCharacter
 *fill*         0x1000321a        0x2 
 .text.MXC_UART_RevB_Init
                0x1000321c       0x68 C:/MaximSDK/Libraries/PeriphDrivers/bin/MAX78000/softfp/libPeriphDriver_softfp.a(uart_revb.o)
                0x1000321c                MXC_UART_RevB_Init
 .text.MXC_UART_RevB_SetFrequency
                0x10003284       0x88 C:/MaximSDK/Libraries/PeriphDrivers/bin/MAX78000/softfp/libPeriphDriver_softfp.a(uart_revb.o)
                0x10003284                MXC_UART_RevB_SetFrequency
 .text.MXC_UART_RevB_GetFrequency
                0x1000330c       0x68 C:/MaximSDK/Libraries/PeriphDrivers/bin/MAX78000/softfp/libPeriphDriver_softfp.a(uart_revb.o)
                0x1000330c                MXC_UART_RevB_GetFrequency
 .text.MXC_UART_RevB_SetDataSize
                0x10003374       0x40 C:/MaximSDK/Libraries/PeriphDrivers/bin/MAX78000/softfp/libPeriphDriver_softfp.a(uart_revb.o)
                0x10003374                MXC_UART_RevB_SetDataSize
 .text.MXC_UART_RevB_SetStopBits
                0x100033b4       0x44 C:/MaximSDK/Libraries/PeriphDrivers/bin/MAX78000/softfp/libPeriphDriver_softfp.a(uart_revb.o)
                0x100033b4                MXC_UART_RevB_SetStopBits
 .text.MXC_UART_RevB_SetParity
                0x100033f8       0x94 C:/MaximSDK/Libraries/PeriphDrivers/bin/MAX78000/softfp/libPeriphDriver_softfp.a(uart_revb.o)
                0x100033f8                MXC_UART_RevB_SetParity
 .text.MXC_UART_RevB_ReadCharacterRaw
                0x1000348c       0x38 C:/MaximSDK/Libraries/PeriphDrivers/bin/MAX78000/softfp/libPeriphDriver_softfp.a(uart_revb.o)
                0x1000348c                MXC_UART_RevB_ReadCharacterRaw
 .text.MXC_UART_RevB_WriteCharacterRaw
                0x100034c4       0x3c C:/MaximSDK/Libraries/PeriphDrivers/bin/MAX78000/softfp/libPeriphDriver_softfp.a(uart_revb.o)
                0x100034c4                MXC_UART_RevB_WriteCharacterRaw
 .text.MXC_UART_RevB_GetRXFIFOAvailable
                0x10003500        0x8 C:/MaximSDK/Libraries/PeriphDrivers/bin/MAX78000/softfp/libPeriphDriver_softfp.a(uart_revb.o)
                0x10003500                MXC_UART_RevB_GetRXFIFOAvailable
 .text.MXC_UART_RevB_GetTXFIFOAvailable
                0x10003508        0xc C:/MaximSDK/Libraries/PeriphDrivers/bin/MAX78000/softfp/libPeriphDriver_softfp.a(uart_revb.o)
                0x10003508                MXC_UART_RevB_GetTXFIFOAvailable
 .text.MXC_UART_RevB_SetRXThreshold
                0x10003514       0x3c C:/MaximSDK/Libraries/PeriphDrivers/bin/MAX78000/softfp/libPeriphDriver_softfp.a(uart_revb.o)
                0x10003514                MXC_UART_RevB_SetRXThreshold
 .text.MXC_GetLock
                0x10003550       0x1c C:/MaximSDK/Libraries/PeriphDrivers/bin/MAX78000/softfp/libPeriphDriver_softfp.a(mxc_lock.o)
                0x10003550                MXC_GetLock
 .text.MXC_FreeLock
                0x1000356c        0xa C:/MaximSDK/Libraries/PeriphDrivers/bin/MAX78000/softfp/libPeriphDriver_softfp.a(mxc_lock.o)
                0x1000356c                MXC_FreeLock
 *fill*         0x10003576        0x2 
 .text.MXC_GPIO_Common_Init
                0x10003578       0x24 C:/MaximSDK/Libraries/PeriphDrivers/bin/MAX78000/softfp/libPeriphDriver_softfp.a(gpio_common.o)
                0x10003578                MXC_GPIO_Common_Init
 .text.MXC_GPIO_Common_Handler
                0x1000359c       0x84 C:/MaximSDK/Libraries/PeriphDrivers/bin/MAX78000/softfp/libPeriphDriver_softfp.a(gpio_common.o)
                0x1000359c                MXC_GPIO_Common_Handler
 .text.__errno  0x10003620        0xc c:/maximsdk/tools/gnutools/10.3/bin/../lib/gcc/arm-none-eabi/10.3.1/../../../../arm-none-eabi/lib/thumb/v7e-m+fp/softfp\libc.a(lib_a-errno.o)
                0x10003620                __errno
 .text.__libc_init_array
                0x1000362c       0x48 c:/maximsdk/tools/gnutools/10.3/bin/../lib/gcc/arm-none-eabi/10.3.1/../../../../arm-none-eabi/lib/thumb/v7e-m+fp/softfp\libc.a(lib_a-init.o)
                0x1000362c                __libc_init_array
 .text.malloc   0x10003674       0x10 c:/maximsdk/tools/gnutools/10.3/bin/../lib/gcc/arm-none-eabi/10.3.1/../../../../arm-none-eabi/lib/thumb/v7e-m+fp/softfp\libc.a(lib_a-malloc.o)
                0x10003674                malloc
 .text.free     0x10003684       0x10 c:/maximsdk/tools/gnutools/10.3/bin/../lib/gcc/arm-none-eabi/10.3.1/../../../../arm-none-eabi/lib/thumb/v7e-m+fp/softfp\libc.a(lib_a-malloc.o)
                0x10003684                free
 .text._malloc_r
                0x10003694      0x560 c:/maximsdk/tools/gnutools/10.3/bin/../lib/gcc/arm-none-eabi/10.3.1/../../../../arm-none-eabi/lib/thumb/v7e-m+fp/softfp\libc.a(lib_a-mallocr.o)
                0x10003694                _malloc_r
 .text          0x10003bf4      0x134 c:/maximsdk/tools/gnutools/10.3/bin/../lib/gcc/arm-none-eabi/10.3.1/../../../../arm-none-eabi/lib/thumb/v7e-m+fp/softfp\libc.a(lib_a-memcpy.o)
                0x10003bf4                memcpy
 .text.memset   0x10003d28       0xa4 c:/maximsdk/tools/gnutools/10.3/bin/../lib/gcc/arm-none-eabi/10.3.1/../../../../arm-none-eabi/lib/thumb/v7e-m+fp/softfp\libc.a(lib_a-memset.o)
                0x10003d28                memset
 .text.__malloc_lock
                0x10003dcc        0xc c:/maximsdk/tools/gnutools/10.3/bin/../lib/gcc/arm-none-eabi/10.3.1/../../../../arm-none-eabi/lib/thumb/v7e-m+fp/softfp\libc.a(lib_a-mlock.o)
                0x10003dcc                __malloc_lock
 .text.__malloc_unlock
                0x10003dd8        0xc c:/maximsdk/tools/gnutools/10.3/bin/../lib/gcc/arm-none-eabi/10.3.1/../../../../arm-none-eabi/lib/thumb/v7e-m+fp/softfp\libc.a(lib_a-mlock.o)
                0x10003dd8                __malloc_unlock
 .text.printf   0x10003de4       0x28 c:/maximsdk/tools/gnutools/10.3/bin/../lib/gcc/arm-none-eabi/10.3.1/../../../../arm-none-eabi/lib/thumb/v7e-m+fp/softfp\libc.a(lib_a-printf.o)
                0x10003de4                printf
 .text._puts_r  0x10003e0c       0x9c c:/maximsdk/tools/gnutools/10.3/bin/../lib/gcc/arm-none-eabi/10.3.1/../../../../arm-none-eabi/lib/thumb/v7e-m+fp/softfp\libc.a(lib_a-puts.o)
                0x10003e0c                _puts_r
 .text.puts     0x10003ea8       0x10 c:/maximsdk/tools/gnutools/10.3/bin/../lib/gcc/arm-none-eabi/10.3.1/../../../../arm-none-eabi/lib/thumb/v7e-m+fp/softfp\libc.a(lib_a-puts.o)
                0x10003ea8                puts
 .text._sbrk_r  0x10003eb8       0x24 c:/maximsdk/tools/gnutools/10.3/bin/../lib/gcc/arm-none-eabi/10.3.1/../../../../arm-none-eabi/lib/thumb/v7e-m+fp/softfp\libc.a(lib_a-sbrkr.o)
                0x10003eb8                _sbrk_r
 .text.sprintf  0x10003edc       0x40 c:/maximsdk/tools/gnutools/10.3/bin/../lib/gcc/arm-none-eabi/10.3.1/../../../../arm-none-eabi/lib/thumb/v7e-m+fp/softfp\libc.a(lib_a-sprintf.o)
                0x10003edc                sprintf
 *fill*         0x10003f1c       0x24 
 .text          0x10003f40       0xdc c:/maximsdk/tools/gnutools/10.3/bin/../lib/gcc/arm-none-eabi/10.3.1/../../../../arm-none-eabi/lib/thumb/v7e-m+fp/softfp\libc.a(lib_a-strlen.o)
                0x10003f40                strlen
 *fill*         0x1000401c        0x4 
 .text._svfprintf_r
                0x10004020     0x1ac8 c:/maximsdk/tools/gnutools/10.3/bin/../lib/gcc/arm-none-eabi/10.3.1/../../../../arm-none-eabi/lib/thumb/v7e-m+fp/softfp\libc.a(lib_a-svfprintf.o)
                0x10004020                _svfprintf_r
 .text._vfprintf_r
                0x10005ae8     0x1b8c c:/maximsdk/tools/gnutools/10.3/bin/../lib/gcc/arm-none-eabi/10.3.1/../../../../arm-none-eabi/lib/thumb/v7e-m+fp/softfp\libc.a(lib_a-vfprintf.o)
                0x10005ae8                _vfprintf_r
 .text.__sbprintf
                0x10007674       0x80 c:/maximsdk/tools/gnutools/10.3/bin/../lib/gcc/arm-none-eabi/10.3.1/../../../../arm-none-eabi/lib/thumb/v7e-m+fp/softfp\libc.a(lib_a-vfprintf.o)
 .text.__swsetup_r
                0x100076f4       0xd4 c:/maximsdk/tools/gnutools/10.3/bin/../lib/gcc/arm-none-eabi/10.3.1/../../../../arm-none-eabi/lib/thumb/v7e-m+fp/softfp\libc.a(lib_a-wsetup.o)
                0x100076f4                __swsetup_r
 .text.startup.register_fini
                0x100077c8       0x14 c:/maximsdk/tools/gnutools/10.3/bin/../lib/gcc/arm-none-eabi/10.3.1/../../../../arm-none-eabi/lib/thumb/v7e-m+fp/softfp\libc.a(lib_a-__call_atexit.o)
 .text.atexit   0x100077dc        0xc c:/maximsdk/tools/gnutools/10.3/bin/../lib/gcc/arm-none-eabi/10.3.1/../../../../arm-none-eabi/lib/thumb/v7e-m+fp/softfp\libc.a(lib_a-atexit.o)
                0x100077dc                atexit
 .text.quorem   0x100077e8      0x128 c:/maximsdk/tools/gnutools/10.3/bin/../lib/gcc/arm-none-eabi/10.3.1/../../../../arm-none-eabi/lib/thumb/v7e-m+fp/softfp\libc.a(lib_a-dtoa.o)
 .text._dtoa_r  0x10007910      0xf34 c:/maximsdk/tools/gnutools/10.3/bin/../lib/gcc/arm-none-eabi/10.3.1/../../../../arm-none-eabi/lib/thumb/v7e-m+fp/softfp\libc.a(lib_a-dtoa.o)
                0x10007910                _dtoa_r
 .text.__sflush_r
                0x10008844      0x130 c:/maximsdk/tools/gnutools/10.3/bin/../lib/gcc/arm-none-eabi/10.3.1/../../../../arm-none-eabi/lib/thumb/v7e-m+fp/softfp\libc.a(lib_a-fflush.o)
                0x10008844                __sflush_r
 .text._fflush_r
                0x10008974       0x5c c:/maximsdk/tools/gnutools/10.3/bin/../lib/gcc/arm-none-eabi/10.3.1/../../../../arm-none-eabi/lib/thumb/v7e-m+fp/softfp\libc.a(lib_a-fflush.o)
                0x10008974                _fflush_r
 .text._cleanup_r
                0x100089d0        0xc c:/maximsdk/tools/gnutools/10.3/bin/../lib/gcc/arm-none-eabi/10.3.1/../../../../arm-none-eabi/lib/thumb/v7e-m+fp/softfp\libc.a(lib_a-findfp.o)
                0x100089d0                _cleanup_r
 .text.__sinit  0x100089dc      0x10c c:/maximsdk/tools/gnutools/10.3/bin/../lib/gcc/arm-none-eabi/10.3.1/../../../../arm-none-eabi/lib/thumb/v7e-m+fp/softfp\libc.a(lib_a-findfp.o)
                0x100089dc                __sinit
 .text.__sfp_lock_acquire
                0x10008ae8        0xc c:/maximsdk/tools/gnutools/10.3/bin/../lib/gcc/arm-none-eabi/10.3.1/../../../../arm-none-eabi/lib/thumb/v7e-m+fp/softfp\libc.a(lib_a-findfp.o)
                0x10008ae8                __sfp_lock_acquire
 .text.__sfp_lock_release
                0x10008af4        0xc c:/maximsdk/tools/gnutools/10.3/bin/../lib/gcc/arm-none-eabi/10.3.1/../../../../arm-none-eabi/lib/thumb/v7e-m+fp/softfp\libc.a(lib_a-findfp.o)
                0x10008af4                __sfp_lock_release
 .text.__libc_fini_array
                0x10008b00       0x2c c:/maximsdk/tools/gnutools/10.3/bin/../lib/gcc/arm-none-eabi/10.3.1/../../../../arm-none-eabi/lib/thumb/v7e-m+fp/softfp\libc.a(lib_a-fini.o)
                0x10008b00                __libc_fini_array
 .text._malloc_trim_r
                0x10008b2c       0xa0 c:/maximsdk/tools/gnutools/10.3/bin/../lib/gcc/arm-none-eabi/10.3.1/../../../../arm-none-eabi/lib/thumb/v7e-m+fp/softfp\libc.a(lib_a-freer.o)
                0x10008b2c                _malloc_trim_r
 .text._free_r  0x10008bcc      0x20c c:/maximsdk/tools/gnutools/10.3/bin/../lib/gcc/arm-none-eabi/10.3.1/../../../../arm-none-eabi/lib/thumb/v7e-m+fp/softfp\libc.a(lib_a-freer.o)
                0x10008bcc                _free_r
 .text.__sfvwrite_r
                0x10008dd8      0x2f0 c:/maximsdk/tools/gnutools/10.3/bin/../lib/gcc/arm-none-eabi/10.3.1/../../../../arm-none-eabi/lib/thumb/v7e-m+fp/softfp\libc.a(lib_a-fvwrite.o)
                0x10008dd8                __sfvwrite_r
 .text._fwalk_reent
                0x100090c8       0x48 c:/maximsdk/tools/gnutools/10.3/bin/../lib/gcc/arm-none-eabi/10.3.1/../../../../arm-none-eabi/lib/thumb/v7e-m+fp/softfp\libc.a(lib_a-fwalk.o)
                0x100090c8                _fwalk_reent
 .text._localeconv_r
                0x10009110        0x8 c:/maximsdk/tools/gnutools/10.3/bin/../lib/gcc/arm-none-eabi/10.3.1/../../../../arm-none-eabi/lib/thumb/v7e-m+fp/softfp\libc.a(lib_a-localeconv.o)
                0x10009110                _localeconv_r
 .text.__retarget_lock_init_recursive
                0x10009118        0x4 c:/maximsdk/tools/gnutools/10.3/bin/../lib/gcc/arm-none-eabi/10.3.1/../../../../arm-none-eabi/lib/thumb/v7e-m+fp/softfp\libc.a(lib_a-lock.o)
                0x10009118                __retarget_lock_init_recursive
 .text.__retarget_lock_close_recursive
                0x1000911c        0x4 c:/maximsdk/tools/gnutools/10.3/bin/../lib/gcc/arm-none-eabi/10.3.1/../../../../arm-none-eabi/lib/thumb/v7e-m+fp/softfp\libc.a(lib_a-lock.o)
                0x1000911c                __retarget_lock_close_recursive
 .text.__retarget_lock_acquire_recursive
                0x10009120        0x4 c:/maximsdk/tools/gnutools/10.3/bin/../lib/gcc/arm-none-eabi/10.3.1/../../../../arm-none-eabi/lib/thumb/v7e-m+fp/softfp\libc.a(lib_a-lock.o)
                0x10009120                __retarget_lock_acquire_recursive
 .text.__retarget_lock_release_recursive
                0x10009124        0x4 c:/maximsdk/tools/gnutools/10.3/bin/../lib/gcc/arm-none-eabi/10.3.1/../../../../arm-none-eabi/lib/thumb/v7e-m+fp/softfp\libc.a(lib_a-lock.o)
                0x10009124                __retarget_lock_release_recursive
 .text.__smakebuf_r
                0x10009128       0xe0 c:/maximsdk/tools/gnutools/10.3/bin/../lib/gcc/arm-none-eabi/10.3.1/../../../../arm-none-eabi/lib/thumb/v7e-m+fp/softfp\libc.a(lib_a-makebuf.o)
                0x10009128                __smakebuf_r
 *fill*         0x10009208        0x8 
 .text          0x10009210       0xa0 c:/maximsdk/tools/gnutools/10.3/bin/../lib/gcc/arm-none-eabi/10.3.1/../../../../arm-none-eabi/lib/thumb/v7e-m+fp/softfp\libc.a(lib_a-memchr.o)
                0x10009210                memchr
 .text.memmove  0x100092b0       0xf8 c:/maximsdk/tools/gnutools/10.3/bin/../lib/gcc/arm-none-eabi/10.3.1/../../../../arm-none-eabi/lib/thumb/v7e-m+fp/softfp\libc.a(lib_a-memmove.o)
                0x100092b0                memmove
 .text._Balloc  0x100093a8       0x4c c:/maximsdk/tools/gnutools/10.3/bin/../lib/gcc/arm-none-eabi/10.3.1/../../../../arm-none-eabi/lib/thumb/v7e-m+fp/softfp\libc.a(lib_a-mprec.o)
                0x100093a8                _Balloc
 .text._Bfree   0x100093f4       0x14 c:/maximsdk/tools/gnutools/10.3/bin/../lib/gcc/arm-none-eabi/10.3.1/../../../../arm-none-eabi/lib/thumb/v7e-m+fp/softfp\libc.a(lib_a-mprec.o)
                0x100093f4                _Bfree
 .text.__multadd
                0x10009408       0xa8 c:/maximsdk/tools/gnutools/10.3/bin/../lib/gcc/arm-none-eabi/10.3.1/../../../../arm-none-eabi/lib/thumb/v7e-m+fp/softfp\libc.a(lib_a-mprec.o)
                0x10009408                __multadd
 .text.__hi0bits
                0x100094b0       0x40 c:/maximsdk/tools/gnutools/10.3/bin/../lib/gcc/arm-none-eabi/10.3.1/../../../../arm-none-eabi/lib/thumb/v7e-m+fp/softfp\libc.a(lib_a-mprec.o)
                0x100094b0                __hi0bits
 .text.__lo0bits
                0x100094f0       0x60 c:/maximsdk/tools/gnutools/10.3/bin/../lib/gcc/arm-none-eabi/10.3.1/../../../../arm-none-eabi/lib/thumb/v7e-m+fp/softfp\libc.a(lib_a-mprec.o)
                0x100094f0                __lo0bits
 .text.__i2b    0x10009550       0x5c c:/maximsdk/tools/gnutools/10.3/bin/../lib/gcc/arm-none-eabi/10.3.1/../../../../arm-none-eabi/lib/thumb/v7e-m+fp/softfp\libc.a(lib_a-mprec.o)
                0x10009550                __i2b
 .text.__multiply
                0x100095ac      0x15c c:/maximsdk/tools/gnutools/10.3/bin/../lib/gcc/arm-none-eabi/10.3.1/../../../../arm-none-eabi/lib/thumb/v7e-m+fp/softfp\libc.a(lib_a-mprec.o)
                0x100095ac                __multiply
 .text.__pow5mult
                0x10009708       0xc0 c:/maximsdk/tools/gnutools/10.3/bin/../lib/gcc/arm-none-eabi/10.3.1/../../../../arm-none-eabi/lib/thumb/v7e-m+fp/softfp\libc.a(lib_a-mprec.o)
                0x10009708                __pow5mult
 .text.__lshift
                0x100097c8       0xf0 c:/maximsdk/tools/gnutools/10.3/bin/../lib/gcc/arm-none-eabi/10.3.1/../../../../arm-none-eabi/lib/thumb/v7e-m+fp/softfp\libc.a(lib_a-mprec.o)
                0x100097c8                __lshift
 .text.__mcmp   0x100098b8       0x44 c:/maximsdk/tools/gnutools/10.3/bin/../lib/gcc/arm-none-eabi/10.3.1/../../../../arm-none-eabi/lib/thumb/v7e-m+fp/softfp\libc.a(lib_a-mprec.o)
                0x100098b8                __mcmp
 .text.__mdiff  0x100098fc      0x14c c:/maximsdk/tools/gnutools/10.3/bin/../lib/gcc/arm-none-eabi/10.3.1/../../../../arm-none-eabi/lib/thumb/v7e-m+fp/softfp\libc.a(lib_a-mprec.o)
                0x100098fc                __mdiff
 .text.__d2b    0x10009a48       0xc4 c:/maximsdk/tools/gnutools/10.3/bin/../lib/gcc/arm-none-eabi/10.3.1/../../../../arm-none-eabi/lib/thumb/v7e-m+fp/softfp\libc.a(lib_a-mprec.o)
                0x10009a48                __d2b
 .text._realloc_r
                0x10009b0c      0x3d8 c:/maximsdk/tools/gnutools/10.3/bin/../lib/gcc/arm-none-eabi/10.3.1/../../../../arm-none-eabi/lib/thumb/v7e-m+fp/softfp\libc.a(lib_a-reallocr.o)
                0x10009b0c                _realloc_r
 .text.frexp    0x10009ee4       0x70 c:/maximsdk/tools/gnutools/10.3/bin/../lib/gcc/arm-none-eabi/10.3.1/../../../../arm-none-eabi/lib/thumb/v7e-m+fp/softfp\libc.a(lib_a-s_frexp.o)
                0x10009ee4                frexp
 .text.__sread  0x10009f54       0x24 c:/maximsdk/tools/gnutools/10.3/bin/../lib/gcc/arm-none-eabi/10.3.1/../../../../arm-none-eabi/lib/thumb/v7e-m+fp/softfp\libc.a(lib_a-stdio.o)
                0x10009f54                __sread
 .text.__swrite
                0x10009f78       0x40 c:/maximsdk/tools/gnutools/10.3/bin/../lib/gcc/arm-none-eabi/10.3.1/../../../../arm-none-eabi/lib/thumb/v7e-m+fp/softfp\libc.a(lib_a-stdio.o)
                0x10009f78                __swrite
 .text.__sseek  0x10009fb8       0x20 c:/maximsdk/tools/gnutools/10.3/bin/../lib/gcc/arm-none-eabi/10.3.1/../../../../arm-none-eabi/lib/thumb/v7e-m+fp/softfp\libc.a(lib_a-stdio.o)
                0x10009fb8                __sseek
 .text.__sclose
                0x10009fd8        0x8 c:/maximsdk/tools/gnutools/10.3/bin/../lib/gcc/arm-none-eabi/10.3.1/../../../../arm-none-eabi/lib/thumb/v7e-m+fp/softfp\libc.a(lib_a-stdio.o)
                0x10009fd8                __sclose
 .text.strncpy  0x10009fe0       0x64 c:/maximsdk/tools/gnutools/10.3/bin/../lib/gcc/arm-none-eabi/10.3.1/../../../../arm-none-eabi/lib/thumb/v7e-m+fp/softfp\libc.a(lib_a-strncpy.o)
                0x10009fe0                strncpy
 .text.__ssprint_r
                0x1000a044       0xf8 c:/maximsdk/tools/gnutools/10.3/bin/../lib/gcc/arm-none-eabi/10.3.1/../../../../arm-none-eabi/lib/thumb/v7e-m+fp/softfp\libc.a(lib_a-svfiprintf.o)
                0x1000a044                __ssprint_r
 .text.__sprint_r.part.0
                0x1000a13c       0x78 c:/maximsdk/tools/gnutools/10.3/bin/../lib/gcc/arm-none-eabi/10.3.1/../../../../arm-none-eabi/lib/thumb/v7e-m+fp/softfp\libc.a(lib_a-vfiprintf.o)
 .text.__sprint_r
                0x1000a1b4       0x18 c:/maximsdk/tools/gnutools/10.3/bin/../lib/gcc/arm-none-eabi/10.3.1/../../../../arm-none-eabi/lib/thumb/v7e-m+fp/softfp\libc.a(lib_a-vfiprintf.o)
                0x1000a1b4                __sprint_r
 .text._vfiprintf_r
                0x1000a1cc      0xdfc c:/maximsdk/tools/gnutools/10.3/bin/../lib/gcc/arm-none-eabi/10.3.1/../../../../arm-none-eabi/lib/thumb/v7e-m+fp/softfp\libc.a(lib_a-vfiprintf.o)
                0x1000a1cc                _vfiprintf_r
 .text.__sbprintf
                0x1000afc8       0x80 c:/maximsdk/tools/gnutools/10.3/bin/../lib/gcc/arm-none-eabi/10.3.1/../../../../arm-none-eabi/lib/thumb/v7e-m+fp/softfp\libc.a(lib_a-vfiprintf.o)
 .text._write_r
                0x1000b048       0x2c c:/maximsdk/tools/gnutools/10.3/bin/../lib/gcc/arm-none-eabi/10.3.1/../../../../arm-none-eabi/lib/thumb/v7e-m+fp/softfp\libc.a(lib_a-writer.o)
                0x1000b048                _write_r
 .text.__register_exitproc
                0x1000b074       0x8c c:/maximsdk/tools/gnutools/10.3/bin/../lib/gcc/arm-none-eabi/10.3.1/../../../../arm-none-eabi/lib/thumb/v7e-m+fp/softfp\libc.a(lib_a-__atexit.o)
                0x1000b074                __register_exitproc
 .text.__assert_func
                0x1000b100       0x40 c:/maximsdk/tools/gnutools/10.3/bin/../lib/gcc/arm-none-eabi/10.3.1/../../../../arm-none-eabi/lib/thumb/v7e-m+fp/softfp\libc.a(lib_a-assert.o)
                0x1000b100                __assert_func
 .text._calloc_r
                0x1000b140       0x78 c:/maximsdk/tools/gnutools/10.3/bin/../lib/gcc/arm-none-eabi/10.3.1/../../../../arm-none-eabi/lib/thumb/v7e-m+fp/softfp\libc.a(lib_a-callocr.o)
                0x1000b140                _calloc_r
 .text._close_r
                0x1000b1b8       0x24 c:/maximsdk/tools/gnutools/10.3/bin/../lib/gcc/arm-none-eabi/10.3.1/../../../../arm-none-eabi/lib/thumb/v7e-m+fp/softfp\libc.a(lib_a-closer.o)
                0x1000b1b8                _close_r
 .text._fclose_r
                0x1000b1dc       0xcc c:/maximsdk/tools/gnutools/10.3/bin/../lib/gcc/arm-none-eabi/10.3.1/../../../../arm-none-eabi/lib/thumb/v7e-m+fp/softfp\libc.a(lib_a-fclose.o)
                0x1000b1dc                _fclose_r
 .text.fiprintf
                0x1000b2a8       0x28 c:/maximsdk/tools/gnutools/10.3/bin/../lib/gcc/arm-none-eabi/10.3.1/../../../../arm-none-eabi/lib/thumb/v7e-m+fp/softfp\libc.a(lib_a-fiprintf.o)
                0x1000b2a8                fiprintf
 .text.__fputwc
                0x1000b2d0       0xa8 c:/maximsdk/tools/gnutools/10.3/bin/../lib/gcc/arm-none-eabi/10.3.1/../../../../arm-none-eabi/lib/thumb/v7e-m+fp/softfp\libc.a(lib_a-fputwc.o)
                0x1000b2d0                __fputwc
 .text._fputwc_r
                0x1000b378       0x68 c:/maximsdk/tools/gnutools/10.3/bin/../lib/gcc/arm-none-eabi/10.3.1/../../../../arm-none-eabi/lib/thumb/v7e-m+fp/softfp\libc.a(lib_a-fputwc.o)
                0x1000b378                _fputwc_r
 .text._fstat_r
                0x1000b3e0       0x2c c:/maximsdk/tools/gnutools/10.3/bin/../lib/gcc/arm-none-eabi/10.3.1/../../../../arm-none-eabi/lib/thumb/v7e-m+fp/softfp\libc.a(lib_a-fstatr.o)
                0x1000b3e0                _fstat_r
 .text._isatty_r
                0x1000b40c       0x24 c:/maximsdk/tools/gnutools/10.3/bin/../lib/gcc/arm-none-eabi/10.3.1/../../../../arm-none-eabi/lib/thumb/v7e-m+fp/softfp\libc.a(lib_a-isattyr.o)
                0x1000b40c                _isatty_r
 .text.__locale_mb_cur_max
                0x1000b430        0xc c:/maximsdk/tools/gnutools/10.3/bin/../lib/gcc/arm-none-eabi/10.3.1/../../../../arm-none-eabi/lib/thumb/v7e-m+fp/softfp\libc.a(lib_a-locale.o)
                0x1000b430                __locale_mb_cur_max
 .text._lseek_r
                0x1000b43c       0x2c c:/maximsdk/tools/gnutools/10.3/bin/../lib/gcc/arm-none-eabi/10.3.1/../../../../arm-none-eabi/lib/thumb/v7e-m+fp/softfp\libc.a(lib_a-lseekr.o)
                0x1000b43c                _lseek_r
 .text.__ascii_mbtowc
                0x1000b468       0x2c c:/maximsdk/tools/gnutools/10.3/bin/../lib/gcc/arm-none-eabi/10.3.1/../../../../arm-none-eabi/lib/thumb/v7e-m+fp/softfp\libc.a(lib_a-mbtowc_r.o)
                0x1000b468                __ascii_mbtowc
 .text._read_r  0x1000b494       0x2c c:/maximsdk/tools/gnutools/10.3/bin/../lib/gcc/arm-none-eabi/10.3.1/../../../../arm-none-eabi/lib/thumb/v7e-m+fp/softfp\libc.a(lib_a-readr.o)
                0x1000b494                _read_r
 .text.__swbuf_r
                0x1000b4c0       0xb0 c:/maximsdk/tools/gnutools/10.3/bin/../lib/gcc/arm-none-eabi/10.3.1/../../../../arm-none-eabi/lib/thumb/v7e-m+fp/softfp\libc.a(lib_a-wbuf.o)
                0x1000b4c0                __swbuf_r
 .text._wcrtomb_r
                0x1000b570       0x3c c:/maximsdk/tools/gnutools/10.3/bin/../lib/gcc/arm-none-eabi/10.3.1/../../../../arm-none-eabi/lib/thumb/v7e-m+fp/softfp\libc.a(lib_a-wcrtomb.o)
                0x1000b570                _wcrtomb_r
 .text.__ascii_wctomb
                0x1000b5ac       0x1c c:/maximsdk/tools/gnutools/10.3/bin/../lib/gcc/arm-none-eabi/10.3.1/../../../../arm-none-eabi/lib/thumb/v7e-m+fp/softfp\libc.a(lib_a-wctomb_r.o)
                0x1000b5ac                __ascii_wctomb
 .text.abort    0x1000b5c8       0x10 c:/maximsdk/tools/gnutools/10.3/bin/../lib/gcc/arm-none-eabi/10.3.1/../../../../arm-none-eabi/lib/thumb/v7e-m+fp/softfp\libc.a(lib_a-abort.o)
                0x1000b5c8                abort
 .text.raise    0x1000b5d8       0x5c c:/maximsdk/tools/gnutools/10.3/bin/../lib/gcc/arm-none-eabi/10.3.1/../../../../arm-none-eabi/lib/thumb/v7e-m+fp/softfp\libc.a(lib_a-signal.o)
                0x1000b5d8                raise
 .text._kill_r  0x1000b634       0x2c c:/maximsdk/tools/gnutools/10.3/bin/../lib/gcc/arm-none-eabi/10.3.1/../../../../arm-none-eabi/lib/thumb/v7e-m+fp/softfp\libc.a(lib_a-signalr.o)
                0x1000b634                _kill_r
 .text._getpid_r
                0x1000b660        0x4 c:/maximsdk/tools/gnutools/10.3/bin/../lib/gcc/arm-none-eabi/10.3.1/../../../../arm-none-eabi/lib/thumb/v7e-m+fp/softfp\libc.a(lib_a-signalr.o)
                0x1000b660                _getpid_r
 .text._getpid  0x1000b664       0x10 c:/maximsdk/tools/gnutools/10.3/bin/../lib/gcc/arm-none-eabi/10.3.1/../../../../arm-none-eabi/lib/thumb/v7e-m+fp/softfp\libnosys.a(getpid.o)
                0x1000b664                _getpid
 .text._kill    0x1000b674       0x10 c:/maximsdk/tools/gnutools/10.3/bin/../lib/gcc/arm-none-eabi/10.3.1/../../../../arm-none-eabi/lib/thumb/v7e-m+fp/softfp\libnosys.a(kill.o)
                0x1000b674                _kill
 .text._exit    0x1000b684        0x4 c:/maximsdk/tools/gnutools/10.3/bin/../lib/gcc/arm-none-eabi/10.3.1/../../../../arm-none-eabi/lib/thumb/v7e-m+fp/softfp\libnosys.a(_exit.o)
                0x1000b684                _exit
 .text          0x1000b688      0x378 c:/maximsdk/tools/gnutools/10.3/bin/../lib/gcc/arm-none-eabi/10.3.1/thumb/v7e-m+fp/softfp\libgcc.a(_arm_addsubdf3.o)
                0x1000b688                __aeabi_drsub
                0x1000b690                __aeabi_dsub
                0x1000b690                __subdf3
                0x1000b694                __aeabi_dadd
                0x1000b694                __adddf3
                0x1000b90c                __floatunsidf
                0x1000b90c                __aeabi_ui2d
                0x1000b92c                __floatsidf
                0x1000b92c                __aeabi_i2d
                0x1000b950                __aeabi_f2d
                0x1000b950                __extendsfdf2
                0x1000b994                __floatundidf
                0x1000b994                __aeabi_ul2d
                0x1000b9a4                __floatdidf
                0x1000b9a4                __aeabi_l2d
 .text          0x1000ba00      0x424 c:/maximsdk/tools/gnutools/10.3/bin/../lib/gcc/arm-none-eabi/10.3.1/thumb/v7e-m+fp/softfp\libgcc.a(_arm_muldivdf3.o)
                0x1000ba00                __aeabi_dmul
                0x1000ba00                __muldf3
                0x1000bc54                __divdf3
                0x1000bc54                __aeabi_ddiv
 .text          0x1000be24      0x110 c:/maximsdk/tools/gnutools/10.3/bin/../lib/gcc/arm-none-eabi/10.3.1/thumb/v7e-m+fp/softfp\libgcc.a(_arm_cmpdf2.o)
                0x1000be24                __gtdf2
                0x1000be24                __gedf2
                0x1000be2c                __ltdf2
                0x1000be2c                __ledf2
                0x1000be34                __nedf2
                0x1000be34                __eqdf2
                0x1000be34                __cmpdf2
                0x1000beb0                __aeabi_cdrcmple
                0x1000bec0                __aeabi_cdcmpeq
                0x1000bec0                __aeabi_cdcmple
                0x1000bed0                __aeabi_dcmpeq
                0x1000bee4                __aeabi_dcmplt
                0x1000bef8                __aeabi_dcmple
                0x1000bf0c                __aeabi_dcmpge
                0x1000bf20                __aeabi_dcmpgt
 .text          0x1000bf34       0x2c c:/maximsdk/tools/gnutools/10.3/bin/../lib/gcc/arm-none-eabi/10.3.1/thumb/v7e-m+fp/softfp\libgcc.a(_arm_unorddf2.o)
                0x1000bf34                __unorddf2
                0x1000bf34                __aeabi_dcmpun
 .text          0x1000bf60       0x50 c:/maximsdk/tools/gnutools/10.3/bin/../lib/gcc/arm-none-eabi/10.3.1/thumb/v7e-m+fp/softfp\libgcc.a(_arm_fixdfsi.o)
                0x1000bf60                __aeabi_d2iz
                0x1000bf60                __fixdfsi
 .text          0x1000bfb0       0x30 c:/maximsdk/tools/gnutools/10.3/bin/../lib/gcc/arm-none-eabi/10.3.1/thumb/v7e-m+fp/softfp\libgcc.a(_aeabi_uldivmod.o)
                0x1000bfb0                __aeabi_uldivmod
 .text          0x1000bfe0      0x2d0 c:/maximsdk/tools/gnutools/10.3/bin/../lib/gcc/arm-none-eabi/10.3.1/thumb/v7e-m+fp/softfp\libgcc.a(_udivmoddi4.o)
                0x1000bfe0                __udivmoddi4
 .text          0x1000c2b0        0x4 c:/maximsdk/tools/gnutools/10.3/bin/../lib/gcc/arm-none-eabi/10.3.1/thumb/v7e-m+fp/softfp\libgcc.a(_dvmd_tls.o)
                0x1000c2b0                __aeabi_idiv0
                0x1000c2b0                __aeabi_ldiv0
 *(.rodata*)
 .rodata.D2_LED.str1.4
                0x1000c2b4       0x13 C:/Users/thinkpad/Documents/GitHub/GroundSight/GroundSight/camera-demo/build/main.o
 *fill*         0x1000c2c7        0x1 
 .rodata.capture_process_camera.str1.4
                0x1000c2c8       0x14 C:/Users/thinkpad/Documents/GitHub/GroundSight/GroundSight/camera-demo/build/main.o
 .rodata.main.str1.4
                0x1000c2dc       0x31 C:/Users/thinkpad/Documents/GitHub/GroundSight/GroundSight/camera-demo/build/main.o
 *fill*         0x1000c30d        0x3 
 .rodata.mxc_assert.str1.4
                0x1000c310       0x19 C:/Users/thinkpad/Documents/GitHub/GroundSight/GroundSight/camera-demo/build/board.o
 *fill*         0x1000c329        0x3 
 .rodata.Board_Init.str1.4
                0x1000c32c       0x45 C:/Users/thinkpad/Documents/GitHub/GroundSight/GroundSight/camera-demo/build/board.o
 *fill*         0x1000c371        0x3 
 .rodata.led_pin
                0x1000c374       0x24 C:/Users/thinkpad/Documents/GitHub/GroundSight/GroundSight/camera-demo/build/board.o
                0x1000c374                led_pin
 .rodata.num_leds
                0x1000c398        0x4 C:/Users/thinkpad/Documents/GitHub/GroundSight/GroundSight/camera-demo/build/board.o
                0x1000c398                num_leds
 .rodata.num_pbs
                0x1000c39c        0x4 C:/Users/thinkpad/Documents/GitHub/GroundSight/GroundSight/camera-demo/build/board.o
                0x1000c39c                num_pbs
 .rodata.pb_pin
                0x1000c3a0       0x18 C:/Users/thinkpad/Documents/GitHub/GroundSight/GroundSight/camera-demo/build/board.o
                0x1000c3a0                pb_pin
 .rodata.LED_On.str1.4
                0x1000c3b8       0x5f C:/Users/thinkpad/Documents/GitHub/GroundSight/GroundSight/camera-demo/build/led.o
 *fill*         0x1000c417        0x1 
 .rodata.PB_RegisterCallback.str1.4
                0x1000c418       0x65 C:/Users/thinkpad/Documents/GitHub/GroundSight/GroundSight/camera-demo/build/pb.o
 *fill*         0x1000c47d        0x3 
 .rodata.camera_setup.str1.4
                0x1000c480       0x1b C:/Users/thinkpad/Documents/GitHub/GroundSight/GroundSight/camera-demo/build/camera.o
 *fill*         0x1000c49b        0x1 
 .rodata.dump_registers.str1.4
                0x1000c49c       0x12 C:/Users/thinkpad/Documents/GitHub/GroundSight/GroundSight/camera-demo/build/ov7692.o
 *fill*         0x1000c4ae        0x2 
 .rodata.default_regs
                0x1000c4b0       0x5e C:/Users/thinkpad/Documents/GitHub/GroundSight/GroundSight/camera-demo/build/ov7692.o
 *fill*         0x1000c50e        0x2 
 .rodata.gpio_cfg_scl
                0x1000c510        0xc C:/Users/thinkpad/Documents/GitHub/GroundSight/GroundSight/camera-demo/build/sccb.o
 .rodata.gpio_cfg_sda
                0x1000c51c        0xc C:/Users/thinkpad/Documents/GitHub/GroundSight/GroundSight/camera-demo/build/sccb.o
 .rodata.gpio_cfg_i2c0
                0x1000c528        0xc C:/MaximSDK/Libraries/PeriphDrivers/bin/MAX78000/softfp/libPeriphDriver_softfp.a(pins_ai85.o)
                0x1000c528                gpio_cfg_i2c0
 .rodata.gpio_cfg_i2c1
                0x1000c534        0xc C:/MaximSDK/Libraries/PeriphDrivers/bin/MAX78000/softfp/libPeriphDriver_softfp.a(pins_ai85.o)
                0x1000c534                gpio_cfg_i2c1
 .rodata.gpio_cfg_i2c2
                0x1000c540        0xc C:/MaximSDK/Libraries/PeriphDrivers/bin/MAX78000/softfp/libPeriphDriver_softfp.a(pins_ai85.o)
                0x1000c540                gpio_cfg_i2c2
 .rodata.gpio_cfg_pcif_P0_BITS_0_7
                0x1000c54c        0xc C:/MaximSDK/Libraries/PeriphDrivers/bin/MAX78000/softfp/libPeriphDriver_softfp.a(pins_ai85.o)
                0x1000c54c                gpio_cfg_pcif_P0_BITS_0_7
 .rodata.gpio_cfg_pcif_P0_BITS_8_9
                0x1000c558        0xc C:/MaximSDK/Libraries/PeriphDrivers/bin/MAX78000/softfp/libPeriphDriver_softfp.a(pins_ai85.o)
                0x1000c558                gpio_cfg_pcif_P0_BITS_8_9
 .rodata.gpio_cfg_pcif_P1_BITS_10_11
                0x1000c564        0xc C:/MaximSDK/Libraries/PeriphDrivers/bin/MAX78000/softfp/libPeriphDriver_softfp.a(pins_ai85.o)
                0x1000c564                gpio_cfg_pcif_P1_BITS_10_11
 .rodata.gpio_cfg_pcif_hsync
                0x1000c570        0xc C:/MaximSDK/Libraries/PeriphDrivers/bin/MAX78000/softfp/libPeriphDriver_softfp.a(pins_ai85.o)
                0x1000c570                gpio_cfg_pcif_hsync
 .rodata.gpio_cfg_pcif_vsync
                0x1000c57c        0xc C:/MaximSDK/Libraries/PeriphDrivers/bin/MAX78000/softfp/libPeriphDriver_softfp.a(pins_ai85.o)
                0x1000c57c                gpio_cfg_pcif_vsync
 .rodata.gpio_cfg_pcif_xclk
                0x1000c588        0xc C:/MaximSDK/Libraries/PeriphDrivers/bin/MAX78000/softfp/libPeriphDriver_softfp.a(pins_ai85.o)
                0x1000c588                gpio_cfg_pcif_xclk
 .rodata.gpio_cfg_pt0
                0x1000c594        0xc C:/MaximSDK/Libraries/PeriphDrivers/bin/MAX78000/softfp/libPeriphDriver_softfp.a(pins_ai85.o)
                0x1000c594                gpio_cfg_pt0
 .rodata.gpio_cfg_pt1
                0x1000c5a0        0xc C:/MaximSDK/Libraries/PeriphDrivers/bin/MAX78000/softfp/libPeriphDriver_softfp.a(pins_ai85.o)
                0x1000c5a0                gpio_cfg_pt1
 .rodata.gpio_cfg_pt2
                0x1000c5ac        0xc C:/MaximSDK/Libraries/PeriphDrivers/bin/MAX78000/softfp/libPeriphDriver_softfp.a(pins_ai85.o)
                0x1000c5ac                gpio_cfg_pt2
 .rodata.gpio_cfg_pt3
                0x1000c5b8        0xc C:/MaximSDK/Libraries/PeriphDrivers/bin/MAX78000/softfp/libPeriphDriver_softfp.a(pins_ai85.o)
                0x1000c5b8                gpio_cfg_pt3
 .rodata.gpio_cfg_uart0
                0x1000c5c4        0xc C:/MaximSDK/Libraries/PeriphDrivers/bin/MAX78000/softfp/libPeriphDriver_softfp.a(pins_ai85.o)
                0x1000c5c4                gpio_cfg_uart0
 .rodata.gpio_cfg_uart1
                0x1000c5d0        0xc C:/MaximSDK/Libraries/PeriphDrivers/bin/MAX78000/softfp/libPeriphDriver_softfp.a(pins_ai85.o)
                0x1000c5d0                gpio_cfg_uart1
 .rodata.gpio_cfg_uart2
                0x1000c5dc        0xc C:/MaximSDK/Libraries/PeriphDrivers/bin/MAX78000/softfp/libPeriphDriver_softfp.a(pins_ai85.o)
                0x1000c5dc                gpio_cfg_uart2
 .rodata.gpio_cfg_uart3
                0x1000c5e8        0xc C:/MaximSDK/Libraries/PeriphDrivers/bin/MAX78000/softfp/libPeriphDriver_softfp.a(pins_ai85.o)
                0x1000c5e8                gpio_cfg_uart3
 .rodata.MXC_PT_Init.str1.1
                0x1000c5f4       0x52 C:/MaximSDK/Libraries/PeriphDrivers/bin/MAX78000/softfp/libPeriphDriver_softfp.a(pt_me17.o)
 .rodata.MXC_PT_RevA_Config.str1.1
                0x1000c646       0x4e C:/MaximSDK/Libraries/PeriphDrivers/bin/MAX78000/softfp/libPeriphDriver_softfp.a(pt_reva.o)
 .rodata.MXC_GPIO_Common_Handler.str1.1
                0x1000c694       0x65 C:/MaximSDK/Libraries/PeriphDrivers/bin/MAX78000/softfp/libPeriphDriver_softfp.a(gpio_common.o)
 *fill*         0x1000c6f9        0x3 
 .rodata._global_impure_ptr
                0x1000c6fc        0x4 c:/maximsdk/tools/gnutools/10.3/bin/../lib/gcc/arm-none-eabi/10.3.1/../../../../arm-none-eabi/lib/thumb/v7e-m+fp/softfp\libc.a(lib_a-impure.o)
                0x1000c6fc                _global_impure_ptr
 .rodata._puts_r.str1.4
                0x1000c700        0x2 c:/maximsdk/tools/gnutools/10.3/bin/../lib/gcc/arm-none-eabi/10.3.1/../../../../arm-none-eabi/lib/thumb/v7e-m+fp/softfp\libc.a(lib_a-puts.o)
 *fill*         0x1000c702        0x2 
 .rodata._svfprintf_r.str1.4
                0x1000c704       0x42 c:/maximsdk/tools/gnutools/10.3/bin/../lib/gcc/arm-none-eabi/10.3.1/../../../../arm-none-eabi/lib/thumb/v7e-m+fp/softfp\libc.a(lib_a-svfprintf.o)
 *fill*         0x1000c746        0x2 
 .rodata.blanks.1
                0x1000c748       0x10 c:/maximsdk/tools/gnutools/10.3/bin/../lib/gcc/arm-none-eabi/10.3.1/../../../../arm-none-eabi/lib/thumb/v7e-m+fp/softfp\libc.a(lib_a-svfprintf.o)
 .rodata.zeroes.0
                0x1000c758       0x10 c:/maximsdk/tools/gnutools/10.3/bin/../lib/gcc/arm-none-eabi/10.3.1/../../../../arm-none-eabi/lib/thumb/v7e-m+fp/softfp\libc.a(lib_a-svfprintf.o)
 .rodata._vfprintf_r.str1.4
                0x1000c768       0x42 c:/maximsdk/tools/gnutools/10.3/bin/../lib/gcc/arm-none-eabi/10.3.1/../../../../arm-none-eabi/lib/thumb/v7e-m+fp/softfp\libc.a(lib_a-vfprintf.o)
 .rodata.blanks.1
                0x1000c768       0x10 c:/maximsdk/tools/gnutools/10.3/bin/../lib/gcc/arm-none-eabi/10.3.1/../../../../arm-none-eabi/lib/thumb/v7e-m+fp/softfp\libc.a(lib_a-vfprintf.o)
 .rodata.zeroes.0
                0x1000c778       0x10 c:/maximsdk/tools/gnutools/10.3/bin/../lib/gcc/arm-none-eabi/10.3.1/../../../../arm-none-eabi/lib/thumb/v7e-m+fp/softfp\libc.a(lib_a-vfprintf.o)
 .rodata._dtoa_r.str1.4
                0x1000c788       0xa2 c:/maximsdk/tools/gnutools/10.3/bin/../lib/gcc/arm-none-eabi/10.3.1/../../../../arm-none-eabi/lib/thumb/v7e-m+fp/softfp\libc.a(lib_a-dtoa.o)
                                 0xa6 (size before relaxing)
 *fill*         0x1000c82a        0x2 
 .rodata.__multadd.str1.4
                0x1000c82c       0x7f c:/maximsdk/tools/gnutools/10.3/bin/../lib/gcc/arm-none-eabi/10.3.1/../../../../arm-none-eabi/lib/thumb/v7e-m+fp/softfp\libc.a(lib_a-mprec.o)
                                 0x93 (size before relaxing)
 *fill*         0x1000c8ab        0x5 
 .rodata.__mprec_bigtens
                0x1000c8b0       0x28 c:/maximsdk/tools/gnutools/10.3/bin/../lib/gcc/arm-none-eabi/10.3.1/../../../../arm-none-eabi/lib/thumb/v7e-m+fp/softfp\libc.a(lib_a-mprec.o)
                0x1000c8b0                __mprec_bigtens
 .rodata.__mprec_tens
                0x1000c8d8       0xc8 c:/maximsdk/tools/gnutools/10.3/bin/../lib/gcc/arm-none-eabi/10.3.1/../../../../arm-none-eabi/lib/thumb/v7e-m+fp/softfp\libc.a(lib_a-mprec.o)
                0x1000c8d8                __mprec_tens
 .rodata.p05.0  0x1000c9a0        0xc c:/maximsdk/tools/gnutools/10.3/bin/../lib/gcc/arm-none-eabi/10.3.1/../../../../arm-none-eabi/lib/thumb/v7e-m+fp/softfp\libc.a(lib_a-mprec.o)
 .rodata._vfiprintf_r.str1.4
                0x1000c9ac       0x2f c:/maximsdk/tools/gnutools/10.3/bin/../lib/gcc/arm-none-eabi/10.3.1/../../../../arm-none-eabi/lib/thumb/v7e-m+fp/softfp\libc.a(lib_a-vfiprintf.o)
 .rodata.blanks.1
                0x1000c9ac       0x10 c:/maximsdk/tools/gnutools/10.3/bin/../lib/gcc/arm-none-eabi/10.3.1/../../../../arm-none-eabi/lib/thumb/v7e-m+fp/softfp\libc.a(lib_a-vfiprintf.o)
 .rodata.zeroes.0
                0x1000c9bc       0x10 c:/maximsdk/tools/gnutools/10.3/bin/../lib/gcc/arm-none-eabi/10.3.1/../../../../arm-none-eabi/lib/thumb/v7e-m+fp/softfp\libc.a(lib_a-vfiprintf.o)
 .rodata.__assert_func.str1.4
                0x1000c9cc       0x3f c:/maximsdk/tools/gnutools/10.3/bin/../lib/gcc/arm-none-eabi/10.3.1/../../../../arm-none-eabi/lib/thumb/v7e-m+fp/softfp\libc.a(lib_a-assert.o)
                                 0x43 (size before relaxing)
 *fill*         0x1000ca0b        0x1 
 .rodata._setlocale_r.str1.4
                0x1000ca0c        0xa c:/maximsdk/tools/gnutools/10.3/bin/../lib/gcc/arm-none-eabi/10.3.1/../../../../arm-none-eabi/lib/thumb/v7e-m+fp/softfp\libc.a(lib_a-locale.o)
                                  0xd (size before relaxing)
 *fill*         0x1000ca16        0x2 
 .rodata.str1.4
                0x1000ca18        0x2 c:/maximsdk/tools/gnutools/10.3/bin/../lib/gcc/arm-none-eabi/10.3.1/../../../../arm-none-eabi/lib/thumb/v7e-m+fp/softfp\libc.a(lib_a-locale.o)
 *fill*         0x1000ca1a        0x2 
 .rodata._ctype_
                0x1000ca1c      0x101 c:/maximsdk/tools/gnutools/10.3/bin/../lib/gcc/arm-none-eabi/10.3.1/../../../../arm-none-eabi/lib/thumb/v7e-m+fp/softfp\libc.a(lib_a-ctype_.o)
                0x1000ca1c                _ctype_
 *(.init)
 *fill*         0x1000cb1d        0x3 
 .init          0x1000cb20        0x4 c:/maximsdk/tools/gnutools/10.3/bin/../lib/gcc/arm-none-eabi/10.3.1/thumb/v7e-m+fp/softfp/crti.o
                0x1000cb20                _init
 .init          0x1000cb24        0x8 c:/maximsdk/tools/gnutools/10.3/bin/../lib/gcc/arm-none-eabi/10.3.1/thumb/v7e-m+fp/softfp/crtn.o
 *(.fini)
 .fini          0x1000cb2c        0x4 c:/maximsdk/tools/gnutools/10.3/bin/../lib/gcc/arm-none-eabi/10.3.1/thumb/v7e-m+fp/softfp/crti.o
                0x1000cb2c                _fini
 .fini          0x1000cb30        0x8 c:/maximsdk/tools/gnutools/10.3/bin/../lib/gcc/arm-none-eabi/10.3.1/thumb/v7e-m+fp/softfp/crtn.o
 *(.eh_frame*)
 .eh_frame      0x1000cb38        0x0 c:/maximsdk/tools/gnutools/10.3/bin/../lib/gcc/arm-none-eabi/10.3.1/thumb/v7e-m+fp/softfp/crtbegin.o
 .eh_frame      0x1000cb38        0x4 c:/maximsdk/tools/gnutools/10.3/bin/../lib/gcc/arm-none-eabi/10.3.1/thumb/v7e-m+fp/softfp/crtend.o
                0x1000cb3c                _etext = .

.glue_7         0x1000cb3c        0x0
 .glue_7        0x1000cb3c        0x0 linker stubs

.glue_7t        0x1000cb3c        0x0
 .glue_7t       0x1000cb3c        0x0 linker stubs

.vfp11_veneer   0x1000cb3c        0x0
 .vfp11_veneer  0x1000cb3c        0x0 linker stubs

.v4_bx          0x1000cb3c        0x0
 .v4_bx         0x1000cb3c        0x0 linker stubs

.iplt           0x1000cb3c        0x0
 .iplt          0x1000cb3c        0x0 c:/maximsdk/tools/gnutools/10.3/bin/../lib/gcc/arm-none-eabi/10.3.1/thumb/v7e-m+fp/softfp/crtbegin.o

.bin_storage    0x1000cb3c        0x0
 FILL mask 0xff
                0x1000cb3c                _bin_start_ = .
 *(.bin_storage_img)
                0x1000cb3c                _bin_end_ = .
                0x1000cb3c                . = ALIGN (0x4)

.rom_code       0x00000000        0x0
                0x00000000                . = ALIGN (0x10)
                0x20000000                _sran_code = .
 *(.rom_code_section)
                0x20000000                _esran_code = .

.flash_code     0x1000cb3c        0x4
                0x1000cb40                . = ALIGN (0x10)
 *fill*         0x1000cb3c        0x4 
                0x20000000                _sran_code = .
 *(.flash_code_section)
                0x20000000                _esran_code = .

.sram_code      0x20000000        0x0
                0x20000000                . = ALIGN (0x10)
                0x20000000                _sran_code = .
 *(.sram_code_section)
                0x20000000                _esran_code = .

.ARM.exidx      0x1000cb40        0x8
                0x1000cb40                __exidx_start = .
 *(.ARM.exidx*)
 .ARM.exidx     0x1000cb40        0x8 c:/maximsdk/tools/gnutools/10.3/bin/../lib/gcc/arm-none-eabi/10.3.1/thumb/v7e-m+fp/softfp\libgcc.a(_udivmoddi4.o)
                0x1000cb48                __exidx_end = .

.rel.dyn        0x1000cb48        0x0
 .rel.iplt      0x1000cb48        0x0 c:/maximsdk/tools/gnutools/10.3/bin/../lib/gcc/arm-none-eabi/10.3.1/thumb/v7e-m+fp/softfp/crtbegin.o

.data           0x20000000      0x9d4 load address 0x1000cb48
                0x20000000                _data = ALIGN (., 0x4)
 *(.data*)
 .data.ConsoleUart
                0x20000000        0x4 C:/Users/thinkpad/Documents/GitHub/GroundSight/GroundSight/camera-demo/build/board.o
                0x20000000                ConsoleUart
 .data.g_framesize_height
                0x20000004        0x4 C:/Users/thinkpad/Documents/GitHub/GroundSight/GroundSight/camera-demo/build/camera.o
 .data.g_framesize_width
                0x20000008        0x4 C:/Users/thinkpad/Documents/GitHub/GroundSight/GroundSight/camera-demo/build/camera.o
 .data.g_stream_buffer_size
                0x2000000c        0x4 C:/Users/thinkpad/Documents/GitHub/GroundSight/GroundSight/camera-demo/build/camera.o
 .data.g_pixelformat
                0x20000010        0x1 C:/Users/thinkpad/Documents/GitHub/GroundSight/GroundSight/camera-demo/build/ov7692.o
 *fill*         0x20000011        0x3 
 .data.overflows
                0x20000014        0x4 C:/MaximSDK/Libraries/PeriphDrivers/bin/MAX78000/softfp/libPeriphDriver_softfp.a(mxc_delay.o)
 .data._impure_ptr
                0x20000018        0x4 c:/maximsdk/tools/gnutools/10.3/bin/../lib/gcc/arm-none-eabi/10.3.1/../../../../arm-none-eabi/lib/thumb/v7e-m+fp/softfp\libc.a(lib_a-impure.o)
                0x20000018                _impure_ptr
 *fill*         0x2000001c        0x4 
 .data.impure_data
                0x20000020      0x428 c:/maximsdk/tools/gnutools/10.3/bin/../lib/gcc/arm-none-eabi/10.3.1/../../../../arm-none-eabi/lib/thumb/v7e-m+fp/softfp\libc.a(lib_a-impure.o)
 .data.__malloc_av_
                0x20000448      0x408 c:/maximsdk/tools/gnutools/10.3/bin/../lib/gcc/arm-none-eabi/10.3.1/../../../../arm-none-eabi/lib/thumb/v7e-m+fp/softfp\libc.a(lib_a-mallocr.o)
                0x20000448                __malloc_av_
 .data.__malloc_sbrk_base
                0x20000850        0x4 c:/maximsdk/tools/gnutools/10.3/bin/../lib/gcc/arm-none-eabi/10.3.1/../../../../arm-none-eabi/lib/thumb/v7e-m+fp/softfp\libc.a(lib_a-mallocr.o)
                0x20000850                __malloc_sbrk_base
 .data.__malloc_trim_threshold