Archive member included to satisfy reference by file (symbol)

C:/MaximSDK/Libraries/PeriphDrivers/bin/MAX78000/softfp/libPeriphDriver_softfp.a(mxc_delay.o)
                              C:/Users/ander/Documents/GitHub/GroundSight/GroundSight/camera-demo/build/main.o (MXC_Delay)
C:/MaximSDK/Libraries/PeriphDrivers/bin/MAX78000/softfp/libPeriphDriver_softfp.a(pins_ai85.o)
                              C:/Users/ander/Documents/GitHub/GroundSight/GroundSight/camera-demo/build/camera.o (gpio_cfg_pcif_xclk)
C:/MaximSDK/Libraries/PeriphDrivers/bin/MAX78000/softfp/libPeriphDriver_softfp.a(sys_ai85.o)
                              C:/Users/ander/Documents/GitHub/GroundSight/GroundSight/camera-demo/build/cnn.o (MXC_SYS_ClockDisable)
C:/MaximSDK/Libraries/PeriphDrivers/bin/MAX78000/softfp/libPeriphDriver_softfp.a(nvic_table.o)
                              C:/Users/ander/Documents/GitHub/GroundSight/GroundSight/camera-demo/build/cnn.o (NVIC_SetVector)
C:/MaximSDK/Libraries/PeriphDrivers/bin/MAX78000/softfp/libPeriphDriver_softfp.a(cameraif_ai85.o)
                              C:/Users/ander/Documents/GitHub/GroundSight/GroundSight/camera-demo/build/camera.o (MXC_PCIF_Init)
C:/MaximSDK/Libraries/PeriphDrivers/bin/MAX78000/softfp/libPeriphDriver_softfp.a(cameraif_reva.o)
                              C:/MaximSDK/Libraries/PeriphDrivers/bin/MAX78000/softfp/libPeriphDriver_softfp.a(cameraif_ai85.o) (MXC_PCIF_RevA_SetDatawidth)
C:/MaximSDK/Libraries/PeriphDrivers/bin/MAX78000/softfp/libPeriphDriver_softfp.a(dma_me17.o)
                              C:/Users/ander/Documents/GitHub/GroundSight/GroundSight/camera-demo/build/main.o (MXC_DMA_Init)
C:/MaximSDK/Libraries/PeriphDrivers/bin/MAX78000/softfp/libPeriphDriver_softfp.a(dma_reva.o)
                              C:/MaximSDK/Libraries/PeriphDrivers/bin/MAX78000/softfp/libPeriphDriver_softfp.a(dma_me17.o) (MXC_DMA_RevA_Init)
C:/MaximSDK/Libraries/PeriphDrivers/bin/MAX78000/softfp/libPeriphDriver_softfp.a(flc_me17.o)
                              C:/MaximSDK/Libraries/PeriphDrivers/bin/MAX78000/softfp/libPeriphDriver_softfp.a(sys_ai85.o) (MXC_FLC_UnlockInfoBlock)
C:/MaximSDK/Libraries/PeriphDrivers/bin/MAX78000/softfp/libPeriphDriver_softfp.a(flc_reva.o)
                              C:/MaximSDK/Libraries/PeriphDrivers/bin/MAX78000/softfp/libPeriphDriver_softfp.a(flc_me17.o) (MXC_FLC_RevA_Busy)
C:/MaximSDK/Libraries/PeriphDrivers/bin/MAX78000/softfp/libPeriphDriver_softfp.a(gpio_ai85.o)
                              C:/Users/ander/Documents/GitHub/GroundSight/GroundSight/camera-demo/build/cnn.o (MXC_GPIO_Config)
C:/MaximSDK/Libraries/PeriphDrivers/bin/MAX78000/softfp/libPeriphDriver_softfp.a(gpio_reva.o)
                              C:/MaximSDK/Libraries/PeriphDrivers/bin/MAX78000/softfp/libPeriphDriver_softfp.a(gpio_ai85.o) (MXC_GPIO_RevA_InGet)
C:/MaximSDK/Libraries/PeriphDrivers/bin/MAX78000/softfp/libPeriphDriver_softfp.a(i2c_me17.o)
                              C:/Users/ander/Documents/GitHub/GroundSight/GroundSight/camera-demo/build/max20303.o (MXC_I2C_Init)
C:/MaximSDK/Libraries/PeriphDrivers/bin/MAX78000/softfp/libPeriphDriver_softfp.a(i2c_reva.o)
                              C:/MaximSDK/Libraries/PeriphDrivers/bin/MAX78000/softfp/libPeriphDriver_softfp.a(i2c_me17.o) (MXC_I2C_RevA_DMACallback)
C:/MaximSDK/Libraries/PeriphDrivers/bin/MAX78000/softfp/libPeriphDriver_softfp.a(icc_me17.o)
                              C:/Users/ander/Documents/GitHub/GroundSight/GroundSight/camera-demo/build/main.o (MXC_ICC_Enable)
C:/MaximSDK/Libraries/PeriphDrivers/bin/MAX78000/softfp/libPeriphDriver_softfp.a(icc_reva.o)
                              C:/MaximSDK/Libraries/PeriphDrivers/bin/MAX78000/softfp/libPeriphDriver_softfp.a(icc_me17.o) (MXC_ICC_RevA_ID)
C:/MaximSDK/Libraries/PeriphDrivers/bin/MAX78000/softfp/libPeriphDriver_softfp.a(pt_me17.o)
                              C:/Users/ander/Documents/GitHub/GroundSight/GroundSight/camera-demo/build/camera.o (MXC_PT_Init)
C:/MaximSDK/Libraries/PeriphDrivers/bin/MAX78000/softfp/libPeriphDriver_softfp.a(pt_reva.o)
                              C:/MaximSDK/Libraries/PeriphDrivers/bin/MAX78000/softfp/libPeriphDriver_softfp.a(pt_me17.o) (MXC_PT_RevA_Init)
C:/MaximSDK/Libraries/PeriphDrivers/bin/MAX78000/softfp/libPeriphDriver_softfp.a(spi_me17.o)
                              C:/Users/ander/Documents/GitHub/GroundSight/GroundSight/camera-demo/build/tft_ili9341.o (MXC_SPI_Init)
C:/MaximSDK/Libraries/PeriphDrivers/bin/MAX78000/softfp/libPeriphDriver_softfp.a(spi_reva.o)
                              C:/MaximSDK/Libraries/PeriphDrivers/bin/MAX78000/softfp/libPeriphDriver_softfp.a(spi_me17.o) (MXC_SPI_RevA_Init)
C:/MaximSDK/Libraries/PeriphDrivers/bin/MAX78000/softfp/libPeriphDriver_softfp.a(tmr_ai85.o)
                              C:/Users/ander/Documents/GitHub/GroundSight/GroundSight/camera-demo/build/cnn.o (MXC_TMR_SW_Start)
C:/MaximSDK/Libraries/PeriphDrivers/bin/MAX78000/softfp/libPeriphDriver_softfp.a(tmr_revb.o)
[...]
Memory Configuration

Name             Origin             Length             Attributes
ROM              0x00000000         0x00010000         xr
FLASH            0x10000000         0x00080000         xr
SRAM             0x20000000         0x00020000         xrw
*default*        0x00000000         0xffffffff

Linker script and memory map

LOAD c:/maximsdk/tools/gnutools/10.3/bin/../lib/gcc/arm-none-eabi/10.3.1/thumb/v7e-m+fp/softfp/crti.o
LOAD c:/maximsdk/tools/gnutools/10.3/bin/../lib/gcc/arm-none-eabi/10.3.1/thumb/v7e-m+fp/softfp/crtbegin.o
LOAD c:/maximsdk/tools/gnutools/10.3/bin/../lib/gcc/arm-none-eabi/10.3.1/../../../../arm-none-eabi/lib/thumb/v7e-m+fp/softfp/crt0.o
LOAD C:/Users/ander/Documents/GitHub/GroundSight/GroundSight/camera-demo/build/main.o
LOAD C:/Users/ander/Documents/GitHub/GroundSight/GroundSight/camera-demo/build/cnn.o
LOAD C:/Users/ander/Documents/GitHub/GroundSight/GroundSight/camera-demo/build/softmax.o
LOAD C:/Users/ander/Documents/GitHub/GroundSight/GroundSight/camera-demo/build/img_1_rgb565.o
LOAD C:/Users/ander/Documents/GitHub/GroundSight/GroundSight/camera-demo/build/logo_rgb565.o
LOAD C:/Users/ander/Documents/GitHub/GroundSight/GroundSight/camera-demo/build/SansSerif16x16.o
LOAD C:/Users/ander/Documents/GitHub/GroundSight/GroundSight/camera-demo/build/board.o
LOAD C:/Users/ander/Documents/GitHub/GroundSight/GroundSight/camera-demo/build/stdio.o
LOAD C:/Users/ander/Documents/GitHub/GroundSight/GroundSight/camera-demo/build/led.o
LOAD C:/Users/ander/Documents/GitHub/GroundSight/GroundSight/camera-demo/build/pb.o
LOAD C:/Users/ander/Documents/GitHub/GroundSight/GroundSight/camera-demo/build/tft_ili9341.o
LOAD C:/Users/ander/Documents/GitHub/GroundSight/GroundSight/camera-demo/build/camera.o
LOAD C:/Users/ander/Documents/GitHub/GroundSight/GroundSight/camera-demo/build/ov7692.o
LOAD C:/Users/ander/Documents/GitHub/GroundSight/GroundSight/camera-demo/build/sccb.o
LOAD C:/Users/ander/Documents/GitHub/GroundSight/GroundSight/camera-demo/build/max20303.o
LOAD C:/Users/ander/Documents/GitHub/GroundSight/GroundSight/camera-demo/build/startup_max78000.o
LOAD C:/Users/ander/Documents/GitHub/GroundSight/GroundSight/camera-demo/build/heap.o
LOAD C:/Users/ander/Documents/GitHub/GroundSight/GroundSight/camera-demo/build/system_max78000.o
START GROUP
LOAD C:/MaximSDK/Libraries/PeriphDrivers/bin/MAX78000/softfp/libPeriphDriver_softfp.a
LOAD c:/maximsdk/tools/gnutools/10.3/bin/../lib/gcc/arm-none-eabi/10.3.1/../../../../arm-none-eabi/lib/thumb/v7e-m+fp/softfp\libc.a
LOAD c:/maximsdk/tools/gnutools/10.3/bin/../lib/gcc/arm-none-eabi/10.3.1/../../../../arm-none-eabi/lib/thumb/v7e-m+fp/softfp\libm.a
LOAD c:/maximsdk/tools/gnutools/10.3/bin/../lib/gcc/arm-none-eabi/10.3.1/../../../../arm-none-eabi/lib/thumb/v7e-m+fp/softfp\libnosys.a
END GROUP
START GROUP
LOAD c:/maximsdk/tools/gnutools/10.3/bin/../lib/gcc/arm-none-eabi/10.3.1/thumb/v7e-m+fp/softfp\libgcc.a
LOAD c:/maximsdk/tools/gnutools/10.3/bin/../lib/gcc/arm-none-eabi/10.3.1/../../../../arm-none-eabi/lib/thumb/v7e-m+fp/softfp\libc.a
END GROUP
LOAD c:/maximsdk/tools/gnutools/10.3/bin/../lib/gcc/arm-none-eabi/10.3.1/thumb/v7e-m+fp/softfp/crtend.o
LOAD c:/maximsdk/tools/gnutools/10.3/bin/../lib/gcc/arm-none-eabi/10.3.1/thumb/v7e-m+fp/softfp/crtn.o

.rom
 *(.rom_vector)
 *(.rom_handlers*)

.text           0x10000000     0xcbc4
                0x10000000                _text = .
 *(.isr_vector)
 .isr_vector    0x10000000      0x1e0 C:/Users/ander/Documents/GitHub/GroundSight/GroundSight/camera-demo/build/startup_max78000.o
                0x10000000                __isr_vector
 *(.text*)
 .text          0x100001e0       0x40 c:/maximsdk/tools/gnutools/10.3/bin/../lib/gcc/arm-none-eabi/10.3.1/thumb/v7e-m+fp/softfp/crtbegin.o
 .text.D1_LED   0x10000220       0x50 C:/Users/ander/Documents/GitHub/GroundSight/GroundSight/camera-demo/build/main.o
                0x10000220                D1_LED
 .text.D2_LED   0x10000270       0x5c C:/Users/ander/Documents/GitHub/GroundSight/GroundSight/camera-demo/build/main.o
                0x10000270                D2_LED
 .text.serial_send_image
                0x100002cc       0x48 C:/Users/ander/Documents/GitHub/GroundSight/GroundSight/camera-demo/build/main.o
                0x100002cc                serial_send_image
 .text.capture_process_camera
                0x10000314       0xa8 C:/Users/ander/Documents/GitHub/GroundSight/GroundSight/camera-demo/build/main.o
                0x10000314                capture_process_camera
 .text.startup.main
                0x100003bc       0xd4 C:/Users/ander/Documents/GitHub/GroundSight/GroundSight/camera-demo/build/main.o
                0x100003bc                main
 .text.mxc_assert
                0x10000490       0x10 C:/Users/ander/Documents/GitHub/GroundSight/GroundSight/camera-demo/build/board.o
                0x10000490                mxc_assert
 .text.Board_Init
                0x100004a0       0x6c C:/Users/ander/Documents/GitHub/GroundSight/GroundSight/camera-demo/build/board.o
                0x100004a0                Board_Init
 .text.NMI_Handler
                0x1000050c        0x4 C:/Users/ander/Documents/GitHub/GroundSight/GroundSight/camera-demo/build/board.o
                0x1000050c                NMI_Handler
 .text.Camera_Power
                0x10000510       0x1c C:/Users/ander/Documents/GitHub/GroundSight/GroundSight/camera-demo/build/board.o
                0x10000510                Camera_Power
 .text._close   0x1000052c        0x8 C:/Users/ander/Documents/GitHub/GroundSight/GroundSight/camera-demo/build/stdio.o
                0x1000052c                _close
 .text._isatty  0x10000534        0x8 C:/Users/ander/Documents/GitHub/GroundSight/GroundSight/camera-demo/build/stdio.o
                0x10000534                _isatty
 .text._lseek   0x1000053c        0x8 C:/Users/ander/Documents/GitHub/GroundSight/GroundSight/camera-demo/build/stdio.o
                0x1000053c                _lseek
 .text._fstat   0x10000544        0x8 C:/Users/ander/Documents/GitHub/GroundSight/GroundSight/camera-demo/build/stdio.o
                0x10000544                _fstat
 .text._read    0x1000054c       0x50 C:/Users/ander/Documents/GitHub/GroundSight/GroundSight/camera-demo/build/stdio.o
                0x1000054c                _read
 .text._write   0x1000059c       0x54 C:/Users/ander/Documents/GitHub/GroundSight/GroundSight/camera-demo/build/stdio.o
                0x1000059c                _write
 .text.LED_Init
                0x100005f0       0x40 C:/Users/ander/Documents/GitHub/GroundSight/GroundSight/camera-demo/build/led.o
                0x100005f0                LED_Init
 .text.LED_On   0x10000630       0x40 C:/Users/ander/Documents/GitHub/GroundSight/GroundSight/camera-demo/build/led.o
                0x10000630                LED_On
 .text.LED_Off  0x10000670       0x40 C:/Users/ander/Documents/GitHub/GroundSight/GroundSight/camera-demo/build/led.o
                0x10000670                LED_Off
 .text.PB_Init  0x100006b0       0x38 C:/Users/ander/Documents/GitHub/GroundSight/GroundSight/camera-demo/build/pb.o
                0x100006b0                PB_Init
 .text.GPIO0_IRQHandler
                0x100006e8        0x8 C:/Users/ander/Documents/GitHub/GroundSight/GroundSight/camera-demo/build/pb.o
                0x100006e8                GPIO0_IRQHandler
 .text.GPIO1_IRQHandler
                0x100006f0        0x8 C:/Users/ander/Documents/GitHub/GroundSight/GroundSight/camera-demo/build/pb.o
                0x100006f0                GPIO1_IRQHandler
 .text.GPIO2_IRQHandler
                0x100006f8        0x8 C:/Users/ander/Documents/GitHub/GroundSight/GroundSight/camera-demo/build/pb.o
                0x100006f8                GPIO2_IRQHandler
 .text.PB_Get   0x10000700       0x44 C:/Users/ander/Documents/GitHub/GroundSight/GroundSight/camera-demo/build/pb.o
                0x10000700                PB_Get
 .text.camera_irq_handler
                0x10000744      0x13c C:/Users/ander/Documents/GitHub/GroundSight/GroundSight/camera-demo/build/camera.o
                0x10000744                camera_irq_handler
 .text.stream_callback
                0x10000880       0xbc C:/Users/ander/Documents/GitHub/GroundSight/GroundSight/camera-demo/build/camera.o
 .text.setup_dma
                0x1000093c       0x90 C:/Users/ander/Documents/GitHub/GroundSight/GroundSight/camera-demo/build/camera.o
 .text.stream_irq_handler
                0x100009cc        0x4 C:/Users/ander/Documents/GitHub/GroundSight/GroundSight/camera-demo/build/camera.o
                0x100009cc                stream_irq_handler
 .text.camera_init
                0x100009d0      0x138 C:/Users/ander/Documents/GitHub/GroundSight/GroundSight/camera-demo/build/camera.o
                0x100009d0                camera_init
 .text.camera_setup
                0x10000b08      0x1d8 C:/Users/ander/Documents/GitHub/GroundSight/GroundSight/camera-demo/build/camera.o
                0x10000b08                camera_setup
 .text.camera_write_reg
                0x10000ce0        0xc C:/Users/ander/Documents/GitHub/GroundSight/GroundSight/camera-demo/build/camera.o
                0x10000ce0                camera_write_reg
 .text.camera_start_capture_image
                0x10000cec       0x3c C:/Users/ander/Documents/GitHub/GroundSight/GroundSight/camera-demo/build/camera.o
                0x10000cec                camera_start_capture_image
 .text.camera_is_image_rcv
                0x10000d28       0x10 C:/Users/ander/Documents/GitHub/GroundSight/GroundSight/camera-demo/build/camera.o
                0x10000d28                camera_is_image_rcv
 .text.camera_get_image
                0x10000d38       0x3c C:/Users/ander/Documents/GitHub/GroundSight/GroundSight/camera-demo/build/camera.o
                0x10000d38                camera_get_image
 .text.get_camera_stream_buffer
                0x10000d74        0xc C:/Users/ander/Documents/GitHub/GroundSight/GroundSight/camera-demo/build/camera.o
                0x10000d74                get_camera_stream_buffer
 .text.release_camera_stream_buffer
                0x10000d80        0xc C:/Users/ander/Documents/GitHub/GroundSight/GroundSight/camera-demo/build/camera.o
                0x10000d80                release_camera_stream_buffer
 .text.get_camera_stream_statistic
                0x10000d8c        0x8 C:/Users/ander/Documents/GitHub/GroundSight/GroundSight/camera-demo/build/camera.o
                0x10000d8c                get_camera_stream_statistic
 .text.camera_set_contrast
                0x10000d94        0xc C:/Users/ander/Documents/GitHub/GroundSight/GroundSight/camera-demo/build/camera.o
                0x10000d94                camera_set_contrast
 .text.camera_set_brightness
                0x10000da0        0xc C:/Users/ander/Documents/GitHub/GroundSight/GroundSight/camera-demo/build/camera.o
                0x10000da0                camera_set_brightness
 .text.init     0x10000dac       0x10 C:/Users/ander/Documents/GitHub/GroundSight/GroundSight/camera-demo/build/ov7692.o
 .text.get_slave_address
                0x10000dbc        0xc C:/Users/ander/Documents/GitHub/GroundSight/GroundSight/camera-demo/build/ov7692.o
 .text.get_pixformat
                0x10000dc8       0x10 C:/Users/ander/Documents/GitHub/GroundSight/GroundSight/camera-demo/build/ov7692.o
 .text.set_saturation
                0x10000dd8        0x4 C:/Users/ander/Documents/GitHub/GroundSight/GroundSight/camera-demo/build/ov7692.o
 .text.get_luminance
                0x10000ddc       0x60 C:/Users/ander/Documents/GitHub/GroundSight/GroundSight/camera-demo/build/ov7692.o
 .text.read_reg
                0x10000e3c       0x20 C:/Users/ander/Documents/GitHub/GroundSight/GroundSight/camera-demo/build/ov7692.o
 .text.get_manufacture_id
                0x10000e5c       0x3c C:/Users/ander/Documents/GitHub/GroundSight/GroundSight/camera-demo/build/ov7692.o
 .text.get_product_id
                0x10000e98       0x3c C:/Users/ander/Documents/GitHub/GroundSight/GroundSight/camera-demo/build/ov7692.o
 .text.set_negateimage
                0x10000ed4       0x90 C:/Users/ander/Documents/GitHub/GroundSight/GroundSight/camera-demo/build/ov7692.o
 .text.set_vflip
                0x10000f64       0x3c C:/Users/ander/Documents/GitHub/GroundSight/GroundSight/camera-demo/build/ov7692.o
 .text.set_hmirror
                0x10000fa0       0x3c C:/Users/ander/Documents/GitHub/GroundSight/GroundSight/camera-demo/build/ov7692.o
 .text.set_colorbar
                0x10000fdc       0x3c C:/Users/ander/Documents/GitHub/GroundSight/GroundSight/camera-demo/build/ov7692.o
 .text.set_gainceiling
                0x10001018       0xa0 C:/Users/ander/Documents/GitHub/GroundSight/GroundSight/camera-demo/build/ov7692.o
 .text.set_brightness
                0x100010b8       0xa8 C:/Users/ander/Documents/GitHub/GroundSight/GroundSight/camera-demo/build/ov7692.o
 .text.set_contrast
                0x10001160       0xa0 C:/Users/ander/Documents/GitHub/GroundSight/GroundSight/camera-demo/build/ov7692.o
 .text.set_windowing
                0x10001200      0x120 C:/Users/ander/Documents/GitHub/GroundSight/GroundSight/camera-demo/build/ov7692.o
 .text.set_framesize
                0x10001320       0xc0 C:/Users/ander/Documents/GitHub/GroundSight/GroundSight/camera-demo/build/ov7692.o
 .text.set_pixformat
                0x100013e0       0x54 C:/Users/ander/Documents/GitHub/GroundSight/GroundSight/camera-demo/build/ov7692.o
 .text.write_reg
                0x10001434       0x18 C:/Users/ander/Documents/GitHub/GroundSight/GroundSight/camera-demo/build/ov7692.o
 .text.sleep    0x1000144c       0x3c C:/Users/ander/Documents/GitHub/GroundSight/GroundSight/camera-demo/build/ov7692.o
 .text.reset    0x10001488       0x64 C:/Users/ander/Documents/GitHub/GroundSight/GroundSight/camera-demo/build/ov7692.o
 .text.dump_registers
                0x100014ec       0xa4 C:/Users/ander/Documents/GitHub/GroundSight/GroundSight/camera-demo/build/ov7692.o
 .text.sensor_register
                0x10001590       0xbc C:/Users/ander/Documents/GitHub/GroundSight/GroundSight/camera-demo/build/ov7692.o
                0x10001590                sensor_register
 .text.send_byte
                0x1000164c       0x68 C:/Users/ander/Documents/GitHub/GroundSight/GroundSight/camera-demo/build/sccb.o
 .text.get_byte
                0x100016b4       0x50 C:/Users/ander/Documents/GitHub/GroundSight/GroundSight/camera-demo/build/sccb.o
 .text.sccb_init
                0x10001704       0x2c C:/Users/ander/Documents/GitHub/GroundSight/GroundSight/camera-demo/build/sccb.o
                0x10001704                sccb_init
 .text.sccb_read_byt
                0x10001730      0x11c C:/Users/ander/Documents/GitHub/GroundSight/GroundSight/camera-demo/build/sccb.o
                0x10001730                sccb_read_byt
 .text.sccb_write_byt
                0x1000184c       0xa4 C:/Users/ander/Documents/GitHub/GroundSight/GroundSight/camera-demo/build/sccb.o
                0x1000184c                sccb_write_byt
 .text.reg_read
                0x100018f0       0x78 C:/Users/ander/Documents/GitHub/GroundSight/GroundSight/camera-demo/build/max20303.o
 .text.reg_write
                0x10001968       0x60 C:/Users/ander/Documents/GitHub/GroundSight/GroundSight/camera-demo/build/max20303.o
 .text.reg_write_buf.constprop.0
                0x100019c8       0x70 C:/Users/ander/Documents/GitHub/GroundSight/GroundSight/camera-demo/build/max20303.o
 .text.max20303_camera_power
                0x10001a38       0x68 C:/Users/ander/Documents/GitHub/GroundSight/GroundSight/camera-demo/build/max20303.o
                0x10001a38                max20303_camera_power
 .text.max20303_init
                0x10001aa0       0x68 C:/Users/ander/Documents/GitHub/GroundSight/GroundSight/camera-demo/build/max20303.o
                0x10001aa0                max20303_init
 .text          0x10001b08      0x148 C:/Users/ander/Documents/GitHub/GroundSight/GroundSight/camera-demo/build/startup_max78000.o
                0x10001b08                Reset_Handler
                0x10001b46                HardFault_Handler
                0x10001b48                MemManage_Handler
                0x10001b4a                BusFault_Handler
                0x10001b4c                UsageFault_Handler
                0x10001b4e                SVC_Handler
                0x10001b50                DebugMon_Handler
                0x10001b52                PendSV_Handler
                0x10001b54                SysTick_Handler
                0x10001b56                Default_Handler
                0x10001b58                PF_IRQHandler
                0x10001b5a                WDT0_IRQHandler
                0x10001b5c                RSV02_IRQHandler
                0x10001b5e                RTC_IRQHandler
                0x10001b60                TRNG_IRQHandler
                0x10001b62                TMR0_IRQHandler
                0x10001b64                TMR1_IRQHandler
                0x10001b66                TMR2_IRQHandler
                0x10001b68                TMR3_IRQHandler
                0x10001b6a                TMR4_IRQHandler
                0x10001b6c                TMR5_IRQHandler
                0x10001b6e                RSV11_IRQHandler
                0x10001b70                RSV12_IRQHandler
                0x10001b72                I2C0_IRQHandler
                0x10001b74                UART0_IRQHandler
                0x10001b76                UART1_IRQHandler
                0x10001b78                SPI1_IRQHandler
                0x10001b7a                RSV17_IRQHandler
                0x10001b7c                RSV18_IRQHandler
                0x10001b7e                RSV19_IRQHandler
                0x10001b80                ADC_IRQHandler
                0x10001b82                RSV21_IRQHandler
                0x10001b84                RSV22_IRQHandler
                0x10001b86                FLC0_IRQHandler
                0x10001b8e                RSV27_IRQHandler
                0x10001b90                DMA0_IRQHandler
                0x10001b92                DMA1_IRQHandler
                0x10001b94                DMA2_IRQHandler
                0x10001b96                DMA3_IRQHandler
                0x10001b98                RSV32_IRQHandler
                0x10001b9a                RSV33_IRQHandler
                0x10001b9c                UART2_IRQHandler
                0x10001b9e                RSV35_IRQHandler
                0x10001ba0                I2C1_IRQHandler
                0x10001ba2                RSV37_IRQHandler
                0x10001ba4                RSV38_IRQHandler
                0x10001ba6                RSV39_IRQHandler
                0x10001ba8                RSV40_IRQHandler
                0x10001baa                RSV41_IRQHandler
                0x10001bac                RSV42_IRQHandler
                0x10001bae                RSV43_IRQHandler
                0x10001bb0                RSV44_IRQHandler
                0x10001bb2                RSV45_IRQHandler
                0x10001bb4                RSV46_IRQHandler
                0x10001bb6                RSV47_IRQHandler
                0x10001bb8                RSV48_IRQHandler
                0x10001bba                RSV49_IRQHandler
                0x10001bbc                RSV50_IRQHandler
                0x10001bbe                RSV51_IRQHandler
                0x10001bc0                RSV52_IRQHandler
                0x10001bc2                WUT_IRQHandler
                0x10001bc4                GPIOWAKE_IRQHandler
                0x10001bc6                RSV55_IRQHandler
                0x10001bc8                SPI0_IRQHandler
                0x10001bca                WDT1_IRQHandler
                0x10001bcc                RSV58_IRQHandler
                0x10001bce                PT_IRQHandler
                0x10001bd0                RSV60_IRQHandler
                0x10001bd2                RSV61_IRQHandler
                0x10001bd4                I2C2_IRQHandler
                0x10001bd6                RISCV_IRQHandler
                0x10001bd8                RSV64_IRQHandler
                0x10001bda                RSV65_IRQHandler
                0x10001bdc                RSV66_IRQHandler
                0x10001bde                OWM_IRQHandler
                0x10001be0                RSV68_IRQHandler
                0x10001be2                RSV69_IRQHandler
                0x10001be4                RSV70_IRQHandler
                0x10001be6                RSV71_IRQHandler
                0x10001be8                RSV72_IRQHandler
                0x10001bea                RSV73_IRQHandler
                0x10001bec                RSV74_IRQHandler
                0x10001bee                RSV75_IRQHandler
                0x10001bf0                RSV76_IRQHandler
                0x10001bf2                RSV77_IRQHandler
                0x10001bf4                RSV78_IRQHandler
                0x10001bf6                RSV79_IRQHandler
                0x10001bf8                RSV80_IRQHandler
                0x10001bfa                RSV81_IRQHandler
                0x10001bfc                ECC_IRQHandler
                0x10001bfe                DVS_IRQHandler
                0x10001c00                SIMO_IRQHandler
                0x10001c02                RSV85_IRQHandler
                0x10001c04                RSV86_IRQHandler
                0x10001c06                RSV87_IRQHandler
                0x10001c08                UART3_IRQHandler
                0x10001c0a                RSV89_IRQHandler
                0x10001c0c                RSV90_IRQHandler
                0x10001c0e                PCIF_IRQHandler
                0x10001c10                RSV92_IRQHandler
                0x10001c12                RSV93_IRQHandler
                0x10001c14                RSV94_IRQHandler
                0x10001c16                RSV95_IRQHandler
                0x10001c18                RSV96_IRQHandler
                0x10001c1a                AES_IRQHandler
                0x10001c1c                RSV98_IRQHandler
                0x10001c1e                I2S_IRQHandler
                0x10001c20                CNN_FIFO_IRQHandler
                0x10001c22                CNN_IRQHandler
                0x10001c24                RSV102_IRQHandler
                0x10001c26                LPCMP_IRQHandler
 .text._sbrk    0x10001c50       0x3c C:/Users/ander/Documents/GitHub/GroundSight/GroundSight/camera-demo/build/heap.o
                0x10001c50                _sbrk
 .text.SystemCoreClockUpdate
                0x10001c8c       0x68 C:/Users/ander/Documents/GitHub/GroundSight/GroundSight/camera-demo/build/system_max78000.o
                0x10001c8c                SystemCoreClockUpdate
 .text.PreInit  0x10001cf4        0x4 C:/Users/ander/Documents/GitHub/GroundSight/GroundSight/camera-demo/build/system_max78000.o
                0x10001cf4                PreInit
 .text.SystemInit
                0x10001cf8       0x38 C:/Users/ander/Documents/GitHub/GroundSight/GroundSight/camera-demo/build/system_max78000.o
                0x10001cf8                SystemInit
 .text.MXC_DelayInit
                0x10001d30       0x7c C:/MaximSDK/Libraries/PeriphDrivers/bin/MAX78000/softfp/libPeriphDriver_softfp.a(mxc_delay.o)
 .text.MXC_DelayAsync
                0x10001dac       0x3c C:/MaximSDK/Libraries/PeriphDrivers/bin/MAX78000/softfp/libPeriphDriver_softfp.a(mxc_delay.o)
                0x10001dac                MXC_DelayAsync
 .text.MXC_DelayAbort
                0x10001de8       0x34 C:/MaximSDK/Libraries/PeriphDrivers/bin/MAX78000/softfp/libPeriphDriver_softfp.a(mxc_delay.o)
                0x10001de8                MXC_DelayAbort
 .text.MXC_DelayCheck
                0x10001e1c       0x58 C:/MaximSDK/Libraries/PeriphDrivers/bin/MAX78000/softfp/libPeriphDriver_softfp.a(mxc_delay.o)
                0x10001e1c                MXC_DelayCheck
 .text.MXC_Delay
                0x10001e74       0x50 C:/MaximSDK/Libraries/PeriphDrivers/bin/MAX78000/softfp/libPeriphDriver_softfp.a(mxc_delay.o)
                0x10001e74                MXC_Delay
 .text.MXC_SYS_IsClockEnabled
                0x10001ec4       0x34 C:/MaximSDK/Libraries/PeriphDrivers/bin/MAX78000/softfp/libPeriphDriver_softfp.a(sys_ai85.o)
                0x10001ec4                MXC_SYS_IsClockEnabled
 .text.MXC_SYS_ClockDisable
                0x10001ef8       0x44 C:/MaximSDK/Libraries/PeriphDrivers/bin/MAX78000/softfp/libPeriphDriver_softfp.a(sys_ai85.o)
                0x10001ef8                MXC_SYS_ClockDisable
 .text.MXC_SYS_ClockEnable
                0x10001f3c       0x4c C:/MaximSDK/Libraries/PeriphDrivers/bin/MAX78000/softfp/libPeriphDriver_softfp.a(sys_ai85.o)
                0x10001f3c                MXC_SYS_ClockEnable
 .text.MXC_SYS_Clock_Timeout
                0x10001f88       0x2e C:/MaximSDK/Libraries/PeriphDrivers/bin/MAX78000/softfp/libPeriphDriver_softfp.a(sys_ai85.o)
                0x10001f88                MXC_SYS_Clock_Timeout
 .text.MXC_SYS_ClockSourceEnable
                0x10001fb6       0x6c C:/MaximSDK/Libraries/PeriphDrivers/bin/MAX78000/softfp/libPeriphDriver_softfp.a(sys_ai85.o)
                0x10001fb6                MXC_SYS_ClockSourceEnable
 .text.MXC_SYS_Clock_Select
                0x10002022      0x106 C:/MaximSDK/Libraries/PeriphDrivers/bin/MAX78000/softfp/libPeriphDriver_softfp.a(sys_ai85.o)
                0x10002022                MXC_SYS_Clock_Select
 .text.MXC_SYS_Reset_Periph
                0x10002128       0x4c C:/MaximSDK/Libraries/PeriphDrivers/bin/MAX78000/softfp/libPeriphDriver_softfp.a(sys_ai85.o)
                0x10002128                MXC_SYS_Reset_Periph
 .text.NVIC_SetRAM
                0x10002174       0x24 C:/MaximSDK/Libraries/PeriphDrivers/bin/MAX78000/softfp/libPeriphDriver_softfp.a(nvic_table.o)
                0x10002174                NVIC_SetRAM
 .text.NVIC_SetVector
                0x10002198       0x3c C:/MaximSDK/Libraries/PeriphDrivers/bin/MAX78000/softfp/libPeriphDriver_softfp.a(nvic_table.o)
                0x10002198                NVIC_SetVector
 .text.MXC_PCIF_Init
                0x100021d4       0x68 C:/MaximSDK/Libraries/PeriphDrivers/bin/MAX78000/softfp/libPeriphDriver_softfp.a(cameraif_ai85.o)
                0x100021d4                MXC_PCIF_Init
 .text.MXC_PCIF_SetDataWidth
                0x1000223c        0xc C:/MaximSDK/Libraries/PeriphDrivers/bin/MAX78000/softfp/libPeriphDriver_softfp.a(cameraif_ai85.o)
                0x1000223c                MXC_PCIF_SetDataWidth
 .text.MXC_PCIF_SetTimingSel
                0x10002248        0xc C:/MaximSDK/Libraries/PeriphDrivers/bin/MAX78000/softfp/libPeriphDriver_softfp.a(cameraif_ai85.o)
                0x10002248                MXC_PCIF_SetTimingSel
 .text.MXC_PCIF_SetThreshold
                0x10002254        0xc C:/MaximSDK/Libraries/PeriphDrivers/bin/MAX78000/softfp/libPeriphDriver_softfp.a(cameraif_ai85.o)
                0x10002254                MXC_PCIF_SetThreshold
 .text.MXC_PCIF_EnableInt
                0x10002260        0xc C:/MaximSDK/Libraries/PeriphDrivers/bin/MAX78000/softfp/libPeriphDriver_softfp.a(cameraif_ai85.o)
                0x10002260                MXC_PCIF_EnableInt
 .text.MXC_PCIF_DisableInt
                0x1000226c        0xc C:/MaximSDK/Libraries/PeriphDrivers/bin/MAX78000/softfp/libPeriphDriver_softfp.a(cameraif_ai85.o)
                0x1000226c                MXC_PCIF_DisableInt
 .text.MXC_PCIF_Start
                0x10002278        0xc C:/MaximSDK/Libraries/PeriphDrivers/bin/MAX78000/softfp/libPeriphDriver_softfp.a(cameraif_ai85.o)
                0x10002278                MXC_PCIF_Start
 .text.MXC_PCIF_RevA_SetDatawidth
                0x10002284       0x12 C:/MaximSDK/Libraries/PeriphDrivers/bin/MAX78000/softfp/libPeriphDriver_softfp.a(cameraif_reva.o)
                0x10002284                MXC_PCIF_RevA_SetDatawidth
 .text.MXC_PCIF_RevA_SetTimingSel
                0x10002296       0x12 C:/MaximSDK/Libraries/PeriphDrivers/bin/MAX78000/softfp/libPeriphDriver_softfp.a(cameraif_reva.o)
                0x10002296                MXC_PCIF_RevA_SetTimingSel
 .text.MXC_PCIF_RevA_SetThreshold
                0x100022a8       0x16 C:/MaximSDK/Libraries/PeriphDrivers/bin/MAX78000/softfp/libPeriphDriver_softfp.a(cameraif_reva.o)
                0x100022a8                MXC_PCIF_RevA_SetThreshold
 .text.MXC_PCIF_RevA_EnableInt
                0x100022be        0xc C:/MaximSDK/Libraries/PeriphDrivers/bin/MAX78000/softfp/libPeriphDriver_softfp.a(cameraif_reva.o)
                0x100022be                MXC_PCIF_RevA_EnableInt
 .text.MXC_PCIF_RevA_DisableInt
                0x100022ca        0xe C:/MaximSDK/Libraries/PeriphDrivers/bin/MAX78000/softfp/libPeriphDriver_softfp.a(cameraif_reva.o)
                0x100022ca                MXC_PCIF_RevA_DisableInt
 .text.MXC_PCIF_RevA_Start
                0x100022d8       0x14 C:/MaximSDK/Libraries/PeriphDrivers/bin/MAX78000/softfp/libPeriphDriver_softfp.a(cameraif_reva.o)
                0x100022d8                MXC_PCIF_RevA_Start
 .text.MXC_DMA_Init
                0x100022ec       0x28 C:/MaximSDK/Libraries/PeriphDrivers/bin/MAX78000/softfp/libPeriphDriver_softfp.a(dma_me17.o)
                0x100022ec                MXC_DMA_Init
 .text.MXC_DMA_AcquireChannel
                0x10002314        0xc C:/MaximSDK/Libraries/PeriphDrivers/bin/MAX78000/softfp/libPeriphDriver_softfp.a(dma_me17.o)
                0x10002314                MXC_DMA_AcquireChannel
 .text.MXC_DMA_SetCallback
                0x10002320        0x4 C:/MaximSDK/Libraries/PeriphDrivers/bin/MAX78000/softfp/libPeriphDriver_softfp.a(dma_me17.o)
                0x10002320                MXC_DMA_SetCallback
 .text.MXC_DMA_ChannelClearFlags
                0x10002324        0x4 C:/MaximSDK/Libraries/PeriphDrivers/bin/MAX78000/softfp/libPeriphDriver_softfp.a(dma_me17.o)
                0x10002324                MXC_DMA_ChannelClearFlags
 .text.MXC_DMA_Handler
                0x10002328        0xc C:/MaximSDK/Libraries/PeriphDrivers/bin/MAX78000/softfp/libPeriphDriver_softfp.a(dma_me17.o)
                0x10002328                MXC_DMA_Handler
 .text.MXC_DMA_RevA_Init
                0x10002334       0x8c C:/MaximSDK/Libraries/PeriphDrivers/bin/MAX78000/softfp/libPeriphDriver_softfp.a(dma_reva.o)
                0x10002334                MXC_DMA_RevA_Init
 .text.MXC_DMA_RevA_AcquireChannel
                0x100023c0       0x6c C:/MaximSDK/Libraries/PeriphDrivers/bin/MAX78000/softfp/libPeriphDriver_softfp.a(dma_reva.o)
                0x100023c0                MXC_DMA_RevA_AcquireChannel
 .text.MXC_DMA_RevA_SetCallback
                0x1000242c       0x20 C:/MaximSDK/Libraries/PeriphDrivers/bin/MAX78000/softfp/libPeriphDriver_softfp.a(dma_reva.o)
                0x1000242c                MXC_DMA_RevA_SetCallback
 .text.MXC_DMA_RevA_ChannelGetFlags
                0x1000244c       0x20 C:/MaximSDK/Libraries/PeriphDrivers/bin/MAX78000/softfp/libPeriphDriver_softfp.a(dma_reva.o)
                0x1000244c                MXC_DMA_RevA_ChannelGetFlags
 .text.MXC_DMA_RevA_ChannelClearFlags
                0x1000246c       0x2c C:/MaximSDK/Libraries/PeriphDrivers/bin/MAX78000/softfp/libPeriphDriver_softfp.a(dma_reva.o)
                0x1000246c                MXC_DMA_RevA_ChannelClearFlags
 .text.MXC_DMA_RevA_Handler
                0x10002498       0x64 C:/MaximSDK/Libraries/PeriphDrivers/bin/MAX78000/softfp/libPeriphDriver_softfp.a(dma_reva.o)
                0x10002498                MXC_DMA_RevA_Handler
 .text.MXC_GPIO_Init
                0x100024fc       0x22 C:/MaximSDK/Libraries/PeriphDrivers/bin/MAX78000/softfp/libPeriphDriver_softfp.a(gpio_ai85.o)
                0x100024fc                MXC_GPIO_Init
 *fill*         0x1000251e        0x2 
 .text.MXC_GPIO_Config
                0x10002520      0x1e4 C:/MaximSDK/Libraries/PeriphDrivers/bin/MAX78000/softfp/libPeriphDriver_softfp.a(gpio_ai85.o)
                0x10002520                MXC_GPIO_Config
 .text.MXC_GPIO_InGet
                0x10002704       0x30 C:/MaximSDK/Libraries/PeriphDrivers/bin/MAX78000/softfp/libPeriphDriver_softfp.a(gpio_ai85.o)
                0x10002704                MXC_GPIO_InGet
 .text.MXC_GPIO_OutSet
                0x10002734       0x34 C:/MaximSDK/Libraries/PeriphDrivers/bin/MAX78000/softfp/libPeriphDriver_softfp.a(gpio_ai85.o)
                0x10002734                MXC_GPIO_OutSet
 .text.MXC_GPIO_OutClr
                0x10002768       0x34 C:/MaximSDK/Libraries/PeriphDrivers/bin/MAX78000/softfp/libPeriphDriver_softfp.a(gpio_ai85.o)
                0x10002768                MXC_GPIO_OutClr
 .text.MXC_GPIO_Handler
                0x1000279c        0x4 C:/MaximSDK/Libraries/PeriphDrivers/bin/MAX78000/softfp/libPeriphDriver_softfp.a(gpio_ai85.o)
                0x1000279c                MXC_GPIO_Handler
 .text.MXC_GPIO_ClearFlags
                0x100027a0        0x4 C:/MaximSDK/Libraries/PeriphDrivers/bin/MAX78000/softfp/libPeriphDriver_softfp.a(gpio_ai85.o)
                0x100027a0                MXC_GPIO_ClearFlags
 .text.MXC_GPIO_GetFlags
                0x100027a4        0x4 C:/MaximSDK/Libraries/PeriphDrivers/bin/MAX78000/softfp/libPeriphDriver_softfp.a(gpio_ai85.o)
                0x100027a4                MXC_GPIO_GetFlags
 .text.MXC_GPIO_SetVSSEL
                0x100027a8        0x4 C:/MaximSDK/Libraries/PeriphDrivers/bin/MAX78000/softfp/libPeriphDriver_softfp.a(gpio_ai85.o)
                0x100027a8                MXC_GPIO_SetVSSEL
 .text.MXC_GPIO_RevA_InGet
                0x100027ac        0x6 C:/MaximSDK/Libraries/PeriphDrivers/bin/MAX78000/softfp/libPeriphDriver_softfp.a(gpio_reva.o)
                0x100027ac                MXC_GPIO_RevA_InGet
 .text.MXC_GPIO_RevA_OutSet
                0x100027b2        0x4 C:/MaximSDK/Libraries/PeriphDrivers/bin/MAX78000/softfp/libPeriphDriver_softfp.a(gpio_reva.o)
                0x100027b2                MXC_GPIO_RevA_OutSet
 .text.MXC_GPIO_RevA_OutClr
                0x100027b6        0x4 C:/MaximSDK/Libraries/PeriphDrivers/bin/MAX78000/softfp/libPeriphDriver_softfp.a(gpio_reva.o)
                0x100027b6                MXC_GPIO_RevA_OutClr
 .text.MXC_GPIO_RevA_ClearFlags
                0x100027ba        0x4 C:/MaximSDK/Libraries/PeriphDrivers/bin/MAX78000/softfp/libPeriphDriver_softfp.a(gpio_reva.o)
                0x100027ba                MXC_GPIO_RevA_ClearFlags
 .text.MXC_GPIO_RevA_GetFlags
                0x100027be        0x4 C:/MaximSDK/Libraries/PeriphDrivers/bin/MAX78000/softfp/libPeriphDriver_softfp.a(gpio_reva.o)
                0x100027be                MXC_GPIO_RevA_GetFlags
 .text.MXC_GPIO_RevA_SetVSSEL
                0x100027c2       0x24 C:/MaximSDK/Libraries/PeriphDrivers/bin/MAX78000/softfp/libPeriphDriver_softfp.a(gpio_reva.o)
                0x100027c2                MXC_GPIO_RevA_SetVSSEL
 .text.MXC_GPIO_RevA_SetAF
                0x100027e6       0x44 C:/MaximSDK/Libraries/PeriphDrivers/bin/MAX78000/softfp/libPeriphDriver_softfp.a(gpio_reva.o)
                0x100027e6                MXC_GPIO_RevA_SetAF
 .text.MXC_I2C_SetSlaveAddr
                0x1000282a        0x4 C:/MaximSDK/Libraries/PeriphDrivers/bin/MAX78000/softfp/libPeriphDriver_softfp.a(i2c_me17.o)
                0x1000282a                MXC_I2C_SetSlaveAddr
 *fill*         0x1000282e        0x2 
 .text.MXC_I2C_Shutdown
                0x10002830       0x4c C:/MaximSDK/Libraries/PeriphDrivers/bin/MAX78000/softfp/libPeriphDriver_softfp.a(i2c_me17.o)
                0x10002830                MXC_I2C_Shutdown
 .text.MXC_I2C_Init
                0x1000287c       0x74 C:/MaximSDK/Libraries/PeriphDrivers/bin/MAX78000/softfp/libPeriphDriver_softfp.a(i2c_me17.o)
                0x1000287c                MXC_I2C_Init
 .text.MXC_I2C_SetFrequency
                0x100028f0       0x14 C:/MaximSDK/Libraries/PeriphDrivers/bin/MAX78000/softfp/libPeriphDriver_softfp.a(i2c_me17.o)
                0x100028f0                MXC_I2C_SetFrequency
 .text.MXC_I2C_GetFrequency
                0x10002904        0x4 C:/MaximSDK/Libraries/PeriphDrivers/bin/MAX78000/softfp/libPeriphDriver_softfp.a(i2c_me17.o)
                0x10002904                MXC_I2C_GetFrequency
 .text.MXC_I2C_Start
                0x10002908        0x4 C:/MaximSDK/Libraries/PeriphDrivers/bin/MAX78000/softfp/libPeriphDriver_softfp.a(i2c_me17.o)
                0x10002908                MXC_I2C_Start
 .text.MXC_I2C_Stop
                0x1000290c        0x4 C:/MaximSDK/Libraries/PeriphDrivers/bin/MAX78000/softfp/libPeriphDriver_softfp.a(i2c_me17.o)
                0x1000290c                MXC_I2C_Stop
 .text.MXC_I2C_ReadRXFIFO
                0x10002910        0x4 C:/MaximSDK/Libraries/PeriphDrivers/bin/MAX78000/softfp/libPeriphDriver_softfp.a(i2c_me17.o)
                0x10002910                MXC_I2C_ReadRXFIFO
 .text.MXC_I2C_WriteTXFIFO
                0x10002914        0x4 C:/MaximSDK/Libraries/PeriphDrivers/bin/MAX78000/softfp/libPeriphDriver_softfp.a(i2c_me17.o)
                0x10002914                MXC_I2C_WriteTXFIFO
 .text.MXC_I2C_ClearRXFIFO
                0x10002918        0x4 C:/MaximSDK/Libraries/PeriphDrivers/bin/MAX78000/softfp/libPeriphDriver_softfp.a(i2c_me17.o)
                0x10002918                MXC_I2C_ClearRXFIFO
 .text.MXC_I2C_ClearTXFIFO
                0x1000291c        0x4 C:/MaximSDK/Libraries/PeriphDrivers/bin/MAX78000/softfp/libPeriphDriver_softfp.a(i2c_me17.o)
                0x1000291c                MXC_I2C_ClearTXFIFO
 .text.MXC_I2C_ClearFlags
                0x10002920        0x4 C:/MaximSDK/Libraries/PeriphDrivers/bin/MAX78000/softfp/libPeriphDriver_softfp.a(i2c_me17.o)
                0x10002920                MXC_I2C_ClearFlags
 .text.MXC_I2C_Recover
                0x10002924        0x4 C:/MaximSDK/Libraries/PeriphDrivers/bin/MAX78000/softfp/libPeriphDriver_softfp.a(i2c_me17.o)
                0x10002924                MXC_I2C_Recover
 .text.MXC_I2C_MasterTransaction
                0x10002928        0x4 C:/MaximSDK/Libraries/PeriphDrivers/bin/MAX78000/softfp/libPeriphDriver_softfp.a(i2c_me17.o)
                0x10002928                MXC_I2C_MasterTransaction
 .text.MXC_I2C_SetRXThreshold
                0x1000292c        0x4 C:/MaximSDK/Libraries/PeriphDrivers/bin/MAX78000/softfp/libPeriphDriver_softfp.a(i2c_me17.o)
                0x1000292c                MXC_I2C_SetRXThreshold
 .text.MXC_I2C_SetTXThreshold
                0x10002930        0x4 C:/MaximSDK/Libraries/PeriphDrivers/bin/MAX78000/softfp/libPeriphDriver_softfp.a(i2c_me17.o)
                0x10002930                MXC_I2C_SetTXThreshold
 .text.MXC_I2C_RevA_Init
                0x10002934       0xc0 C:/MaximSDK/Libraries/PeriphDrivers/bin/MAX78000/softfp/libPeriphDriver_softfp.a(i2c_reva.o)
                0x10002934                MXC_I2C_RevA_Init
 .text.MXC_I2C_RevA_SetSlaveAddr
                0x100029f4       0x34 C:/MaximSDK/Libraries/PeriphDrivers/bin/MAX78000/softfp/libPeriphDriver_softfp.a(i2c_reva.o)
                0x100029f4                MXC_I2C_RevA_SetSlaveAddr
 .text.MXC_I2C_RevA_SetFrequency
                0x10002a28       0x6c C:/MaximSDK/Libraries/PeriphDrivers/bin/MAX78000/softfp/libPeriphDriver_softfp.a(i2c_reva.o)
                0x10002a28                MXC_I2C_RevA_SetFrequency
 .text.MXC_I2C_RevA_GetFrequency
                0x10002a94       0x20 C:/MaximSDK/Libraries/PeriphDrivers/bin/MAX78000/softfp/libPeriphDriver_softfp.a(i2c_reva.o)
                0x10002a94                MXC_I2C_RevA_GetFrequency
 .text.MXC_I2C_RevA_Start
                0x10002ab4       0x26 C:/MaximSDK/Libraries/PeriphDrivers/bin/MAX78000/softfp/libPeriphDriver_softfp.a(i2c_reva.o)
                0x10002ab4                MXC_I2C_RevA_Start
 .text.MXC_I2C_RevA_Stop
                0x10002ada       0x1c C:/MaximSDK/Libraries/PeriphDrivers/bin/MAX78000/softfp/libPeriphDriver_softfp.a(i2c_reva.o)
                0x10002ada                MXC_I2C_RevA_Stop
 .text.MXC_I2C_RevA_ReadRXFIFO
                0x10002af6       0x26 C:/MaximSDK/Libraries/PeriphDrivers/bin/MAX78000/softfp/libPeriphDriver_softfp.a(i2c_reva.o)
                0x10002af6                MXC_I2C_RevA_ReadRXFIFO
 .text.MXC_I2C_RevA_WriteTXFIFO
                0x10002b1c       0x26 C:/MaximSDK/Libraries/PeriphDrivers/bin/MAX78000/softfp/libPeriphDriver_softfp.a(i2c_reva.o)
                0x10002b1c                MXC_I2C_RevA_WriteTXFIFO
 .text.MXC_I2C_RevA_ClearRXFIFO
                0x10002b42       0x10 C:/MaximSDK/Libraries/PeriphDrivers/bin/MAX78000/softfp/libPeriphDriver_softfp.a(i2c_reva.o)
                0x10002b42                MXC_I2C_RevA_ClearRXFIFO
 .text.MXC_I2C_RevA_ClearTXFIFO
                0x10002b52       0x10 C:/MaximSDK/Libraries/PeriphDrivers/bin/MAX78000/softfp/libPeriphDriver_softfp.a(i2c_reva.o)
                0x10002b52                MXC_I2C_RevA_ClearTXFIFO
 .text.MXC_I2C_RevA_ClearFlags
                0x10002b62        0x6 C:/MaximSDK/Libraries/PeriphDrivers/bin/MAX78000/softfp/libPeriphDriver_softfp.a(i2c_reva.o)
                0x10002b62                MXC_I2C_RevA_ClearFlags
 .text.MXC_I2C_RevA_Recover
                0x10002b68       0xc6 C:/MaximSDK/Libraries/PeriphDrivers/bin/MAX78000/softfp/libPeriphDriver_softfp.a(i2c_reva.o)
                0x10002b68                MXC_I2C_RevA_Recover
 *fill*         0x10002c2e        0x2 
 .text.MXC_I2C_RevA_MasterTransaction
                0x10002c30      0x178 C:/MaximSDK/Libraries/PeriphDrivers/bin/MAX78000/softfp/libPeriphDriver_softfp.a(i2c_reva.o)
                0x10002c30                MXC_I2C_RevA_MasterTransaction
 .text.MXC_I2C_RevA_SetRXThreshold
                0x10002da8       0x1e C:/MaximSDK/Libraries/PeriphDrivers/bin/MAX78000/softfp/libPeriphDriver_softfp.a(i2c_reva.o)
                0x10002da8                MXC_I2C_RevA_SetRXThreshold
 .text.MXC_I2C_RevA_SetTXThreshold
                0x10002dc6       0x20 C:/MaximSDK/Libraries/PeriphDrivers/bin/MAX78000/softfp/libPeriphDriver_softfp.a(i2c_reva.o)
                0x10002dc6                MXC_I2C_RevA_SetTXThreshold
 .text.MXC_ICC_Enable
                0x10002de6        0x4 C:/MaximSDK/Libraries/PeriphDrivers/bin/MAX78000/softfp/libPeriphDriver_softfp.a(icc_me17.o)
                0x10002de6                MXC_ICC_Enable
 .text.MXC_ICC_RevA_Enable
                0x10002dea       0x30 C:/MaximSDK/Libraries/PeriphDrivers/bin/MAX78000/softfp/libPeriphDriver_softfp.a(icc_reva.o)
                0x10002dea                MXC_ICC_RevA_Enable
 *fill*         0x10002e1a        0x2 
 .text.MXC_PT_Init
                0x10002e1c       0x90 C:/MaximSDK/Libraries/PeriphDrivers/bin/MAX78000/softfp/libPeriphDriver_softfp.a(pt_me17.o)
                0x10002e1c                MXC_PT_Init
 .text.MXC_PT_Config
                0x10002eac       0x4c C:/MaximSDK/Libraries/PeriphDrivers/bin/MAX78000/softfp/libPeriphDriver_softfp.a(pt_me17.o)
                0x10002eac                MXC_PT_Config
 .text.MXC_PT_SqrWaveConfig
                0x10002ef8       0x20 C:/MaximSDK/Libraries/PeriphDrivers/bin/MAX78000/softfp/libPeriphDriver_softfp.a(pt_me17.o)
                0x10002ef8                MXC_PT_SqrWaveConfig
 .text.MXC_PT_Start
                0x10002f18        0xc C:/MaximSDK/Libraries/PeriphDrivers/bin/MAX78000/softfp/libPeriphDriver_softfp.a(pt_me17.o)
                0x10002f18                MXC_PT_Start
 .text.MXC_PT_IsActive
                0x10002f24        0xc C:/MaximSDK/Libraries/PeriphDrivers/bin/MAX78000/softfp/libPeriphDriver_softfp.a(pt_me17.o)
                0x10002f24                MXC_PT_IsActive
 .text.MXC_PT_RevA_Init
                0x10002f30        0xa C:/MaximSDK/Libraries/PeriphDrivers/bin/MAX78000/softfp/libPeriphDriver_softfp.a(pt_reva.o)
                0x10002f30                MXC_PT_RevA_Init
 *fill*         0x10002f3a        0x2 
 .text.MXC_PT_RevA_Config
                0x10002f3c       0xbc C:/MaximSDK/Libraries/PeriphDrivers/bin/MAX78000/softfp/libPeriphDriver_softfp.a(pt_reva.o)
                0x10002f3c                MXC_PT_RevA_Config
 .text.MXC_PT_RevA_SqrWaveConfig
                0x10002ff8       0x14 C:/MaximSDK/Libraries/PeriphDrivers/bin/MAX78000/softfp/libPeriphDriver_softfp.a(pt_reva.o)
                0x10002ff8                MXC_PT_RevA_SqrWaveConfig
 .text.MXC_PT_RevA_Start
                0x1000300c       0x10 C:/MaximSDK/Libraries/PeriphDrivers/bin/MAX78000/softfp/libPeriphDriver_softfp.a(pt_reva.o)
                0x1000300c                MXC_PT_RevA_Start
 .text.MXC_PT_RevA_IsActive
                0x1000301c        0xc C:/MaximSDK/Libraries/PeriphDrivers/bin/MAX78000/softfp/libPeriphDriver_softfp.a(pt_reva.o)
                0x1000301c                MXC_PT_RevA_IsActive
 .text.MXC_UART_GetFrequency.part.0
                0x10003028       0x54 C:/MaximSDK/Libraries/PeriphDrivers/bin/MAX78000/softfp/libPeriphDriver_softfp.a(uart_ai85.o)
 .text.MXC_UART_Shutdown
                0x1000307c       0x60 C:/MaximSDK/Libraries/PeriphDrivers/bin/MAX78000/softfp/libPeriphDriver_softfp.a(uart_ai85.o)
                0x1000307c                MXC_UART_Shutdown
 .text.MXC_UART_Init
                0x100030dc       0x98 C:/MaximSDK/Libraries/PeriphDrivers/bin/MAX78000/softfp/libPeriphDriver_softfp.a(uart_ai85.o)
                0x100030dc                MXC_UART_Init
 .text.MXC_UART_SetFrequency
                0x10003174       0xb8 C:/MaximSDK/Libraries/PeriphDrivers/bin/MAX78000/softfp/libPeriphDriver_softfp.a(uart_ai85.o)
                0x10003174                MXC_UART_SetFrequency
 .text.MXC_UART_GetFrequency
                0x1000322c       0x30 C:/MaximSDK/Libraries/PeriphDrivers/bin/MAX78000/softfp/libPeriphDriver_softfp.a(uart_ai85.o)
                0x1000322c                MXC_UART_GetFrequency
 .text.MXC_UART_SetDataSize
                0x1000325c        0x4 C:/MaximSDK/Libraries/PeriphDrivers/bin/MAX78000/softfp/libPeriphDriver_softfp.a(uart_ai85.o)
                0x1000325c                MXC_UART_SetDataSize
 .text.MXC_UART_SetStopBits
                0x10003260        0x4 C:/MaximSDK/Libraries/PeriphDrivers/bin/MAX78000/softfp/libPeriphDriver_softfp.a(uart_ai85.o)
                0x10003260                MXC_UART_SetStopBits
 .text.MXC_UART_SetParity
                0x10003264        0x4 C:/MaximSDK/Libraries/PeriphDrivers/bin/MAX78000/softfp/libPeriphDriver_softfp.a(uart_ai85.o)
                0x10003264                MXC_UART_SetParity
 .text.MXC_UART_ReadCharacterRaw
                0x10003268        0x4 C:/MaximSDK/Libraries/PeriphDrivers/bin/MAX78000/softfp/libPeriphDriver_softfp.a(uart_ai85.o)
                0x10003268                MXC_UART_ReadCharacterRaw
 .text.MXC_UART_WriteCharacterRaw
                0x1000326c        0x4 C:/MaximSDK/Libraries/PeriphDrivers/bin/MAX78000/softfp/libPeriphDriver_softfp.a(uart_ai85.o)
                0x1000326c                MXC_UART_WriteCharacterRaw
 .text.MXC_UART_ReadCharacter
                0x10003270        0x4 C:/MaximSDK/Libraries/PeriphDrivers/bin/MAX78000/softfp/libPeriphDriver_softfp.a(uart_ai85.o)
                0x10003270                MXC_UART_ReadCharacter
 .text.MXC_UART_WriteCharacter
                0x10003274        0x4 C:/MaximSDK/Libraries/PeriphDrivers/bin/MAX78000/softfp/libPeriphDriver_softfp.a(uart_ai85.o)
                0x10003274                MXC_UART_WriteCharacter
 .text.MXC_UART_GetRXFIFOAvailable
                0x10003278        0x4 C:/MaximSDK/Libraries/PeriphDrivers/bin/MAX78000/softfp/libPeriphDriver_softfp.a(uart_ai85.o)
                0x10003278                MXC_UART_GetRXFIFOAvailable
 .text.MXC_UART_GetTXFIFOAvailable
                0x1000327c        0x4 C:/MaximSDK/Libraries/PeriphDrivers/bin/MAX78000/softfp/libPeriphDriver_softfp.a(uart_ai85.o)
                0x1000327c                MXC_UART_GetTXFIFOAvailable
 .text.MXC_UART_SetRXThreshold
                0x10003280        0x4 C:/MaximSDK/Libraries/PeriphDrivers/bin/MAX78000/softfp/libPeriphDriver_softfp.a(uart_ai85.o)
                0x10003280                MXC_UART_SetRXThreshold
 .text.MXC_UART_Common_ReadCharacter
                0x10003284       0x18 C:/MaximSDK/Libraries/PeriphDrivers/bin/MAX78000/softfp/libPeriphDriver_softfp.a(uart_common.o)
                0x10003284                MXC_UART_Common_ReadCharacter
 .text.MXC_UART_Common_WriteCharacter
                0x1000329c       0x1e C:/MaximSDK/Libraries/PeriphDrivers/bin/MAX78000/softfp/libPeriphDriver_softfp.a(uart_common.o)
                0x1000329c                MXC_UART_Common_WriteCharacter
 *fill*         0x100032ba        0x2 
 .text.MXC_UART_RevB_Init
                0x100032bc       0x68 C:/MaximSDK/Libraries/PeriphDrivers/bin/MAX78000/softfp/libPeriphDriver_softfp.a(uart_revb.o)
                0x100032bc                MXC_UART_RevB_Init
 .text.MXC_UART_RevB_SetFrequency
                0x10003324       0x88 C:/MaximSDK/Libraries/PeriphDrivers/bin/MAX78000/softfp/libPeriphDriver_softfp.a(uart_revb.o)
                0x10003324                MXC_UART_RevB_SetFrequency
 .text.MXC_UART_RevB_GetFrequency
                0x100033ac       0x68 C:/MaximSDK/Libraries/PeriphDrivers/bin/MAX78000/softfp/libPeriphDriver_softfp.a(uart_revb.o)
                0x100033ac                MXC_UART_RevB_GetFrequency
 .text.MXC_UART_RevB_SetDataSize
                0x10003414       0x40 C:/MaximSDK/Libraries/PeriphDrivers/bin/MAX78000/softfp/libPeriphDriver_softfp.a(uart_revb.o)
                0x10003414                MXC_UART_RevB_SetDataSize
 .text.MXC_UART_RevB_SetStopBits
                0x10003454       0x44 C:/MaximSDK/Libraries/PeriphDrivers/bin/MAX78000/softfp/libPeriphDriver_softfp.a(uart_revb.o)
                0x10003454                MXC_UART_RevB_SetStopBits
 .text.MXC_UART_RevB_SetParity
                0x10003498       0x94 C:/MaximSDK/Libraries/PeriphDrivers/bin/MAX78000/softfp/libPeriphDriver_softfp.a(uart_revb.o)
                0x10003498                MXC_UART_RevB_SetParity
 .text.MXC_UART_RevB_ReadCharacterRaw
                0x1000352c       0x38 C:/MaximSDK/Libraries/PeriphDrivers/bin/MAX78000/softfp/libPeriphDriver_softfp.a(uart_revb.o)
                0x1000352c                MXC_UART_RevB_ReadCharacterRaw
 .text.MXC_UART_RevB_WriteCharacterRaw
                0x10003564       0x3c C:/MaximSDK/Libraries/PeriphDrivers/bin/MAX78000/softfp/libPeriphDriver_softfp.a(uart_revb.o)
                0x10003564                MXC_UART_RevB_WriteCharacterRaw
 .text.MXC_UART_RevB_GetRXFIFOAvailable
                0x100035a0        0x8 C:/MaximSDK/Libraries/PeriphDrivers/bin/MAX78000/softfp/libPeriphDriver_softfp.a(uart_revb.o)
                0x100035a0                MXC_UART_RevB_GetRXFIFOAvailable
 .text.MXC_UART_RevB_GetTXFIFOAvailable
                0x100035a8        0xc C:/MaximSDK/Libraries/PeriphDrivers/bin/MAX78000/softfp/libPeriphDriver_softfp.a(uart_revb.o)
                0x100035a8                MXC_UART_RevB_GetTXFIFOAvailable
 .text.MXC_UART_RevB_SetRXThreshold
                0x100035b4       0x3c C:/MaximSDK/Libraries/PeriphDrivers/bin/MAX78000/softfp/libPeriphDriver_softfp.a(uart_revb.o)
                0x100035b4                MXC_UART_RevB_SetRXThreshold
 .text.MXC_GetLock
                0x100035f0       0x1c C:/MaximSDK/Libraries/PeriphDrivers/bin/MAX78000/softfp/libPeriphDriver_softfp.a(mxc_lock.o)
                0x100035f0                MXC_GetLock
 .text.MXC_FreeLock
                0x1000360c        0xa C:/MaximSDK/Libraries/PeriphDrivers/bin/MAX78000/softfp/libPeriphDriver_softfp.a(mxc_lock.o)
                0x1000360c                MXC_FreeLock
 *fill*         0x10003616        0x2 
 .text.MXC_GPIO_Common_Init
                0x10003618       0x24 C:/MaximSDK/Libraries/PeriphDrivers/bin/MAX78000/softfp/libPeriphDriver_softfp.a(gpio_common.o)
                0x10003618                MXC_GPIO_Common_Init
 .text.MXC_GPIO_Common_Handler
                0x1000363c       0x84 C:/MaximSDK/Libraries/PeriphDrivers/bin/MAX78000/softfp/libPeriphDriver_softfp.a(gpio_common.o)
                0x1000363c                MXC_GPIO_Common_Handler
 .text.__errno  0x100036c0        0xc c:/maximsdk/tools/gnutools/10.3/bin/../lib/gcc/arm-none-eabi/10.3.1/../../../../arm-none-eabi/lib/thumb/v7e-m+fp/softfp\libc.a(lib_a-errno.o)
                0x100036c0                __errno
 .text.__libc_init_array
                0x100036cc       0x48 c:/maximsdk/tools/gnutools/10.3/bin/../lib/gcc/arm-none-eabi/10.3.1/../../../../arm-none-eabi/lib/thumb/v7e-m+fp/softfp\libc.a(lib_a-init.o)
                0x100036cc                __libc_init_array
 .text.malloc   0x10003714       0x10 c:/maximsdk/tools/gnutools/10.3/bin/../lib/gcc/arm-none-eabi/10.3.1/../../../../arm-none-eabi/lib/thumb/v7e-m+fp/softfp\libc.a(lib_a-malloc.o)
                0x10003714                malloc
 .text.free     0x10003724       0x10 c:/maximsdk/tools/gnutools/10.3/bin/../lib/gcc/arm-none-eabi/10.3.1/../../../../arm-none-eabi/lib/thumb/v7e-m+fp/softfp\libc.a(lib_a-malloc.o)
                0x10003724                free
 .text._malloc_r
                0x10003734      0x560 c:/maximsdk/tools/gnutools/10.3/bin/../lib/gcc/arm-none-eabi/10.3.1/../../../../arm-none-eabi/lib/thumb/v7e-m+fp/softfp\libc.a(lib_a-mallocr.o)
                0x10003734                _malloc_r
 .text          0x10003c94      0x134 c:/maximsdk/tools/gnutools/10.3/bin/../lib/gcc/arm-none-eabi/10.3.1/../../../../arm-none-eabi/lib/thumb/v7e-m+fp/softfp\libc.a(lib_a-memcpy.o)
                0x10003c94                memcpy
 .text.memset   0x10003dc8       0xa4 c:/maximsdk/tools/gnutools/10.3/bin/../lib/gcc/arm-none-eabi/10.3.1/../../../../arm-none-eabi/lib/thumb/v7e-m+fp/softfp\libc.a(lib_a-memset.o)
                0x10003dc8                memset
 .text.__malloc_lock
                0x10003e6c        0xc c:/maximsdk/tools/gnutools/10.3/bin/../lib/gcc/arm-none-eabi/10.3.1/../../../../arm-none-eabi/lib/thumb/v7e-m+fp/softfp\libc.a(lib_a-mlock.o)
                0x10003e6c                __malloc_lock
 .text.__malloc_unlock
                0x10003e78        0xc c:/maximsdk/tools/gnutools/10.3/bin/../lib/gcc/arm-none-eabi/10.3.1/../../../../arm-none-eabi/lib/thumb/v7e-m+fp/softfp\libc.a(lib_a-mlock.o)
                0x10003e78                __malloc_unlock
 .text.printf   0x10003e84       0x28 c:/maximsdk/tools/gnutools/10.3/bin/../lib/gcc/arm-none-eabi/10.3.1/../../../../arm-none-eabi/lib/thumb/v7e-m+fp/softfp\libc.a(lib_a-printf.o)
                0x10003e84                printf
 .text._puts_r  0x10003eac       0x9c c:/maximsdk/tools/gnutools/10.3/bin/../lib/gcc/arm-none-eabi/10.3.1/../../../../arm-none-eabi/lib/thumb/v7e-m+fp/softfp\libc.a(lib_a-puts.o)
                0x10003eac                _puts_r
 .text.puts     0x10003f48       0x10 c:/maximsdk/tools/gnutools/10.3/bin/../lib/gcc/arm-none-eabi/10.3.1/../../../../arm-none-eabi/lib/thumb/v7e-m+fp/softfp\libc.a(lib_a-puts.o)
                0x10003f48                puts
 .text._sbrk_r  0x10003f58       0x24 c:/maximsdk/tools/gnutools/10.3/bin/../lib/gcc/arm-none-eabi/10.3.1/../../../../arm-none-eabi/lib/thumb/v7e-m+fp/softfp\libc.a(lib_a-sbrkr.o)
                0x10003f58                _sbrk_r
 .text.sprintf  0x10003f7c       0x40 c:/maximsdk/tools/gnutools/10.3/bin/../lib/gcc/arm-none-eabi/10.3.1/../../../../arm-none-eabi/lib/thumb/v7e-m+fp/softfp\libc.a(lib_a-sprintf.o)
                0x10003f7c                sprintf
 *fill*         0x10003fbc        0x4 
 .text          0x10003fc0       0xdc c:/maximsdk/tools/gnutools/10.3/bin/../lib/gcc/arm-none-eabi/10.3.1/../../../../arm-none-eabi/lib/thumb/v7e-m+fp/softfp\libc.a(lib_a-strlen.o)
                0x10003fc0                strlen
 *fill*         0x1000409c        0x4 
 .text._svfprintf_r
                0x100040a0     0x1ac8 c:/maximsdk/tools/gnutools/10.3/bin/../lib/gcc/arm-none-eabi/10.3.1/../../../../arm-none-eabi/lib/thumb/v7e-m+fp/softfp\libc.a(lib_a-svfprintf.o)
                0x100040a0                _svfprintf_r
 .text._vfprintf_r
                0x10005b68     0x1b8c c:/maximsdk/tools/gnutools/10.3/bin/../lib/gcc/arm-none-eabi/10.3.1/../../../../arm-none-eabi/lib/thumb/v7e-m+fp/softfp\libc.a(lib_a-vfprintf.o)
                0x10005b68                _vfprintf_r
 .text.__sbprintf
                0x100076f4       0x80 c:/maximsdk/tools/gnutools/10.3/bin/../lib/gcc/arm-none-eabi/10.3.1/../../../../arm-none-eabi/lib/thumb/v7e-m+fp/softfp\libc.a(lib_a-vfprintf.o)
 .text.__swsetup_r
                0x10007774       0xd4 c:/maximsdk/tools/gnutools/10.3/bin/../lib/gcc/arm-none-eabi/10.3.1/../../../../arm-none-eabi/lib/thumb/v7e-m+fp/softfp\libc.a(lib_a-wsetup.o)
                0x10007774                __swsetup_r
 .text.startup.register_fini
                0x10007848       0x14 c:/maximsdk/tools/gnutools/10.3/bin/../lib/gcc/arm-none-eabi/10.3.1/../../../../arm-none-eabi/lib/thumb/v7e-m+fp/softfp\libc.a(lib_a-__call_atexit.o)
 .text.atexit   0x1000785c        0xc c:/maximsdk/tools/gnutools/10.3/bin/../lib/gcc/arm-none-eabi/10.3.1/../../../../arm-none-eabi/lib/thumb/v7e-m+fp/softfp\libc.a(lib_a-atexit.o)
                0x1000785c                atexit
 .text.quorem   0x10007868      0x128 c:/maximsdk/tools/gnutools/10.3/bin/../lib/gcc/arm-none-eabi/10.3.1/../../../../arm-none-eabi/lib/thumb/v7e-m+fp/softfp\libc.a(lib_a-dtoa.o)
 .text._dtoa_r  0x10007990      0xf34 c:/maximsdk/tools/gnutools/10.3/bin/../lib/gcc/arm-none-eabi/10.3.1/../../../../arm-none-eabi/lib/thumb/v7e-m+fp/softfp\libc.a(lib_a-dtoa.o)
                0x10007990                _dtoa_r
 .text.__sflush_r
                0x100088c4      0x130 c:/maximsdk/tools/gnutools/10.3/bin/../lib/gcc/arm-none-eabi/10.3.1/../../../../arm-none-eabi/lib/thumb/v7e-m+fp/softfp\libc.a(lib_a-fflush.o)
                0x100088c4                __sflush_r
 .text._fflush_r
                0x100089f4       0x5c c:/maximsdk/tools/gnutools/10.3/bin/../lib/gcc/arm-none-eabi/10.3.1/../../../../arm-none-eabi/lib/thumb/v7e-m+fp/softfp\libc.a(lib_a-fflush.o)
                0x100089f4                _fflush_r
 .text._cleanup_r
                0x10008a50        0xc c:/maximsdk/tools/gnutools/10.3/bin/../lib/gcc/arm-none-eabi/10.3.1/../../../../arm-none-eabi/lib/thumb/v7e-m+fp/softfp\libc.a(lib_a-findfp.o)
                0x10008a50                _cleanup_r
 .text.__sinit  0x10008a5c      0x10c c:/maximsdk/tools/gnutools/10.3/bin/../lib/gcc/arm-none-eabi/10.3.1/../../../../arm-none-eabi/lib/thumb/v7e-m+fp/softfp\libc.a(lib_a-findfp.o)
                0x10008a5c                __sinit
 .text.__sfp_lock_acquire
                0x10008b68        0xc c:/maximsdk/tools/gnutools/10.3/bin/../lib/gcc/arm-none-eabi/10.3.1/../../../../arm-none-eabi/lib/thumb/v7e-m+fp/softfp\libc.a(lib_a-findfp.o)
                0x10008b68                __sfp_lock_acquire
 .text.__sfp_lock_release
                0x10008b74        0xc c:/maximsdk/tools/gnutools/10.3/bin/../lib/gcc/arm-none-eabi/10.3.1/../../../../arm-none-eabi/lib/thumb/v7e-m+fp/softfp\libc.a(lib_a-findfp.o)
                0x10008b74                __sfp_lock_release
 .text.__libc_fini_array
                0x10008b80       0x2c c:/maximsdk/tools/gnutools/10.3/bin/../lib/gcc/arm-none-eabi/10.3.1/../../../../arm-none-eabi/lib/thumb/v7e-m+fp/softfp\libc.a(lib_a-fini.o)
                0x10008b80                __libc_fini_array
 .text._malloc_trim_r
                0x10008bac       0xa0 c:/maximsdk/tools/gnutools/10.3/bin/../lib/gcc/arm-none-eabi/10.3.1/../../../../arm-none-eabi/lib/thumb/v7e-m+fp/softfp\libc.a(lib_a-freer.o)
                0x10008bac                _malloc_trim_r
 .text._free_r  0x10008c4c      0x20c c:/maximsdk/tools/gnutools/10.3/bin/../lib/gcc/arm-none-eabi/10.3.1/../../../../arm-none-eabi/lib/thumb/v7e-m+fp/softfp\libc.a(lib_a-freer.o)
                0x10008c4c                _free_r
 .text.__sfvwrite_r
                0x10008e58      0x2f0 c:/maximsdk/tools/gnutools/10.3/bin/../lib/gcc/arm-none-eabi/10.3.1/../../../../arm-none-eabi/lib/thumb/v7e-m+fp/softfp\libc.a(lib_a-fvwrite.o)
                0x10008e58                __sfvwrite_r
 .text._fwalk_reent
                0x10009148       0x48 c:/maximsdk/tools/gnutools/10.3/bin/../lib/gcc/arm-none-eabi/10.3.1/../../../../arm-none-eabi/lib/thumb/v7e-m+fp/softfp\libc.a(lib_a-fwalk.o)
                0x10009148                _fwalk_reent
 .text._localeconv_r
                0x10009190        0x8 c:/maximsdk/tools/gnutools/10.3/bin/../lib/gcc/arm-none-eabi/10.3.1/../../../../arm-none-eabi/lib/thumb/v7e-m+fp/softfp\libc.a(lib_a-localeconv.o)
                0x10009190                _localeconv_r
 .text.__retarget_lock_init_recursive
                0x10009198        0x4 c:/maximsdk/tools/gnutools/10.3/bin/../lib/gcc/arm-none-eabi/10.3.1/../../../../arm-none-eabi/lib/thumb/v7e-m+fp/softfp\libc.a(lib_a-lock.o)
                0x10009198                __retarget_lock_init_recursive
 .text.__retarget_lock_close_recursive
                0x1000919c        0x4 c:/maximsdk/tools/gnutools/10.3/bin/../lib/gcc/arm-none-eabi/10.3.1/../../../../arm-none-eabi/lib/thumb/v7e-m+fp/softfp\libc.a(lib_a-lock.o)
                0x1000919c                __retarget_lock_close_recursive
 .text.__retarget_lock_acquire_recursive
                0x100091a0        0x4 c:/maximsdk/tools/gnutools/10.3/bin/../lib/gcc/arm-none-eabi/10.3.1/../../../../arm-none-eabi/lib/thumb/v7e-m+fp/softfp\libc.a(lib_a-lock.o)
                0x100091a0                __retarget_lock_acquire_recursive
 .text.__retarget_lock_release_recursive
                0x100091a4        0x4 c:/maximsdk/tools/gnutools/10.3/bin/../lib/gcc/arm-none-eabi/10.3.1/../../../../arm-none-eabi/lib/thumb/v7e-m+fp/softfp\libc.a(lib_a-lock.o)
                0x100091a4                __retarget_lock_release_recursive
 .text.__smakebuf_r
                0x100091a8       0xe0 c:/maximsdk/tools/gnutools/10.3/bin/../lib/gcc/arm-none-eabi/10.3.1/../../../../arm-none-eabi/lib/thumb/v7e-m+fp/softfp\libc.a(lib_a-makebuf.o)
                0x100091a8                __smakebuf_r
 *fill*         0x10009288        0x8 
 .text          0x10009290       0xa0 c:/maximsdk/tools/gnutools/10.3/bin/../lib/gcc/arm-none-eabi/10.3.1/../../../../arm-none-eabi/lib/thumb/v7e-m+fp/softfp\libc.a(lib_a-memchr.o)
                0x10009290                memchr
 .text.memmove  0x10009330       0xf8 c:/maximsdk/tools/gnutools/10.3/bin/../lib/gcc/arm-none-eabi/10.3.1/../../../../arm-none-eabi/lib/thumb/v7e-m+fp/softfp\libc.a(lib_a-memmove.o)
                0x10009330                memmove
 .text._Balloc  0x10009428       0x4c c:/maximsdk/tools/gnutools/10.3/bin/../lib/gcc/arm-none-eabi/10.3.1/../../../../arm-none-eabi/lib/thumb/v7e-m+fp/softfp\libc.a(lib_a-mprec.o)
                0x10009428                _Balloc
 .text._Bfree   0x10009474       0x14 c:/maximsdk/tools/gnutools/10.3/bin/../lib/gcc/arm-none-eabi/10.3.1/../../../../arm-none-eabi/lib/thumb/v7e-m+fp/softfp\libc.a(lib_a-mprec.o)
                0x10009474                _Bfree
 .text.__multadd
                0x10009488       0xa8 c:/maximsdk/tools/gnutools/10.3/bin/../lib/gcc/arm-none-eabi/10.3.1/../../../../arm-none-eabi/lib/thumb/v7e-m+fp/softfp\libc.a(lib_a-mprec.o)
                0x10009488                __multadd
 .text.__hi0bits
                0x10009530       0x40 c:/maximsdk/tools/gnutools/10.3/bin/../lib/gcc/arm-none-eabi/10.3.1/../../../../arm-none-eabi/lib/thumb/v7e-m+fp/softfp\libc.a(lib_a-mprec.o)
                0x10009530                __hi0bits
 .text.__lo0bits
                0x10009570       0x60 c:/maximsdk/tools/gnutools/10.3/bin/../lib/gcc/arm-none-eabi/10.3.1/../../../../arm-none-eabi/lib/thumb/v7e-m+fp/softfp\libc.a(lib_a-mprec.o)
                0x10009570                __lo0bits
 .text.__i2b    0x100095d0       0x5c c:/maximsdk/tools/gnutools/10.3/bin/../lib/gcc/arm-none-eabi/10.3.1/../../../../arm-none-eabi/lib/thumb/v7e-m+fp/softfp\libc.a(lib_a-mprec.o)
                0x100095d0                __i2b
 .text.__multiply
                0x1000962c      0x15c c:/maximsdk/tools/gnutools/10.3/bin/../lib/gcc/arm-none-eabi/10.3.1/../../../../arm-none-eabi/lib/thumb/v7e-m+fp/softfp\libc.a(lib_a-mprec.o)
                0x1000962c                __multiply
 .text.__pow5mult
                0x10009788       0xc0 c:/maximsdk/tools/gnutools/10.3/bin/../lib/gcc/arm-none-eabi/10.3.1/../../../../arm-none-eabi/lib/thumb/v7e-m+fp/softfp\libc.a(lib_a-mprec.o)
                0x10009788                __pow5mult
 .text.__lshift
                0x10009848       0xf0 c:/maximsdk/tools/gnutools/10.3/bin/../lib/gcc/arm-none-eabi/10.3.1/../../../../arm-none-eabi/lib/thumb/v7e-m+fp/softfp\libc.a(lib_a-mprec.o)
                0x10009848                __lshift
 .text.__mcmp   0x10009938       0x44 c:/maximsdk/tools/gnutools/10.3/bin/../lib/gcc/arm-none-eabi/10.3.1/../../../../arm-none-eabi/lib/thumb/v7e-m+fp/softfp\libc.a(lib_a-mprec.o)
                0x10009938                __mcmp
 .text.__mdiff  0x1000997c      0x14c c:/maximsdk/tools/gnutools/10.3/bin/../lib/gcc/arm-none-eabi/10.3.1/../../../../arm-none-eabi/lib/thumb/v7e-m+fp/softfp\libc.a(lib_a-mprec.o)
                0x1000997c                __mdiff
 .text.__d2b    0x10009ac8       0xc4 c:/maximsdk/tools/gnutools/10.3/bin/../lib/gcc/arm-none-eabi/10.3.1/../../../../arm-none-eabi/lib/thumb/v7e-m+fp/softfp\libc.a(lib_a-mprec.o)
                0x10009ac8                __d2b
 .text._realloc_r
                0x10009b8c      0x3d8 c:/maximsdk/tools/gnutools/10.3/bin/../lib/gcc/arm-none-eabi/10.3.1/../../../../arm-none-eabi/lib/thumb/v7e-m+fp/softfp\libc.a(lib_a-reallocr.o)
                0x10009b8c                _realloc_r
 .text.frexp    0x10009f64       0x70 c:/maximsdk/tools/gnutools/10.3/bin/../lib/gcc/arm-none-eabi/10.3.1/../../../../arm-none-eabi/lib/thumb/v7e-m+fp/softfp\libc.a(lib_a-s_frexp.o)
                0x10009f64                frexp
 .text.__sread  0x10009fd4       0x24 c:/maximsdk/tools/gnutools/10.3/bin/../lib/gcc/arm-none-eabi/10.3.1/../../../../arm-none-eabi/lib/thumb/v7e-m+fp/softfp\libc.a(lib_a-stdio.o)
                0x10009fd4                __sread
 .text.__swrite
                0x10009ff8       0x40 c:/maximsdk/tools/gnutools/10.3/bin/../lib/gcc/arm-none-eabi/10.3.1/../../../../arm-none-eabi/lib/thumb/v7e-m+fp/softfp\libc.a(lib_a-stdio.o)
                0x10009ff8                __swrite
 .text.__sseek  0x1000a038       0x20 c:/maximsdk/tools/gnutools/10.3/bin/../lib/gcc/arm-none-eabi/10.3.1/../../../../arm-none-eabi/lib/thumb/v7e-m+fp/softfp\libc.a(lib_a-stdio.o)
                0x1000a038                __sseek
 .text.__sclose
                0x1000a058        0x8 c:/maximsdk/tools/gnutools/10.3/bin/../lib/gcc/arm-none-eabi/10.3.1/../../../../arm-none-eabi/lib/thumb/v7e-m+fp/softfp\libc.a(lib_a-stdio.o)
                0x1000a058                __sclose
 .text.strncpy  0x1000a060       0x64 c:/maximsdk/tools/gnutools/10.3/bin/../lib/gcc/arm-none-eabi/10.3.1/../../../../arm-none-eabi/lib/thumb/v7e-m+fp/softfp\libc.a(lib_a-strncpy.o)
                0x1000a060                strncpy
 .text.__ssprint_r
                0x1000a0c4       0xf8 c:/maximsdk/tools/gnutools/10.3/bin/../lib/gcc/arm-none-eabi/10.3.1/../../../../arm-none-eabi/lib/thumb/v7e-m+fp/softfp\libc.a(lib_a-svfiprintf.o)
                0x1000a0c4                __ssprint_r
 .text.__sprint_r.part.0
                0x1000a1bc       0x78 c:/maximsdk/tools/gnutools/10.3/bin/../lib/gcc/arm-none-eabi/10.3.1/../../../../arm-none-eabi/lib/thumb/v7e-m+fp/softfp\libc.a(lib_a-vfiprintf.o)
 .text.__sprint_r
                0x1000a234       0x18 c:/maximsdk/tools/gnutools/10.3/bin/../lib/gcc/arm-none-eabi/10.3.1/../../../../arm-none-eabi/lib/thumb/v7e-m+fp/softfp\libc.a(lib_a-vfiprintf.o)
                0x1000a234                __sprint_r
 .text._vfiprintf_r
                0x1000a24c      0xdfc c:/maximsdk/tools/gnutools/10.3/bin/../lib/gcc/arm-none-eabi/10.3.1/../../../../arm-none-eabi/lib/thumb/v7e-m+fp/softfp\libc.a(lib_a-vfiprintf.o)
                0x1000a24c                _vfiprintf_r
 .text.__sbprintf
                0x1000b048       0x80 c:/maximsdk/tools/gnutools/10.3/bin/../lib/gcc/arm-none-eabi/10.3.1/../../../../arm-none-eabi/lib/thumb/v7e-m+fp/softfp\libc.a(lib_a-vfiprintf.o)
 .text._write_r
                0x1000b0c8       0x2c c:/maximsdk/tools/gnutools/10.3/bin/../lib/gcc/arm-none-eabi/10.3.1/../../../../arm-none-eabi/lib/thumb/v7e-m+fp/softfp\libc.a(lib_a-writer.o)
                0x1000b0c8                _write_r
 .text.__register_exitproc
                0x1000b0f4       0x8c c:/maximsdk/tools/gnutools/10.3/bin/../lib/gcc/arm-none-eabi/10.3.1/../../../../arm-none-eabi/lib/thumb/v7e-m+fp/softfp\libc.a(lib_a-__atexit.o)
                0x1000b0f4                __register_exitproc
 .text.__assert_func
                0x1000b180       0x40 c:/maximsdk/tools/gnutools/10.3/bin/../lib/gcc/arm-none-eabi/10.3.1/../../../../arm-none-eabi/lib/thumb/v7e-m+fp/softfp\libc.a(lib_a-assert.o)
                0x1000b180                __assert_func
 .text._calloc_r
                0x1000b1c0       0x78 c:/maximsdk/tools/gnutools/10.3/bin/../lib/gcc/arm-none-eabi/10.3.1/../../../../arm-none-eabi/lib/thumb/v7e-m+fp/softfp\libc.a(lib_a-callocr.o)
                0x1000b1c0                _calloc_r
 .text._close_r
                0x1000b238       0x24 c:/maximsdk/tools/gnutools/10.3/bin/../lib/gcc/arm-none-eabi/10.3.1/../../../../arm-none-eabi/lib/thumb/v7e-m+fp/softfp\libc.a(lib_a-closer.o)
                0x1000b238                _close_r
 .text._fclose_r
                0x1000b25c       0xcc c:/maximsdk/tools/gnutools/10.3/bin/../lib/gcc/arm-none-eabi/10.3.1/../../../../arm-none-eabi/lib/thumb/v7e-m+fp/softfp\libc.a(lib_a-fclose.o)
                0x1000b25c                _fclose_r
 .text.fiprintf
                0x1000b328       0x28 c:/maximsdk/tools/gnutools/10.3/bin/../lib/gcc/arm-none-eabi/10.3.1/../../../../arm-none-eabi/lib/thumb/v7e-m+fp/softfp\libc.a(lib_a-fiprintf.o)
                0x1000b328                fiprintf
 .text.__fputwc
                0x1000b350       0xa8 c:/maximsdk/tools/gnutools/10.3/bin/../lib/gcc/arm-none-eabi/10.3.1/../../../../arm-none-eabi/lib/thumb/v7e-m+fp/softfp\libc.a(lib_a-fputwc.o)
                0x1000b350                __fputwc
 .text._fputwc_r
                0x1000b3f8       0x68 c:/maximsdk/tools/gnutools/10.3/bin/../lib/gcc/arm-none-eabi/10.3.1/../../../../arm-none-eabi/lib/thumb/v7e-m+fp/softfp\libc.a(lib_a-fputwc.o)
                0x1000b3f8                _fputwc_r
 .text._fstat_r
                0x1000b460       0x2c c:/maximsdk/tools/gnutools/10.3/bin/../lib/gcc/arm-none-eabi/10.3.1/../../../../arm-none-eabi/lib/thumb/v7e-m+fp/softfp\libc.a(lib_a-fstatr.o)
                0x1000b460                _fstat_r
 .text._isatty_r
                0x1000b48c       0x24 c:/maximsdk/tools/gnutools/10.3/bin/../lib/gcc/arm-none-eabi/10.3.1/../../../../arm-none-eabi/lib/thumb/v7e-m+fp/softfp\libc.a(lib_a-isattyr.o)
                0x1000b48c                _isatty_r
 .text.__locale_mb_cur_max
                0x1000b4b0        0xc c:/maximsdk/tools/gnutools/10.3/bin/../lib/gcc/arm-none-eabi/10.3.1/../../../../arm-none-eabi/lib/thumb/v7e-m+fp/softfp\libc.a(lib_a-locale.o)
                0x1000b4b0                __locale_mb_cur_max
 .text._lseek_r
                0x1000b4bc       0x2c c:/maximsdk/tools/gnutools/10.3/bin/../lib/gcc/arm-none-eabi/10.3.1/../../../../arm-none-eabi/lib/thumb/v7e-m+fp/softfp\libc.a(lib_a-lseekr.o)
                0x1000b4bc                _lseek_r
 .text.__ascii_mbtowc
                0x1000b4e8       0x2c c:/maximsdk/tools/gnutools/10.3/bin/../lib/gcc/arm-none-eabi/10.3.1/../../../../arm-none-eabi/lib/thumb/v7e-m+fp/softfp\libc.a(lib_a-mbtowc_r.o)
                0x1000b4e8                __ascii_mbtowc
 .text._read_r  0x1000b514       0x2c c:/maximsdk/tools/gnutools/10.3/bin/../lib/gcc/arm-none-eabi/10.3.1/../../../../arm-none-eabi/lib/thumb/v7e-m+fp/softfp\libc.a(lib_a-readr.o)
                0x1000b514                _read_r
 .text.__swbuf_r
                0x1000b540       0xb0 c:/maximsdk/tools/gnutools/10.3/bin/../lib/gcc/arm-none-eabi/10.3.1/../../../../arm-none-eabi/lib/thumb/v7e-m+fp/softfp\libc.a(lib_a-wbuf.o)
                0x1000b540                __swbuf_r
 .text._wcrtomb_r
                0x1000b5f0       0x3c c:/maximsdk/tools/gnutools/10.3/bin/../lib/gcc/arm-none-eabi/10.3.1/../../../../arm-none-eabi/lib/thumb/v7e-m+fp/softfp\libc.a(lib_a-wcrtomb.o)
                0x1000b5f0                _wcrtomb_r
 .text.__ascii_wctomb
                0x1000b62c       0x1c c:/maximsdk/tools/gnutools/10.3/bin/../lib/gcc/arm-none-eabi/10.3.1/../../../../arm-none-eabi/lib/thumb/v7e-m+fp/softfp\libc.a(lib_a-wctomb_r.o)
                0x1000b62c                __ascii_wctomb
 .text.abort    0x1000b648       0x10 c:/maximsdk/tools/gnutools/10.3/bin/../lib/gcc/arm-none-eabi/10.3.1/../../../../arm-none-eabi/lib/thumb/v7e-m+fp/softfp\libc.a(lib_a-abort.o)
                0x1000b648                abort
 .text.raise    0x1000b658       0x5c c:/maximsdk/tools/gnutools/10.3/bin/../lib/gcc/arm-none-eabi/10.3.1/../../../../arm-none-eabi/lib/thumb/v7e-m+fp/softfp\libc.a(lib_a-signal.o)
                0x1000b658                raise
 .text._kill_r  0x1000b6b4       0x2c c:/maximsdk/tools/gnutools/10.3/bin/../lib/gcc/arm-none-eabi/10.3.1/../../../../arm-none-eabi/lib/thumb/v7e-m+fp/softfp\libc.a(lib_a-signalr.o)
                0x1000b6b4                _kill_r
 .text._getpid_r
                0x1000b6e0        0x4 c:/maximsdk/tools/gnutools/10.3/bin/../lib/gcc/arm-none-eabi/10.3.1/../../../../arm-none-eabi/lib/thumb/v7e-m+fp/softfp\libc.a(lib_a-signalr.o)
                0x1000b6e0                _getpid_r
 .text._getpid  0x1000b6e4       0x10 c:/maximsdk/tools/gnutools/10.3/bin/../lib/gcc/arm-none-eabi/10.3.1/../../../../arm-none-eabi/lib/thumb/v7e-m+fp/softfp\libnosys.a(getpid.o)
                0x1000b6e4                _getpid
 .text._kill    0x1000b6f4       0x10 c:/maximsdk/tools/gnutools/10.3/bin/../lib/gcc/arm-none-eabi/10.3.1/../../../../arm-none-eabi/lib/thumb/v7e-m+fp/softfp\libnosys.a(kill.o)
                0x1000b6f4                _kill
 .text._exit    0x1000b704        0x4 c:/maximsdk/tools/gnutools/10.3/bin/../lib/gcc/arm-none-eabi/10.3.1/../../../../arm-none-eabi/lib/thumb/v7e-m+fp/softfp\libnosys.a(_exit.o)
                0x1000b704                _exit
 .text          0x1000b708      0x378 c:/maximsdk/tools/gnutools/10.3/bin/../lib/gcc/arm-none-eabi/10.3.1/thumb/v7e-m+fp/softfp\libgcc.a(_arm_addsubdf3.o)
                0x1000b708                __aeabi_drsub
                0x1000b710                __aeabi_dsub
                0x1000b710                __subdf3
                0x1000b714                __aeabi_dadd
                0x1000b714                __adddf3
                0x1000b98c                __floatunsidf
                0x1000b98c                __aeabi_ui2d
                0x1000b9ac                __floatsidf
                0x1000b9ac                __aeabi_i2d
                0x1000b9d0                __aeabi_f2d
                0x1000b9d0                __extendsfdf2
                0x1000ba14                __floatundidf
                0x1000ba14                __aeabi_ul2d
                0x1000ba24                __floatdidf
                0x1000ba24                __aeabi_l2d
 .text          0x1000ba80      0x424 c:/maximsdk/tools/gnutools/10.3/bin/../lib/gcc/arm-none-eabi/10.3.1/thumb/v7e-m+fp/softfp\libgcc.a(_arm_muldivdf3.o)
                0x1000ba80                __aeabi_dmul
                0x1000ba80                __muldf3
                0x1000bcd4                __divdf3
                0x1000bcd4                __aeabi_ddiv
 .text          0x1000bea4      0x110 c:/maximsdk/tools/gnutools/10.3/bin/../lib/gcc/arm-none-eabi/10.3.1/thumb/v7e-m+fp/softfp\libgcc.a(_arm_cmpdf2.o)
                0x1000bea4                __gtdf2
                0x1000bea4                __gedf2
                0x1000beac                __ltdf2
                0x1000beac                __ledf2
                0x1000beb4                __nedf2
                0x1000beb4                __eqdf2
                0x1000beb4                __cmpdf2
                0x1000bf30                __aeabi_cdrcmple
                0x1000bf40                __aeabi_cdcmpeq
                0x1000bf40                __aeabi_cdcmple
                0x1000bf50                __aeabi_dcmpeq
                0x1000bf64                __aeabi_dcmplt
                0x1000bf78                __aeabi_dcmple
                0x1000bf8c                __aeabi_dcmpge
                0x1000bfa0                __aeabi_dcmpgt
 .text          0x1000bfb4       0x2c c:/maximsdk/tools/gnutools/10.3/bin/../lib/gcc/arm-none-eabi/10.3.1/thumb/v7e-m+fp/softfp\libgcc.a(_arm_unorddf2.o)
                0x1000bfb4                __unorddf2
                0x1000bfb4                __aeabi_dcmpun
 .text          0x1000bfe0       0x50 c:/maximsdk/tools/gnutools/10.3/bin/../lib/gcc/arm-none-eabi/10.3.1/thumb/v7e-m+fp/softfp\libgcc.a(_arm_fixdfsi.o)
                0x1000bfe0                __aeabi_d2iz
                0x1000bfe0                __fixdfsi
 .text          0x1000c030       0x30 c:/maximsdk/tools/gnutools/10.3/bin/../lib/gcc/arm-none-eabi/10.3.1/thumb/v7e-m+fp/softfp\libgcc.a(_aeabi_uldivmod.o)
                0x1000c030                __aeabi_uldivmod
 .text          0x1000c060      0x2d0 c:/maximsdk/tools/gnutools/10.3/bin/../lib/gcc/arm-none-eabi/10.3.1/thumb/v7e-m+fp/softfp\libgcc.a(_udivmoddi4.o)
                0x1000c060                __udivmoddi4
 .text          0x1000c330        0x4 c:/maximsdk/tools/gnutools/10.3/bin/../lib/gcc/arm-none-eabi/10.3.1/thumb/v7e-m+fp/softfp\libgcc.a(_dvmd_tls.o)
                0x1000c330                __aeabi_idiv0
                0x1000c330                __aeabi_ldiv0
 *(.rodata*)
 .rodata.D2_LED.str1.4
                0x1000c334       0x13 C:/Users/ander/Documents/GitHub/GroundSight/GroundSight/camera-demo/build/main.o
 *fill*         0x1000c347        0x1 
 .rodata.serial_send_image.str1.4
                0x1000c348        0xa C:/Users/ander/Documents/GitHub/GroundSight/GroundSight/camera-demo/build/main.o
 *fill*         0x1000c352        0x2 
 .rodata.capture_process_camera.str1.4
                0x1000c354       0x14 C:/Users/ander/Documents/GitHub/GroundSight/GroundSight/camera-demo/build/main.o
 .rodata.main.str1.4
                0x1000c368       0x31 C:/Users/ander/Documents/GitHub/GroundSight/GroundSight/camera-demo/build/main.o
 *fill*         0x1000c399        0x3 
 .rodata.mxc_assert.str1.4
                0x1000c39c       0x19 C:/Users/ander/Documents/GitHub/GroundSight/GroundSight/camera-demo/build/board.o
 *fill*         0x1000c3b5        0x3 
 .rodata.Board_Init.str1.4
                0x1000c3b8       0x45 C:/Users/ander/Documents/GitHub/GroundSight/GroundSight/camera-demo/build/board.o
 *fill*         0x1000c3fd        0x3 
 .rodata.led_pin
                0x1000c400       0x24 C:/Users/ander/Documents/GitHub/GroundSight/GroundSight/camera-demo/build/board.o
                0x1000c400                led_pin
 .rodata.num_leds
                0x1000c424        0x4 C:/Users/ander/Documents/GitHub/GroundSight/GroundSight/camera-demo/build/board.o
                0x1000c424                num_leds
 .rodata.num_pbs
                0x1000c428        0x4 C:/Users/ander/Documents/GitHub/GroundSight/GroundSight/camera-demo/build/board.o
                0x1000c428                num_pbs
 .rodata.pb_pin
                0x1000c42c       0x18 C:/Users/ander/Documents/GitHub/GroundSight/GroundSight/camera-demo/build/board.o
                0x1000c42c                pb_pin
 .rodata.LED_On.str1.4
                0x1000c444       0x5f C:/Users/ander/Documents/GitHub/GroundSight/GroundSight/camera-demo/build/led.o
 *fill*         0x1000c4a3        0x1 
 .rodata.PB_RegisterCallback.str1.4
                0x1000c4a4       0x65 C:/Users/ander/Documents/GitHub/GroundSight/GroundSight/camera-demo/build/pb.o
 *fill*         0x1000c509        0x3 
 .rodata.camera_setup.str1.4
                0x1000c50c       0x1b C:/Users/ander/Documents/GitHub/GroundSight/GroundSight/camera-demo/build/camera.o
 *fill*         0x1000c527        0x1 
 .rodata.dump_registers.str1.4
                0x1000c528       0x12 C:/Users/ander/Documents/GitHub/GroundSight/GroundSight/camera-demo/build/ov7692.o
 *fill*         0x1000c53a        0x2 
 .rodata.default_regs
                0x1000c53c       0x5e C:/Users/ander/Documents/GitHub/GroundSight/GroundSight/camera-demo/build/ov7692.o
 *fill*         0x1000c59a        0x2 
 .rodata.gpio_cfg_scl
                0x1000c59c        0xc C:/Users/ander/Documents/GitHub/GroundSight/GroundSight/camera-demo/build/sccb.o
 .rodata.gpio_cfg_sda
                0x1000c5a8        0xc C:/Users/ander/Documents/GitHub/GroundSight/GroundSight/camera-demo/build/sccb.o
 .rodata.gpio_cfg_i2c0
                0x1000c5b4        0xc C:/MaximSDK/Libraries/PeriphDrivers/bin/MAX78000/softfp/libPeriphDriver_softfp.a(pins_ai85.o)
                0x1000c5b4                gpio_cfg_i2c0
 .rodata.gpio_cfg_i2c1
                0x1000c5c0        0xc C:/MaximSDK/Libraries/PeriphDrivers/bin/MAX78000/softfp/libPeriphDriver_softfp.a(pins_ai85.o)
                0x1000c5c0                gpio_cfg_i2c1
 .rodata.gpio_cfg_i2c2
                0x1000c5cc        0xc C:/MaximSDK/Libraries/PeriphDrivers/bin/MAX78000/softfp/libPeriphDriver_softfp.a(pins_ai85.o)
                0x1000c5cc                gpio_cfg_i2c2
 .rodata.gpio_cfg_pcif_P0_BITS_0_7
                0x1000c5d8        0xc C:/MaximSDK/Libraries/PeriphDrivers/bin/MAX78000/softfp/libPeriphDriver_softfp.a(pins_ai85.o)
                0x1000c5d8                gpio_cfg_pcif_P0_BITS_0_7
 .rodata.gpio_cfg_pcif_P0_BITS_8_9
                0x1000c5e4        0xc C:/MaximSDK/Libraries/PeriphDrivers/bin/MAX78000/softfp/libPeriphDriver_softfp.a(pins_ai85.o)
                0x1000c5e4                gpio_cfg_pcif_P0_BITS_8_9
 .rodata.gpio_cfg_pcif_P1_BITS_10_11
                0x1000c5f0        0xc C:/MaximSDK/Libraries/PeriphDrivers/bin/MAX78000/softfp/libPeriphDriver_softfp.a(pins_ai85.o)
                0x1000c5f0                gpio_cfg_pcif_P1_BITS_10_11
 .rodata.gpio_cfg_pcif_hsync
                0x1000c5fc        0xc C:/MaximSDK/Libraries/PeriphDrivers/bin/MAX78000/softfp/libPeriphDriver_softfp.a(pins_ai85.o)
                0x1000c5fc                gpio_cfg_pcif_hsync
 .rodata.gpio_cfg_pcif_vsync
                0x1000c608        0xc C:/MaximSDK/Libraries/PeriphDrivers/bin/MAX78000/softfp/libPeriphDriver_softfp.a(pins_ai85.o)
                0x1000c608                gpio_cfg_pcif_vsync
 .rodata.gpio_cfg_pcif_xclk
                0x1000c614        0xc C:/MaximSDK/Libraries/PeriphDrivers/bin/MAX78000/softfp/libPeriphDriver_softfp.a(pins_ai85.o)
                0x1000c614                gpio_cfg_pcif_xclk
 .rodata.gpio_cfg_pt0
                0x1000c620        0xc C:/MaximSDK/Libraries/PeriphDrivers/bin/MAX78000/softfp/libPeriphDriver_softfp.a(pins_ai85.o)
                0x1000c620                gpio_cfg_pt0
 .rodata.gpio_cfg_pt1
                0x1000c62c        0xc C:/MaximSDK/Libraries/PeriphDrivers/bin/MAX78000/softfp/libPeriphDriver_softfp.a(pins_ai85.o)
                0x1000c62c                gpio_cfg_pt1
 .rodata.gpio_cfg_pt2
                0x1000c638        0xc C:/MaximSDK/Libraries/PeriphDrivers/bin/MAX78000/softfp/libPeriphDriver_softfp.a(pins_ai85.o)
                0x1000c638                gpio_cfg_pt2
 .rodata.gpio_cfg_pt3
                0x1000c644        0xc C:/MaximSDK/Libraries/PeriphDrivers/bin/MAX78000/softfp/libPeriphDriver_softfp.a(pins_ai85.o)
                0x1000c644                gpio_cfg_pt3
 .rodata.gpio_cfg_uart0
                0x1000c650        0xc C:/MaximSDK/Libraries/PeriphDrivers/bin/MAX78000/softfp/libPeriphDriver_softfp.a(pins_ai85.o)
                0x1000c650                gpio_cfg_uart0
 .rodata.gpio_cfg_uart1
                0x1000c65c        0xc C:/MaximSDK/Libraries/PeriphDrivers/bin/MAX78000/softfp/libPeriphDriver_softfp.a(pins_ai85.o)
                0x1000c65c                gpio_cfg_uart1
 .rodata.gpio_cfg_uart2
                0x1000c668        0xc C:/MaximSDK/Libraries/PeriphDrivers/bin/MAX78000/softfp/libPeriphDriver_softfp.a(pins_ai85.o)
                0x1000c668                gpio_cfg_uart2
 .rodata.gpio_cfg_uart3
                0x1000c674        0xc C:/MaximSDK/Libraries/PeriphDrivers/bin/MAX78000/softfp/libPeriphDriver_softfp.a(pins_ai85.o)
                0x1000c674                gpio_cfg_uart3
 .rodata.MXC_PT_Init.str1.1
                0x1000c680       0x52 C:/MaximSDK/Libraries/PeriphDrivers/bin/MAX78000/softfp/libPeriphDriver_softfp.a(pt_me17.o)
 .rodata.MXC_PT_RevA_Config.str1.1
                0x1000c6d2       0x4e C:/MaximSDK/Libraries/PeriphDrivers/bin/MAX78000/softfp/libPeriphDriver_softfp.a(pt_reva.o)
 .rodata.MXC_GPIO_Common_Handler.str1.1
                0x1000c720       0x65 C:/MaximSDK/Libraries/PeriphDrivers/bin/MAX78000/softfp/libPeriphDriver_softfp.a(gpio_common.o)
 *fill*         0x1000c785        0x3 
 .rodata._global_impure_ptr
                0x1000c788        0x4 c:/maximsdk/tools/gnutools/10.3/bin/../lib/gcc/arm-none-eabi/10.3.1/../../../../arm-none-eabi/lib/thumb/v7e-m+fp/softfp\libc.a(lib_a-impure.o)
                0x1000c788                _global_impure_ptr
 .rodata._puts_r.str1.4
                0x1000c78c       0x12 c:/maximsdk/tools/gnutools/10.3/bin/../lib/gcc/arm-none-eabi/10.3.1/../../../../arm-none-eabi/lib/thumb/v7e-m+fp/softfp\libc.a(lib_a-puts.o)
                                  0x2 (size before relaxing)
 .rodata._svfprintf_r.str1.4
                0x1000c78c       0x42 c:/maximsdk/tools/gnutools/10.3/bin/../lib/gcc/arm-none-eabi/10.3.1/../../../../arm-none-eabi/lib/thumb/v7e-m+fp/softfp\libc.a(lib_a-svfprintf.o)
 *fill*         0x1000c7ce        0x2 
 .rodata.blanks.1
                0x1000c7d0       0x10 c:/maximsdk/tools/gnutools/10.3/bin/../lib/gcc/arm-none-eabi/10.3.1/../../../../arm-none-eabi/lib/thumb/v7e-m+fp/softfp\libc.a(lib_a-svfprintf.o)
 .rodata.zeroes.0
                0x1000c7e0       0x10 c:/maximsdk/tools/gnutools/10.3/bin/../lib/gcc/arm-none-eabi/10.3.1/../../../../arm-none-eabi/lib/thumb/v7e-m+fp/softfp\libc.a(lib_a-svfprintf.o)
 .rodata._vfprintf_r.str1.4
                0x1000c7f0       0x42 c:/maximsdk/tools/gnutools/10.3/bin/../lib/gcc/arm-none-eabi/10.3.1/../../../../arm-none-eabi/lib/thumb/v7e-m+fp/softfp\libc.a(lib_a-vfprintf.o)
 .rodata.blanks.1
                0x1000c7f0       0x10 c:/maximsdk/tools/gnutools/10.3/bin/../lib/gcc/arm-none-eabi/10.3.1/../../../../arm-none-eabi/lib/thumb/v7e-m+fp/softfp\libc.a(lib_a-vfprintf.o)
 .rodata.zeroes.0
                0x1000c800       0x10 c:/maximsdk/tools/gnutools/10.3/bin/../lib/gcc/arm-none-eabi/10.3.1/../../../../arm-none-eabi/lib/thumb/v7e-m+fp/softfp\libc.a(lib_a-vfprintf.o)
 .rodata._dtoa_r.str1.4
                0x1000c810       0xa2 c:/maximsdk/tools/gnutools/10.3/bin/../lib/gcc/arm-none-eabi/10.3.1/../../../../arm-none-eabi/lib/thumb/v7e-m+fp/softfp\libc.a(lib_a-dtoa.o)
                                 0xa6 (size before relaxing)
 *fill*         0x1000c8b2        0x2 
 .rodata.__multadd.str1.4
                0x1000c8b4       0x7f c:/maximsdk/tools/gnutools/10.3/bin/../lib/gcc/arm-none-eabi/10.3.1/../../../../arm-none-eabi/lib/thumb/v7e-m+fp/softfp\libc.a(lib_a-mprec.o)
                                 0x93 (size before relaxing)
 *fill*         0x1000c933        0x5 
 .rodata.__mprec_bigtens
                0x1000c938       0x28 c:/maximsdk/tools/gnutools/10.3/bin/../lib/gcc/arm-none-eabi/10.3.1/../../../../arm-none-eabi/lib/thumb/v7e-m+fp/softfp\libc.a(lib_a-mprec.o)
                0x1000c938                __mprec_bigtens
 .rodata.__mprec_tens
                0x1000c960       0xc8 c:/maximsdk/tools/gnutools/10.3/bin/../lib/gcc/arm-none-eabi/10.3.1/../../../../arm-none-eabi/lib/thumb/v7e-m+fp/softfp\libc.a(lib_a-mprec.o)
                0x1000c960                __mprec_tens
 .rodata.p05.0  0x1000ca28        0xc c:/maximsdk/tools/gnutools/10.3/bin/../lib/gcc/arm-none-eabi/10.3.1/../../../../arm-none-eabi/lib/thumb/v7e-m+fp/softfp\libc.a(lib_a-mprec.o)
 .rodata._vfiprintf_r.str1.4
                0x1000ca34       0x2f c:/maximsdk/tools/gnutools/10.3/bin/../lib/gcc/arm-none-eabi/10.3.1/../../../../arm-none-eabi/lib/thumb/v7e-m+fp/softfp\libc.a(lib_a-vfiprintf.o)
 .rodata.blanks.1
                0x1000ca34       0x10 c:/maximsdk/tools/gnutools/10.3/bin/../lib/gcc/arm-none-eabi/10.3.1/../../../../arm-none-eabi/lib/thumb/v7e-m+fp/softfp\libc.a(lib_a-vfiprintf.o)
 .rodata.zeroes.0
                0x1000ca44       0x10 c:/maximsdk/tools/gnutools/10.3/bin/../lib/gcc/arm-none-eabi/10.3.1/../../../../arm-none-eabi/lib/thumb/v7e-m+fp/softfp\libc.a(lib_a-vfiprintf.o)
 .rodata.__assert_func.str1.4
                0x1000ca54       0x3f c:/maximsdk/tools/gnutools/10.3/bin/../lib/gcc/arm-none-eabi/10.3.1/../../../../arm-none-eabi/lib/thumb/v7e-m+fp/softfp\libc.a(lib_a-assert.o)
                                 0x43 (size before relaxing)
 *fill*         0x1000ca93        0x1 
 .rodata._setlocale_r.str1.4
                0x1000ca94        0xa c:/maximsdk/tools/gnutools/10.3/bin/../lib/gcc/arm-none-eabi/10.3.1/../../../../arm-none-eabi/lib/thumb/v7e-m+fp/softfp\libc.a(lib_a-locale.o)
                                  0xd (size before relaxing)
 *fill*         0x1000ca9e        0x2 
 .rodata.str1.4
                0x1000caa0        0x2 c:/maximsdk/tools/gnutools/10.3/bin/../lib/gcc/arm-none-eabi/10.3.1/../../../../arm-none-eabi/lib/thumb/v7e-m+fp/softfp\libc.a(lib_a-locale.o)
 *fill*         0x1000caa2        0x2 
 .rodata._ctype_
                0x1000caa4      0x101 c:/maximsdk/tools/gnutools/10.3/bin/../lib/gcc/arm-none-eabi/10.3.1/../../../../arm-none-eabi/lib/thumb/v7e-m+fp/softfp\libc.a(lib_a-ctype_.o)
                0x1000caa4                _ctype_
 *(.init)
 *fill*         0x1000cba5        0x3 
 .init          0x1000cba8        0x4 c:/maximsdk/tools/gnutools/10.3/bin/../lib/gcc/arm-none-eabi/10.3.1/thumb/v7e-m+fp/softfp/crti.o
                0x1000cba8                _init
 .init          0x1000cbac        0x8 c:/maximsdk/tools/gnutools/10.3/bin/../lib/gcc/arm-none-eabi/10.3.1/thumb/v7e-m+fp/softfp/crtn.o
 *(.fini)
 .fini          0x1000cbb4        0x4 c:/maximsdk/tools/gnutools/10.3/bin/../lib/gcc/arm-none-eabi/10.3.1/thumb/v7e-m+fp/softfp/crti.o
                0x1000cbb4                _fini
 .fini          0x1000cbb8        0x8 c:/maximsdk/tools/gnutools/10.3/bin/../lib/gcc/arm-none-eabi/10.3.1/thumb/v7e-m+fp/softfp/crtn.o
 *(.eh_frame*)
 .eh_frame      0x1000cbc0        0x0 c:/maximsdk/tools/gnutools/10.3/bin/../lib/gcc/arm-none-eabi/10.3.1/thumb/v7e-m+fp/softfp/crtbegin.o
 .eh_frame      0x1000cbc0        0x4 c:/maximsdk/tools/gnutools/10.3/bin/../lib/gcc/arm-none-eabi/10.3.1/thumb/v7e-m+fp/softfp/crtend.o
                0x1000cbc4                _etext = .

.glue_7         0x1000cbc4        0x0
 .glue_7        0x1000cbc4        0x0 linker stubs

.glue_7t        0x1000cbc4        0x0
 .glue_7t       0x1000cbc4        0x0 linker stubs

.vfp11_veneer   0x1000cbc4        0x0
 .vfp11_veneer  0x1000cbc4        0x0 linker stubs

.v4_bx          0x1000cbc4        0x0
 .v4_bx         0x1000cbc4        0x0 linker stubs

.iplt           0x1000cbc4        0x0
 .iplt          0x1000cbc4        0x0 c:/maximsdk/tools/gnutools/10.3/bin/../lib/gcc/arm-none-eabi/10.3.1/thumb/v7e-m+fp/softfp/crtbegin.o

.bin_storage    0x1000cbc4    0x2742c
 FILL mask 0xff
                0x1000cbc4                _bin_start_ = .
 *(.bin_storage_img)
 .bin_storage_img
                0x1000cbc4    0x25804 C:/Users/ander/Documents/GitHub/GroundSight/GroundSight/camera-demo/build/img_1_rgb565.o
                0x1000cbc4                img_1_rgb565
 .bin_storage_img
                0x100323c8      0xfc4 C:/Users/ander/Documents/GitHub/GroundSight/GroundSight/camera-demo/build/logo_rgb565.o
                0x100323c8                logo_rgb565
 .bin_storage_img
                0x1003338c      0xc64 C:/Users/ander/Documents/GitHub/GroundSight/GroundSight/camera-demo/build/SansSerif16x16.o
                0x1003338c                SansSerif16x16
                0x10033ff0                _bin_end_ = .
                0x10033ff0                . = ALIGN (0x4)

.rom_code       0x00000000        0x0
                0x00000000                . = ALIGN (0x10)
                0x20000000                _sran_code = .
 *(.rom_code_section)
                0x20000000                _esran_code = .

.flash_code     0x10033ff0        0x0
                0x10033ff0                . = ALIGN (0x10)
                0x20000000                _sran_code = .
 *(.flash_code_section)
                0x20000000                _esran_code = .

.sram_code      0x20000000        0x0
                0x20000000                . = ALIGN (0x10)
                0x20000000                _sran_code = .
 *(.sram_code_section)
                0x20000000                _esran_code = .

.ARM.exidx      0x10033ff0        0x8
                0x10033ff0                __exidx_start = .
 *(.ARM.exidx*)
 .ARM.exidx     0x10033ff0        0x8 c:/maximsdk/tools/gnutools/10.3/bin/../lib/gcc/arm-none-eabi/10.3.1/thumb/v7e-m+fp/softfp\libgcc.a(_udivmoddi4.o)
                0x10033ff8                __exidx_end = .

.rel.dyn        0x10033ff8        0x0
 .rel.iplt      0x10033ff8        0x0 c:/maximsdk/tools/gnutools/10.3/bin/../lib/gcc/arm-none-eabi/10.3.1/thumb/v7e-m+fp/softfp/crtbegin.o

.data           0x20000000      0x9d4 load address 0x10033ff8
                0x20000000                _data = ALIGN (., 0x4)
 *(.data*)
 .data.ConsoleUart
                0x20000000        0x4 C:/Users/ander/Documents/GitHub/GroundSight/GroundSight/camera-demo/build/board.o
                0x20000000                ConsoleUart
 .data.g_framesize_height
                0x20000004        0x4 C:/Users/ander/Documents/GitHub/GroundSight/GroundSight/camera-demo/build/camera.o
 .data.g_framesize_width
                0x20000008        0x4 C:/Users/ander/Documents/GitHub/GroundSight/GroundSight/camera-demo/build/camera.o
 .data.g_stream_buffer_size
                0x2000000c        0x4 C:/Users/ander/Documents/GitHub/GroundSight/GroundSight/camera-demo/build/camera.o
 .data.g_pixelformat
                0x20000010        0x1 C:/Users/ander/Documents/GitHub/GroundSight/GroundSight/camera-demo/build/ov7692.o
 *fill*         0x20000011        0x3 
 .data.overflows