Archive member included to satisfy reference by file (symbol)

C:/MaximSDK/Libraries/PeriphDrivers/bin/MAX78000/softfp/libPeriphDriver_softfp.a(mxc_delay.o)
                              C:/MaximSDK/Examples/MAX78000/SDHC_FTHR/build/main.o (MXC_Delay)
C:/MaximSDK/Libraries/PeriphDrivers/bin/MAX78000/softfp/libPeriphDriver_softfp.a(pins_ai85.o)
                              C:/MaximSDK/Examples/MAX78000/SDHC_FTHR/build/camera.o (gpio_cfg_pcif_xclk)
C:/MaximSDK/Libraries/PeriphDrivers/bin/MAX78000/softfp/libPeriphDriver_softfp.a(sys_ai85.o)
                              C:/MaximSDK/Examples/MAX78000/SDHC_FTHR/build/board.o (MXC_SYS_ClockEnable)
C:/MaximSDK/Libraries/PeriphDrivers/bin/MAX78000/softfp/libPeriphDriver_softfp.a(nvic_table.o)
                              C:/MaximSDK/Examples/MAX78000/SDHC_FTHR/build/camera.o (NVIC_SetVector)
C:/MaximSDK/Libraries/PeriphDrivers/bin/MAX78000/softfp/libPeriphDriver_softfp.a(cameraif_ai85.o)
                              C:/MaximSDK/Examples/MAX78000/SDHC_FTHR/build/camera.o (MXC_PCIF_Init)
C:/MaximSDK/Libraries/PeriphDrivers/bin/MAX78000/softfp/libPeriphDriver_softfp.a(cameraif_reva.o)
                              C:/MaximSDK/Libraries/PeriphDrivers/bin/MAX78000/softfp/libPeriphDriver_softfp.a(cameraif_ai85.o) (MXC_PCIF_RevA_SetDatawidth)
C:/MaximSDK/Libraries/PeriphDrivers/bin/MAX78000/softfp/libPeriphDriver_softfp.a(dma_me17.o)
                              C:/MaximSDK/Examples/MAX78000/SDHC_FTHR/build/camera.o (MXC_DMA_SetCallback)
C:/MaximSDK/Libraries/PeriphDrivers/bin/MAX78000/softfp/libPeriphDriver_softfp.a(dma_reva.o)
                              C:/MaximSDK/Libraries/PeriphDrivers/bin/MAX78000/softfp/libPeriphDriver_softfp.a(dma_me17.o) (MXC_DMA_RevA_Init)
C:/MaximSDK/Libraries/PeriphDrivers/bin/MAX78000/softfp/libPeriphDriver_softfp.a(flc_me17.o)
                              C:/MaximSDK/Libraries/PeriphDrivers/bin/MAX78000/softfp/libPeriphDriver_softfp.a(sys_ai85.o) (MXC_FLC_UnlockInfoBlock)
C:/MaximSDK/Libraries/PeriphDrivers/bin/MAX78000/softfp/libPeriphDriver_softfp.a(flc_reva.o)
                              C:/MaximSDK/Libraries/PeriphDrivers/bin/MAX78000/softfp/libPeriphDriver_softfp.a(flc_me17.o) (MXC_FLC_RevA_Busy)
C:/MaximSDK/Libraries/PeriphDrivers/bin/MAX78000/softfp/libPeriphDriver_softfp.a(gpio_ai85.o)
                              C:/MaximSDK/Examples/MAX78000/SDHC_FTHR/build/led.o (MXC_GPIO_Config)
C:/MaximSDK/Libraries/PeriphDrivers/bin/MAX78000/softfp/libPeriphDriver_softfp.a(gpio_reva.o)
                              C:/MaximSDK/Libraries/PeriphDrivers/bin/MAX78000/softfp/libPeriphDriver_softfp.a(gpio_ai85.o) (MXC_GPIO_RevA_InGet)
C:/MaximSDK/Libraries/PeriphDrivers/bin/MAX78000/softfp/libPeriphDriver_softfp.a(i2c_me17.o)
                              C:/MaximSDK/Examples/MAX78000/SDHC_FTHR/build/max20303.o (MXC_I2C_Init)
C:/MaximSDK/Libraries/PeriphDrivers/bin/MAX78000/softfp/libPeriphDriver_softfp.a(i2c_reva.o)
                              C:/MaximSDK/Libraries/PeriphDrivers/bin/MAX78000/softfp/libPeriphDriver_softfp.a(i2c_me17.o) (MXC_I2C_RevA_DMACallback)
C:/MaximSDK/Libraries/PeriphDrivers/bin/MAX78000/softfp/libPeriphDriver_softfp.a(icc_me17.o)
                              C:/MaximSDK/Examples/MAX78000/SDHC_FTHR/build/system_max78000.o (MXC_ICC_Enable)
C:/MaximSDK/Libraries/PeriphDrivers/bin/MAX78000/softfp/libPeriphDriver_softfp.a(icc_reva.o)
                              C:/MaximSDK/Libraries/PeriphDrivers/bin/MAX78000/softfp/libPeriphDriver_softfp.a(icc_me17.o) (MXC_ICC_RevA_ID)
C:/MaximSDK/Libraries/PeriphDrivers/bin/MAX78000/softfp/libPeriphDriver_softfp.a(pt_me17.o)
                              C:/MaximSDK/Examples/MAX78000/SDHC_FTHR/build/camera.o (MXC_PT_Init)
C:/MaximSDK/Libraries/PeriphDrivers/bin/MAX78000/softfp/libPeriphDriver_softfp.a(pt_reva.o)
                              C:/MaximSDK/Libraries/PeriphDrivers/bin/MAX78000/softfp/libPeriphDriver_softfp.a(pt_me17.o) (MXC_PT_RevA_Init)
C:/MaximSDK/Libraries/PeriphDrivers/bin/MAX78000/softfp/libPeriphDriver_softfp.a(spi_me17.o)
                              C:/MaximSDK/Examples/MAX78000/SDHC_FTHR/build/tft_ili9341.o (MXC_SPI_Init)
C:/MaximSDK/Libraries/PeriphDrivers/bin/MAX78000/softfp/libPeriphDriver_softfp.a(spi_reva.o)
                              C:/MaximSDK/Libraries/PeriphDrivers/bin/MAX78000/softfp/libPeriphDriver_softfp.a(spi_me17.o) (MXC_SPI_RevA_Init)
C:/MaximSDK/Libraries/PeriphDrivers/bin/MAX78000/softfp/libPeriphDriver_softfp.a(uart_ai85.o)
                              C:/MaximSDK/Examples/MAX78000/SDHC_FTHR/build/board.o (MXC_UART_Shutdown)
C:/MaximSDK/Libraries/PeriphDrivers/bin/MAX78000/softfp/libPeriphDriver_softfp.a(uart_common.o)
                              C:/MaximSDK/Libraries/PeriphDrivers/bin/MAX78000/softfp/libPeriphDriver_softfp.a(uart_ai85.o) (MXC_UART_Common_ReadCharacter)
C:/MaximSDK/Libraries/PeriphDrivers/bin/MAX78000/softfp/libPeriphDriver_softfp.a(uart_revb.o)
[...]
Memory Configuration

Name             Origin             Length             Attributes
ROM              0x00000000         0x00010000         xr
FLASH            0x10000000         0x00080000         xr
SRAM             0x20000000         0x00020000         xrw
*default*        0x00000000         0xffffffff

Linker script and memory map

LOAD c:/maximsdk/tools/gnutools/10.3/bin/../lib/gcc/arm-none-eabi/10.3.1/thumb/v7e-m+fp/softfp/crti.o
LOAD c:/maximsdk/tools/gnutools/10.3/bin/../lib/gcc/arm-none-eabi/10.3.1/thumb/v7e-m+fp/softfp/crtbegin.o
LOAD c:/maximsdk/tools/gnutools/10.3/bin/../lib/gcc/arm-none-eabi/10.3.1/../../../../arm-none-eabi/lib/thumb/v7e-m+fp/softfp/crt0.o
LOAD C:/MaximSDK/Examples/MAX78000/SDHC_FTHR/build/main.o
LOAD C:/MaximSDK/Examples/MAX78000/SDHC_FTHR/build/board.o
LOAD C:/MaximSDK/Examples/MAX78000/SDHC_FTHR/build/stdio.o
LOAD C:/MaximSDK/Examples/MAX78000/SDHC_FTHR/build/led.o
LOAD C:/MaximSDK/Examples/MAX78000/SDHC_FTHR/build/pb.o
LOAD C:/MaximSDK/Examples/MAX78000/SDHC_FTHR/build/tft_ili9341.o
LOAD C:/MaximSDK/Examples/MAX78000/SDHC_FTHR/build/camera.o
LOAD C:/MaximSDK/Examples/MAX78000/SDHC_FTHR/build/ov7692.o
LOAD C:/MaximSDK/Examples/MAX78000/SDHC_FTHR/build/sccb.o
LOAD C:/MaximSDK/Examples/MAX78000/SDHC_FTHR/build/max20303.o
LOAD C:/MaximSDK/Examples/MAX78000/SDHC_FTHR/build/startup_max78000.o
LOAD C:/MaximSDK/Examples/MAX78000/SDHC_FTHR/build/heap.o
LOAD C:/MaximSDK/Examples/MAX78000/SDHC_FTHR/build/system_max78000.o
START GROUP
LOAD C:/MaximSDK/Libraries/PeriphDrivers/bin/MAX78000/softfp/libPeriphDriver_softfp.a
LOAD C:/MaximSDK/Examples/MAX78000/SDHC_FTHR/build/Fat32Driver/FAT32.a
LOAD C:/MaximSDK/Examples/MAX78000/SDHC_FTHR/build/SDHCDriver/sdhc.a
LOAD c:/maximsdk/tools/gnutools/10.3/bin/../lib/gcc/arm-none-eabi/10.3.1/../../../../arm-none-eabi/lib/thumb/v7e-m+fp/softfp\libc.a
LOAD c:/maximsdk/tools/gnutools/10.3/bin/../lib/gcc/arm-none-eabi/10.3.1/../../../../arm-none-eabi/lib/thumb/v7e-m+fp/softfp\libm.a
LOAD c:/maximsdk/tools/gnutools/10.3/bin/../lib/gcc/arm-none-eabi/10.3.1/../../../../arm-none-eabi/lib/thumb/v7e-m+fp/softfp\libnosys.a
END GROUP
START GROUP
LOAD c:/maximsdk/tools/gnutools/10.3/bin/../lib/gcc/arm-none-eabi/10.3.1/thumb/v7e-m+fp/softfp\libgcc.a
LOAD c:/maximsdk/tools/gnutools/10.3/bin/../lib/gcc/arm-none-eabi/10.3.1/../../../../arm-none-eabi/lib/thumb/v7e-m+fp/softfp\libc.a
END GROUP
LOAD c:/maximsdk/tools/gnutools/10.3/bin/../lib/gcc/arm-none-eabi/10.3.1/thumb/v7e-m+fp/softfp/crtend.o
LOAD c:/maximsdk/tools/gnutools/10.3/bin/../lib/gcc/arm-none-eabi/10.3.1/thumb/v7e-m+fp/softfp/crtn.o

.rom
 *(.rom_vector)
 *(.rom_handlers*)

.text           0x10000000    0x16210
                0x10000000                _text = .
 *(.isr_vector)
 .isr_vector    0x10000000      0x1e0 C:/MaximSDK/Examples/MAX78000/SDHC_FTHR/build/startup_max78000.o
                0x10000000                __isr_vector
 *(.text*)
 .text          0x100001e0       0x40 c:/maximsdk/tools/gnutools/10.3/bin/../lib/gcc/arm-none-eabi/10.3.1/thumb/v7e-m+fp/softfp/crtbegin.o
 .text.generateMessage
                0x10000220       0x2c C:/MaximSDK/Examples/MAX78000/SDHC_FTHR/build/main.o
                0x10000220                generateMessage
 .text.mount    0x1000024c       0x6c C:/MaximSDK/Examples/MAX78000/SDHC_FTHR/build/main.o
                0x1000024c                mount
 .text.umount   0x100002b8       0x48 C:/MaximSDK/Examples/MAX78000/SDHC_FTHR/build/main.o
                0x100002b8                umount
 .text.formatSDHC
                0x10000300       0xc0 C:/MaximSDK/Examples/MAX78000/SDHC_FTHR/build/main.o
                0x10000300                formatSDHC
 .text.getSize  0x100003c0       0x94 C:/MaximSDK/Examples/MAX78000/SDHC_FTHR/build/main.o
                0x100003c0                getSize
 .text.ls       0x10000454       0x90 C:/MaximSDK/Examples/MAX78000/SDHC_FTHR/build/main.o
                0x10000454                ls
 .text.createFile
                0x100004e4      0x120 C:/MaximSDK/Examples/MAX78000/SDHC_FTHR/build/main.o
                0x100004e4                createFile
 .text.appendFile
                0x10000604      0x118 C:/MaximSDK/Examples/MAX78000/SDHC_FTHR/build/main.o
                0x10000604                appendFile
 .text.mkdir    0x1000071c       0x98 C:/MaximSDK/Examples/MAX78000/SDHC_FTHR/build/main.o
                0x1000071c                mkdir
 .text.cd       0x100007b4       0x9c C:/MaximSDK/Examples/MAX78000/SDHC_FTHR/build/main.o
                0x100007b4                cd
 .text.delete   0x10000850       0x70 C:/MaximSDK/Examples/MAX78000/SDHC_FTHR/build/main.o
                0x10000850                delete
 .text.example  0x100008c0      0x2ac C:/MaximSDK/Examples/MAX78000/SDHC_FTHR/build/main.o
                0x100008c0                example
 .text.startup.main
                0x10000b6c      0x22c C:/MaximSDK/Examples/MAX78000/SDHC_FTHR/build/main.o
                0x10000b6c                main
 .text.mxc_assert
                0x10000d98       0x10 C:/MaximSDK/Examples/MAX78000/SDHC_FTHR/build/board.o
                0x10000d98                mxc_assert
 .text.Console_Init
                0x10000da8       0x14 C:/MaximSDK/Examples/MAX78000/SDHC_FTHR/build/board.o
                0x10000da8                Console_Init
 .text.Board_Init
                0x10000dbc       0x58 C:/MaximSDK/Examples/MAX78000/SDHC_FTHR/build/board.o
                0x10000dbc                Board_Init
 .text.NMI_Handler
                0x10000e14        0x4 C:/MaximSDK/Examples/MAX78000/SDHC_FTHR/build/board.o
                0x10000e14                NMI_Handler
 .text.SD_Power
                0x10000e18       0x1c C:/MaximSDK/Examples/MAX78000/SDHC_FTHR/build/board.o
                0x10000e18                SD_Power
 .text.SD_Get_Connections
                0x10000e34       0x14 C:/MaximSDK/Examples/MAX78000/SDHC_FTHR/build/board.o
                0x10000e34                SD_Get_Connections
 .text._close   0x10000e48        0x6 C:/MaximSDK/Examples/MAX78000/SDHC_FTHR/build/stdio.o
                0x10000e48                _close
 .text._isatty  0x10000e4e        0x6 C:/MaximSDK/Examples/MAX78000/SDHC_FTHR/build/stdio.o
                0x10000e4e                _isatty
 .text._lseek   0x10000e54        0x6 C:/MaximSDK/Examples/MAX78000/SDHC_FTHR/build/stdio.o
                0x10000e54                _lseek
 .text._fstat   0x10000e5a        0x6 C:/MaximSDK/Examples/MAX78000/SDHC_FTHR/build/stdio.o
                0x10000e5a                _fstat
 .text._read    0x10000e60       0x50 C:/MaximSDK/Examples/MAX78000/SDHC_FTHR/build/stdio.o
                0x10000e60                _read
 .text._write   0x10000eb0       0x48 C:/MaximSDK/Examples/MAX78000/SDHC_FTHR/build/stdio.o
                0x10000eb0                _write
 .text.LED_Off  0x10000ef8       0x3c C:/MaximSDK/Examples/MAX78000/SDHC_FTHR/build/led.o
                0x10000ef8                LED_Off
 .text.LED_Init
                0x10000f34       0x38 C:/MaximSDK/Examples/MAX78000/SDHC_FTHR/build/led.o
                0x10000f34                LED_Init
 .text.PB_Init  0x10000f6c       0x30 C:/MaximSDK/Examples/MAX78000/SDHC_FTHR/build/pb.o
                0x10000f6c                PB_Init
 .text.GPIO0_IRQHandler
                0x10000f9c        0x6 C:/MaximSDK/Examples/MAX78000/SDHC_FTHR/build/pb.o
                0x10000f9c                GPIO0_IRQHandler
 .text.GPIO1_IRQHandler
                0x10000fa2        0x6 C:/MaximSDK/Examples/MAX78000/SDHC_FTHR/build/pb.o
                0x10000fa2                GPIO1_IRQHandler
 .text.GPIO2_IRQHandler
                0x10000fa8        0x6 C:/MaximSDK/Examples/MAX78000/SDHC_FTHR/build/pb.o
                0x10000fa8                GPIO2_IRQHandler
 *fill*         0x10000fae        0x2 
 .text.i2c_flush
                0x10000fb0       0x30 C:/MaximSDK/Examples/MAX78000/SDHC_FTHR/build/max20303.o
 .text.reg_write
                0x10000fe0       0x44 C:/MaximSDK/Examples/MAX78000/SDHC_FTHR/build/max20303.o
 .text.reg_read
                0x10001024       0x58 C:/MaximSDK/Examples/MAX78000/SDHC_FTHR/build/max20303.o
 .text.reg_write_buf.constprop.0
                0x1000107c       0x50 C:/MaximSDK/Examples/MAX78000/SDHC_FTHR/build/max20303.o
 .text.max20303_sd_power
                0x100010cc       0xe0 C:/MaximSDK/Examples/MAX78000/SDHC_FTHR/build/max20303.o
                0x100010cc                max20303_sd_power
 .text.max20303_init
                0x100011ac       0x68 C:/MaximSDK/Examples/MAX78000/SDHC_FTHR/build/max20303.o
                0x100011ac                max20303_init
 .text          0x10001214      0x148 C:/MaximSDK/Examples/MAX78000/SDHC_FTHR/build/startup_max78000.o
                0x10001214                Reset_Handler
                0x10001252                HardFault_Handler
                0x10001254                MemManage_Handler
                0x10001256                BusFault_Handler
                0x10001258                UsageFault_Handler
                0x1000125a                SVC_Handler
                0x1000125c                DebugMon_Handler
                0x1000125e                PendSV_Handler
                0x10001260                SysTick_Handler
                0x10001262                Default_Handler
                0x10001264                PF_IRQHandler
                0x10001266                WDT0_IRQHandler
                0x10001268                RSV02_IRQHandler
                0x1000126a                RTC_IRQHandler
                0x1000126c                TRNG_IRQHandler
                0x1000126e                TMR0_IRQHandler
                0x10001270                TMR1_IRQHandler
                0x10001272                TMR2_IRQHandler
                0x10001274                TMR3_IRQHandler
                0x10001276                TMR4_IRQHandler
                0x10001278                TMR5_IRQHandler
                0x1000127a                RSV11_IRQHandler
                0x1000127c                RSV12_IRQHandler
                0x1000127e                I2C0_IRQHandler
                0x10001280                UART0_IRQHandler
                0x10001282                UART1_IRQHandler
                0x10001284                SPI1_IRQHandler
                0x10001286                RSV17_IRQHandler
                0x10001288                RSV18_IRQHandler
                0x1000128a                RSV19_IRQHandler
                0x1000128c                ADC_IRQHandler
                0x1000128e                RSV21_IRQHandler
                0x10001290                RSV22_IRQHandler
                0x10001292                FLC0_IRQHandler
                0x1000129a                RSV27_IRQHandler
                0x1000129c                DMA0_IRQHandler
                0x1000129e                DMA1_IRQHandler
                0x100012a0                DMA2_IRQHandler
                0x100012a2                DMA3_IRQHandler
                0x100012a4                RSV32_IRQHandler
                0x100012a6                RSV33_IRQHandler
                0x100012a8                UART2_IRQHandler
                0x100012aa                RSV35_IRQHandler
                0x100012ac                I2C1_IRQHandler
                0x100012ae                RSV37_IRQHandler
                0x100012b0                RSV38_IRQHandler
                0x100012b2                RSV39_IRQHandler
                0x100012b4                RSV40_IRQHandler
                0x100012b6                RSV41_IRQHandler
                0x100012b8                RSV42_IRQHandler
                0x100012ba                RSV43_IRQHandler
                0x100012bc                RSV44_IRQHandler
                0x100012be                RSV45_IRQHandler
                0x100012c0                RSV46_IRQHandler
                0x100012c2                RSV47_IRQHandler
                0x100012c4                RSV48_IRQHandler
                0x100012c6                RSV49_IRQHandler
                0x100012c8                RSV50_IRQHandler
                0x100012ca                RSV51_IRQHandler
                0x100012cc                RSV52_IRQHandler
                0x100012ce                WUT_IRQHandler
                0x100012d0                GPIOWAKE_IRQHandler
                0x100012d2                RSV55_IRQHandler
                0x100012d4                SPI0_IRQHandler
                0x100012d6                WDT1_IRQHandler
                0x100012d8                RSV58_IRQHandler
                0x100012da                PT_IRQHandler
                0x100012dc                RSV60_IRQHandler
                0x100012de                RSV61_IRQHandler
                0x100012e0                I2C2_IRQHandler
                0x100012e2                RISCV_IRQHandler
                0x100012e4                RSV64_IRQHandler
                0x100012e6                RSV65_IRQHandler
                0x100012e8                RSV66_IRQHandler
                0x100012ea                OWM_IRQHandler
                0x100012ec                RSV68_IRQHandler
                0x100012ee                RSV69_IRQHandler
                0x100012f0                RSV70_IRQHandler
                0x100012f2                RSV71_IRQHandler
                0x100012f4                RSV72_IRQHandler
                0x100012f6                RSV73_IRQHandler
                0x100012f8                RSV74_IRQHandler
                0x100012fa                RSV75_IRQHandler
                0x100012fc                RSV76_IRQHandler
                0x100012fe                RSV77_IRQHandler
                0x10001300                RSV78_IRQHandler
                0x10001302                RSV79_IRQHandler
                0x10001304                RSV80_IRQHandler
                0x10001306                RSV81_IRQHandler
                0x10001308                ECC_IRQHandler
                0x1000130a                DVS_IRQHandler
                0x1000130c                SIMO_IRQHandler
                0x1000130e                RSV85_IRQHandler
                0x10001310                RSV86_IRQHandler
                0x10001312                RSV87_IRQHandler
                0x10001314                UART3_IRQHandler
                0x10001316                RSV89_IRQHandler
                0x10001318                RSV90_IRQHandler
                0x1000131a                PCIF_IRQHandler
                0x1000131c                RSV92_IRQHandler
                0x1000131e                RSV93_IRQHandler
                0x10001320                RSV94_IRQHandler
                0x10001322                RSV95_IRQHandler
                0x10001324                RSV96_IRQHandler
                0x10001326                AES_IRQHandler
                0x10001328                RSV98_IRQHandler
                0x1000132a                I2S_IRQHandler
                0x1000132c                CNN_FIFO_IRQHandler
                0x1000132e                CNN_IRQHandler
                0x10001330                RSV102_IRQHandler
                0x10001332                LPCMP_IRQHandler
 .text._sbrk    0x1000135c       0x38 C:/MaximSDK/Examples/MAX78000/SDHC_FTHR/build/heap.o
                0x1000135c                _sbrk
 .text.SystemCoreClockUpdate
                0x10001394       0x68 C:/MaximSDK/Examples/MAX78000/SDHC_FTHR/build/system_max78000.o
                0x10001394                SystemCoreClockUpdate
 .text.PreInit  0x100013fc        0x4 C:/MaximSDK/Examples/MAX78000/SDHC_FTHR/build/system_max78000.o
                0x100013fc                PreInit
 .text.SystemInit
                0x10001400       0x38 C:/MaximSDK/Examples/MAX78000/SDHC_FTHR/build/system_max78000.o
                0x10001400                SystemInit
 .text.MXC_DelayInit
                0x10001438       0x7c C:/MaximSDK/Libraries/PeriphDrivers/bin/MAX78000/softfp/libPeriphDriver_softfp.a(mxc_delay.o)
 .text.MXC_DelayAsync
                0x100014b4       0x3c C:/MaximSDK/Libraries/PeriphDrivers/bin/MAX78000/softfp/libPeriphDriver_softfp.a(mxc_delay.o)
                0x100014b4                MXC_DelayAsync
 .text.MXC_DelayAbort
                0x100014f0       0x34 C:/MaximSDK/Libraries/PeriphDrivers/bin/MAX78000/softfp/libPeriphDriver_softfp.a(mxc_delay.o)
                0x100014f0                MXC_DelayAbort
 .text.MXC_DelayCheck
                0x10001524       0x58 C:/MaximSDK/Libraries/PeriphDrivers/bin/MAX78000/softfp/libPeriphDriver_softfp.a(mxc_delay.o)
                0x10001524                MXC_DelayCheck
 .text.MXC_Delay
                0x1000157c       0x50 C:/MaximSDK/Libraries/PeriphDrivers/bin/MAX78000/softfp/libPeriphDriver_softfp.a(mxc_delay.o)
                0x1000157c                MXC_Delay
 .text.MXC_SYS_ClockDisable
                0x100015cc       0x44 C:/MaximSDK/Libraries/PeriphDrivers/bin/MAX78000/softfp/libPeriphDriver_softfp.a(sys_ai85.o)
                0x100015cc                MXC_SYS_ClockDisable
 .text.MXC_SYS_ClockEnable
                0x10001610       0x4c C:/MaximSDK/Libraries/PeriphDrivers/bin/MAX78000/softfp/libPeriphDriver_softfp.a(sys_ai85.o)
                0x10001610                MXC_SYS_ClockEnable
 .text.MXC_SYS_Clock_Timeout
                0x1000165c       0x2e C:/MaximSDK/Libraries/PeriphDrivers/bin/MAX78000/softfp/libPeriphDriver_softfp.a(sys_ai85.o)
                0x1000165c                MXC_SYS_Clock_Timeout
 .text.MXC_SYS_ClockSourceEnable
                0x1000168a       0x6c C:/MaximSDK/Libraries/PeriphDrivers/bin/MAX78000/softfp/libPeriphDriver_softfp.a(sys_ai85.o)
                0x1000168a                MXC_SYS_ClockSourceEnable
 *fill*         0x100016f6        0x2 
 .text.MXC_SYS_Reset_Periph
                0x100016f8       0x4c C:/MaximSDK/Libraries/PeriphDrivers/bin/MAX78000/softfp/libPeriphDriver_softfp.a(sys_ai85.o)
                0x100016f8                MXC_SYS_Reset_Periph
 .text.MXC_GPIO_Init
                0x10001744       0x22 C:/MaximSDK/Libraries/PeriphDrivers/bin/MAX78000/softfp/libPeriphDriver_softfp.a(gpio_ai85.o)
                0x10001744                MXC_GPIO_Init
 *fill*         0x10001766        0x2 
 .text.MXC_GPIO_Config
                0x10001768      0x1e4 C:/MaximSDK/Libraries/PeriphDrivers/bin/MAX78000/softfp/libPeriphDriver_softfp.a(gpio_ai85.o)
                0x10001768                MXC_GPIO_Config
 .text.MXC_GPIO_OutSet
                0x1000194c       0x34 C:/MaximSDK/Libraries/PeriphDrivers/bin/MAX78000/softfp/libPeriphDriver_softfp.a(gpio_ai85.o)
                0x1000194c                MXC_GPIO_OutSet
 .text.MXC_GPIO_Handler
                0x10001980        0x4 C:/MaximSDK/Libraries/PeriphDrivers/bin/MAX78000/softfp/libPeriphDriver_softfp.a(gpio_ai85.o)
                0x10001980                MXC_GPIO_Handler
 .text.MXC_GPIO_ClearFlags
                0x10001984        0x4 C:/MaximSDK/Libraries/PeriphDrivers/bin/MAX78000/softfp/libPeriphDriver_softfp.a(gpio_ai85.o)
                0x10001984                MXC_GPIO_ClearFlags
 .text.MXC_GPIO_GetFlags
                0x10001988        0x4 C:/MaximSDK/Libraries/PeriphDrivers/bin/MAX78000/softfp/libPeriphDriver_softfp.a(gpio_ai85.o)
                0x10001988                MXC_GPIO_GetFlags
 .text.MXC_GPIO_RevA_OutSet
                0x1000198c        0x4 C:/MaximSDK/Libraries/PeriphDrivers/bin/MAX78000/softfp/libPeriphDriver_softfp.a(gpio_reva.o)
                0x1000198c                MXC_GPIO_RevA_OutSet
 .text.MXC_GPIO_RevA_ClearFlags
                0x10001990        0x4 C:/MaximSDK/Libraries/PeriphDrivers/bin/MAX78000/softfp/libPeriphDriver_softfp.a(gpio_reva.o)
                0x10001990                MXC_GPIO_RevA_ClearFlags
 .text.MXC_GPIO_RevA_GetFlags
                0x10001994        0x4 C:/MaximSDK/Libraries/PeriphDrivers/bin/MAX78000/softfp/libPeriphDriver_softfp.a(gpio_reva.o)
                0x10001994                MXC_GPIO_RevA_GetFlags
 .text.MXC_GPIO_RevA_SetVSSEL
                0x10001998       0x24 C:/MaximSDK/Libraries/PeriphDrivers/bin/MAX78000/softfp/libPeriphDriver_softfp.a(gpio_reva.o)
                0x10001998                MXC_GPIO_RevA_SetVSSEL
 .text.MXC_GPIO_RevA_SetAF
                0x100019bc       0x44 C:/MaximSDK/Libraries/PeriphDrivers/bin/MAX78000/softfp/libPeriphDriver_softfp.a(gpio_reva.o)
                0x100019bc                MXC_GPIO_RevA_SetAF
 .text.MXC_I2C_SetSlaveAddr
                0x10001a00        0x4 C:/MaximSDK/Libraries/PeriphDrivers/bin/MAX78000/softfp/libPeriphDriver_softfp.a(i2c_me17.o)
                0x10001a00                MXC_I2C_SetSlaveAddr
 .text.MXC_I2C_Shutdown
                0x10001a04       0x4c C:/MaximSDK/Libraries/PeriphDrivers/bin/MAX78000/softfp/libPeriphDriver_softfp.a(i2c_me17.o)
                0x10001a04                MXC_I2C_Shutdown
 .text.MXC_I2C_Init
                0x10001a50       0x74 C:/MaximSDK/Libraries/PeriphDrivers/bin/MAX78000/softfp/libPeriphDriver_softfp.a(i2c_me17.o)
                0x10001a50                MXC_I2C_Init
 .text.MXC_I2C_SetFrequency
                0x10001ac4       0x14 C:/MaximSDK/Libraries/PeriphDrivers/bin/MAX78000/softfp/libPeriphDriver_softfp.a(i2c_me17.o)
                0x10001ac4                MXC_I2C_SetFrequency
 .text.MXC_I2C_GetFrequency
                0x10001ad8        0x4 C:/MaximSDK/Libraries/PeriphDrivers/bin/MAX78000/softfp/libPeriphDriver_softfp.a(i2c_me17.o)
                0x10001ad8                MXC_I2C_GetFrequency
 .text.MXC_I2C_ClearRXFIFO
                0x10001adc        0x4 C:/MaximSDK/Libraries/PeriphDrivers/bin/MAX78000/softfp/libPeriphDriver_softfp.a(i2c_me17.o)
                0x10001adc                MXC_I2C_ClearRXFIFO
 .text.MXC_I2C_ClearTXFIFO
                0x10001ae0        0x4 C:/MaximSDK/Libraries/PeriphDrivers/bin/MAX78000/softfp/libPeriphDriver_softfp.a(i2c_me17.o)
                0x10001ae0                MXC_I2C_ClearTXFIFO
 .text.MXC_I2C_Recover
                0x10001ae4        0x4 C:/MaximSDK/Libraries/PeriphDrivers/bin/MAX78000/softfp/libPeriphDriver_softfp.a(i2c_me17.o)
                0x10001ae4                MXC_I2C_Recover
 .text.MXC_I2C_SetRXThreshold
                0x10001ae8        0x4 C:/MaximSDK/Libraries/PeriphDrivers/bin/MAX78000/softfp/libPeriphDriver_softfp.a(i2c_me17.o)
                0x10001ae8                MXC_I2C_SetRXThreshold
 .text.MXC_I2C_SetTXThreshold
                0x10001aec        0x4 C:/MaximSDK/Libraries/PeriphDrivers/bin/MAX78000/softfp/libPeriphDriver_softfp.a(i2c_me17.o)
                0x10001aec                MXC_I2C_SetTXThreshold
 .text.MXC_I2C_RevA_Init
                0x10001af0       0xc0 C:/MaximSDK/Libraries/PeriphDrivers/bin/MAX78000/softfp/libPeriphDriver_softfp.a(i2c_reva.o)
                0x10001af0                MXC_I2C_RevA_Init
 .text.MXC_I2C_RevA_SetSlaveAddr
                0x10001bb0       0x34 C:/MaximSDK/Libraries/PeriphDrivers/bin/MAX78000/softfp/libPeriphDriver_softfp.a(i2c_reva.o)
                0x10001bb0                MXC_I2C_RevA_SetSlaveAddr
 .text.MXC_I2C_RevA_SetFrequency
                0x10001be4       0x6c C:/MaximSDK/Libraries/PeriphDrivers/bin/MAX78000/softfp/libPeriphDriver_softfp.a(i2c_reva.o)
                0x10001be4                MXC_I2C_RevA_SetFrequency
 .text.MXC_I2C_RevA_GetFrequency
                0x10001c50       0x20 C:/MaximSDK/Libraries/PeriphDrivers/bin/MAX78000/softfp/libPeriphDriver_softfp.a(i2c_reva.o)
                0x10001c50                MXC_I2C_RevA_GetFrequency
 .text.MXC_I2C_RevA_ClearRXFIFO
                0x10001c70       0x10 C:/MaximSDK/Libraries/PeriphDrivers/bin/MAX78000/softfp/libPeriphDriver_softfp.a(i2c_reva.o)
                0x10001c70                MXC_I2C_RevA_ClearRXFIFO
 .text.MXC_I2C_RevA_ClearTXFIFO
                0x10001c80       0x10 C:/MaximSDK/Libraries/PeriphDrivers/bin/MAX78000/softfp/libPeriphDriver_softfp.a(i2c_reva.o)
                0x10001c80                MXC_I2C_RevA_ClearTXFIFO
 .text.MXC_I2C_RevA_Recover
                0x10001c90       0xc6 C:/MaximSDK/Libraries/PeriphDrivers/bin/MAX78000/softfp/libPeriphDriver_softfp.a(i2c_reva.o)
                0x10001c90                MXC_I2C_RevA_Recover
 .text.MXC_I2C_RevA_SetRXThreshold
                0x10001d56       0x1e C:/MaximSDK/Libraries/PeriphDrivers/bin/MAX78000/softfp/libPeriphDriver_softfp.a(i2c_reva.o)
                0x10001d56                MXC_I2C_RevA_SetRXThreshold
 .text.MXC_I2C_RevA_SetTXThreshold
                0x10001d74       0x20 C:/MaximSDK/Libraries/PeriphDrivers/bin/MAX78000/softfp/libPeriphDriver_softfp.a(i2c_reva.o)
                0x10001d74                MXC_I2C_RevA_SetTXThreshold
 .text.MXC_ICC_Enable
                0x10001d94        0x4 C:/MaximSDK/Libraries/PeriphDrivers/bin/MAX78000/softfp/libPeriphDriver_softfp.a(icc_me17.o)
                0x10001d94                MXC_ICC_Enable
 .text.MXC_ICC_RevA_Enable
                0x10001d98       0x30 C:/MaximSDK/Libraries/PeriphDrivers/bin/MAX78000/softfp/libPeriphDriver_softfp.a(icc_reva.o)
                0x10001d98                MXC_ICC_RevA_Enable
 .text.MXC_SPI_Init
                0x10001dc8      0x1b8 C:/MaximSDK/Libraries/PeriphDrivers/bin/MAX78000/softfp/libPeriphDriver_softfp.a(spi_me17.o)
                0x10001dc8                MXC_SPI_Init
 .text.MXC_SPI_GetPeripheralClock
                0x10001f80       0x74 C:/MaximSDK/Libraries/PeriphDrivers/bin/MAX78000/softfp/libPeriphDriver_softfp.a(spi_me17.o)
                0x10001f80                MXC_SPI_GetPeripheralClock
 .text.MXC_SPI_SetFrequency
                0x10001ff4        0x4 C:/MaximSDK/Libraries/PeriphDrivers/bin/MAX78000/softfp/libPeriphDriver_softfp.a(spi_me17.o)
                0x10001ff4                MXC_SPI_SetFrequency
 .text.MXC_SPI_SetDataSize
                0x10001ff8        0x4 C:/MaximSDK/Libraries/PeriphDrivers/bin/MAX78000/softfp/libPeriphDriver_softfp.a(spi_me17.o)
                0x10001ff8                MXC_SPI_SetDataSize
 .text.MXC_SPI_GetDataSize
                0x10001ffc        0x4 C:/MaximSDK/Libraries/PeriphDrivers/bin/MAX78000/softfp/libPeriphDriver_softfp.a(spi_me17.o)
                0x10001ffc                MXC_SPI_GetDataSize
 .text.MXC_SPI_SetSlave
                0x10002000        0x4 C:/MaximSDK/Libraries/PeriphDrivers/bin/MAX78000/softfp/libPeriphDriver_softfp.a(spi_me17.o)
                0x10002000                MXC_SPI_SetSlave
 .text.MXC_SPI_GetWidth
                0x10002004        0x4 C:/MaximSDK/Libraries/PeriphDrivers/bin/MAX78000/softfp/libPeriphDriver_softfp.a(spi_me17.o)
                0x10002004                MXC_SPI_GetWidth
 .text.MXC_SPI_StartTransmission
                0x10002008        0x4 C:/MaximSDK/Libraries/PeriphDrivers/bin/MAX78000/softfp/libPeriphDriver_softfp.a(spi_me17.o)
                0x10002008                MXC_SPI_StartTransmission
 .text.MXC_SPI_GetActive
                0x1000200c        0x4 C:/MaximSDK/Libraries/PeriphDrivers/bin/MAX78000/softfp/libPeriphDriver_softfp.a(spi_me17.o)
                0x1000200c                MXC_SPI_GetActive
 .text.MXC_SPI_ReadRXFIFO
                0x10002010        0x4 C:/MaximSDK/Libraries/PeriphDrivers/bin/MAX78000/softfp/libPeriphDriver_softfp.a(spi_me17.o)
                0x10002010                MXC_SPI_ReadRXFIFO
 .text.MXC_SPI_GetRXFIFOAvailable
                0x10002014        0x4 C:/MaximSDK/Libraries/PeriphDrivers/bin/MAX78000/softfp/libPeriphDriver_softfp.a(spi_me17.o)
                0x10002014                MXC_SPI_GetRXFIFOAvailable
 .text.MXC_SPI_WriteTXFIFO
                0x10002018        0x4 C:/MaximSDK/Libraries/PeriphDrivers/bin/MAX78000/softfp/libPeriphDriver_softfp.a(spi_me17.o)
                0x10002018                MXC_SPI_WriteTXFIFO
 .text.MXC_SPI_GetTXFIFOAvailable
                0x1000201c        0x4 C:/MaximSDK/Libraries/PeriphDrivers/bin/MAX78000/softfp/libPeriphDriver_softfp.a(spi_me17.o)
                0x1000201c                MXC_SPI_GetTXFIFOAvailable
 .text.MXC_SPI_SetRXThreshold
                0x10002020        0x4 C:/MaximSDK/Libraries/PeriphDrivers/bin/MAX78000/softfp/libPeriphDriver_softfp.a(spi_me17.o)
                0x10002020                MXC_SPI_SetRXThreshold
 .text.MXC_SPI_SetTXThreshold
                0x10002024        0x4 C:/MaximSDK/Libraries/PeriphDrivers/bin/MAX78000/softfp/libPeriphDriver_softfp.a(spi_me17.o)
                0x10002024                MXC_SPI_SetTXThreshold
 .text.MXC_SPI_MasterTransaction
                0x10002028        0x4 C:/MaximSDK/Libraries/PeriphDrivers/bin/MAX78000/softfp/libPeriphDriver_softfp.a(spi_me17.o)
                0x10002028                MXC_SPI_MasterTransaction
 .text.MXC_SPI_SetDefaultTXData
                0x1000202c        0x4 C:/MaximSDK/Libraries/PeriphDrivers/bin/MAX78000/softfp/libPeriphDriver_softfp.a(spi_me17.o)
                0x1000202c                MXC_SPI_SetDefaultTXData
 .text.MXC_SPI_RevA_TransSetup
                0x10002030      0x17c C:/MaximSDK/Libraries/PeriphDrivers/bin/MAX78000/softfp/libPeriphDriver_softfp.a(spi_reva.o)
 .text.MXC_SPI_RevA_TransHandler
                0x100021ac      0x140 C:/MaximSDK/Libraries/PeriphDrivers/bin/MAX78000/softfp/libPeriphDriver_softfp.a(spi_reva.o)
 .text.MXC_SPI_RevA_MasterTransHandler
                0x100022ec       0x68 C:/MaximSDK/Libraries/PeriphDrivers/bin/MAX78000/softfp/libPeriphDriver_softfp.a(spi_reva.o)
 .text.MXC_SPI_RevA_Init
                0x10002354       0xe8 C:/MaximSDK/Libraries/PeriphDrivers/bin/MAX78000/softfp/libPeriphDriver_softfp.a(spi_reva.o)
                0x10002354                MXC_SPI_RevA_Init
 .text.MXC_SPI_RevA_SetFrequency
                0x1000243c       0x70 C:/MaximSDK/Libraries/PeriphDrivers/bin/MAX78000/softfp/libPeriphDriver_softfp.a(spi_reva.o)
                0x1000243c                MXC_SPI_RevA_SetFrequency
 .text.MXC_SPI_RevA_SetDataSize
                0x100024ac       0x98 C:/MaximSDK/Libraries/PeriphDrivers/bin/MAX78000/softfp/libPeriphDriver_softfp.a(spi_reva.o)
                0x100024ac                MXC_SPI_RevA_SetDataSize
 .text.MXC_SPI_RevA_GetDataSize
                0x10002544       0x3c C:/MaximSDK/Libraries/PeriphDrivers/bin/MAX78000/softfp/libPeriphDriver_softfp.a(spi_reva.o)
                0x10002544                MXC_SPI_RevA_GetDataSize
 .text.MXC_SPI_RevA_SetSlave
                0x10002580       0x60 C:/MaximSDK/Libraries/PeriphDrivers/bin/MAX78000/softfp/libPeriphDriver_softfp.a(spi_reva.o)
                0x10002580                MXC_SPI_RevA_SetSlave
 .text.MXC_SPI_RevA_GetWidth
                0x100025e0       0x22 C:/MaximSDK/Libraries/PeriphDrivers/bin/MAX78000/softfp/libPeriphDriver_softfp.a(spi_reva.o)
                0x100025e0                MXC_SPI_RevA_GetWidth
 *fill*         0x10002602        0x2 
 .text.MXC_SPI_RevA_StartTransmission
                0x10002604       0x40 C:/MaximSDK/Libraries/PeriphDrivers/bin/MAX78000/softfp/libPeriphDriver_softfp.a(spi_reva.o)
                0x10002604                MXC_SPI_RevA_StartTransmission
 .text.MXC_SPI_RevA_GetActive
                0x10002644       0x10 C:/MaximSDK/Libraries/PeriphDrivers/bin/MAX78000/softfp/libPeriphDriver_softfp.a(spi_reva.o)
                0x10002644                MXC_SPI_RevA_GetActive
 .text.MXC_SPI_RevA_ReadRXFIFO
                0x10002654       0x90 C:/MaximSDK/Libraries/PeriphDrivers/bin/MAX78000/softfp/libPeriphDriver_softfp.a(spi_reva.o)
                0x10002654                MXC_SPI_RevA_ReadRXFIFO
 .text.MXC_SPI_RevA_GetRXFIFOAvailable
                0x100026e4        0x8 C:/MaximSDK/Libraries/PeriphDrivers/bin/MAX78000/softfp/libPeriphDriver_softfp.a(spi_reva.o)
                0x100026e4                MXC_SPI_RevA_GetRXFIFOAvailable
 .text.MXC_SPI_RevA_WriteTXFIFO
                0x100026ec       0x84 C:/MaximSDK/Libraries/PeriphDrivers/bin/MAX78000/softfp/libPeriphDriver_softfp.a(spi_reva.o)
                0x100026ec                MXC_SPI_RevA_WriteTXFIFO
 .text.MXC_SPI_RevA_GetTXFIFOAvailable
                0x10002770       0x38 C:/MaximSDK/Libraries/PeriphDrivers/bin/MAX78000/softfp/libPeriphDriver_softfp.a(spi_reva.o)
                0x10002770                MXC_SPI_RevA_GetTXFIFOAvailable
 .text.MXC_SPI_RevA_SetRXThreshold
                0x100027a8       0x4c C:/MaximSDK/Libraries/PeriphDrivers/bin/MAX78000/softfp/libPeriphDriver_softfp.a(spi_reva.o)
                0x100027a8                MXC_SPI_RevA_SetRXThreshold
 .text.MXC_SPI_RevA_SetTXThreshold
                0x100027f4       0x48 C:/MaximSDK/Libraries/PeriphDrivers/bin/MAX78000/softfp/libPeriphDriver_softfp.a(spi_reva.o)
                0x100027f4                MXC_SPI_RevA_SetTXThreshold
 .text.MXC_SPI_RevA_MasterTransaction
                0x1000283c       0x2c C:/MaximSDK/Libraries/PeriphDrivers/bin/MAX78000/softfp/libPeriphDriver_softfp.a(spi_reva.o)
                0x1000283c                MXC_SPI_RevA_MasterTransaction
 .text.MXC_SPI_RevA_SetDefaultTXData
                0x10002868       0x48 C:/MaximSDK/Libraries/PeriphDrivers/bin/MAX78000/softfp/libPeriphDriver_softfp.a(spi_reva.o)
                0x10002868                MXC_SPI_RevA_SetDefaultTXData
 .text.MXC_UART_GetFrequency.part.0
                0x100028b0       0x54 C:/MaximSDK/Libraries/PeriphDrivers/bin/MAX78000/softfp/libPeriphDriver_softfp.a(uart_ai85.o)
 .text.MXC_UART_Shutdown
                0x10002904       0x60 C:/MaximSDK/Libraries/PeriphDrivers/bin/MAX78000/softfp/libPeriphDriver_softfp.a(uart_ai85.o)
                0x10002904                MXC_UART_Shutdown
 .text.MXC_UART_Init
                0x10002964       0x98 C:/MaximSDK/Libraries/PeriphDrivers/bin/MAX78000/softfp/libPeriphDriver_softfp.a(uart_ai85.o)
                0x10002964                MXC_UART_Init
 .text.MXC_UART_SetFrequency
                0x100029fc       0xb8 C:/MaximSDK/Libraries/PeriphDrivers/bin/MAX78000/softfp/libPeriphDriver_softfp.a(uart_ai85.o)
                0x100029fc                MXC_UART_SetFrequency
 .text.MXC_UART_GetFrequency
                0x10002ab4       0x30 C:/MaximSDK/Libraries/PeriphDrivers/bin/MAX78000/softfp/libPeriphDriver_softfp.a(uart_ai85.o)
                0x10002ab4                MXC_UART_GetFrequency
 .text.MXC_UART_SetDataSize
                0x10002ae4        0x4 C:/MaximSDK/Libraries/PeriphDrivers/bin/MAX78000/softfp/libPeriphDriver_softfp.a(uart_ai85.o)
                0x10002ae4                MXC_UART_SetDataSize
 .text.MXC_UART_SetStopBits
                0x10002ae8        0x4 C:/MaximSDK/Libraries/PeriphDrivers/bin/MAX78000/softfp/libPeriphDriver_softfp.a(uart_ai85.o)
                0x10002ae8                MXC_UART_SetStopBits
 .text.MXC_UART_SetParity
                0x10002aec        0x4 C:/MaximSDK/Libraries/PeriphDrivers/bin/MAX78000/softfp/libPeriphDriver_softfp.a(uart_ai85.o)
                0x10002aec                MXC_UART_SetParity
 .text.MXC_UART_ReadCharacterRaw
                0x10002af0        0x4 C:/MaximSDK/Libraries/PeriphDrivers/bin/MAX78000/softfp/libPeriphDriver_softfp.a(uart_ai85.o)
                0x10002af0                MXC_UART_ReadCharacterRaw
 .text.MXC_UART_WriteCharacterRaw
                0x10002af4        0x4 C:/MaximSDK/Libraries/PeriphDrivers/bin/MAX78000/softfp/libPeriphDriver_softfp.a(uart_ai85.o)
                0x10002af4                MXC_UART_WriteCharacterRaw
 .text.MXC_UART_ReadCharacter
                0x10002af8        0x4 C:/MaximSDK/Libraries/PeriphDrivers/bin/MAX78000/softfp/libPeriphDriver_softfp.a(uart_ai85.o)
                0x10002af8                MXC_UART_ReadCharacter
 .text.MXC_UART_WriteCharacter
                0x10002afc        0x4 C:/MaximSDK/Libraries/PeriphDrivers/bin/MAX78000/softfp/libPeriphDriver_softfp.a(uart_ai85.o)
                0x10002afc                MXC_UART_WriteCharacter
 .text.MXC_UART_GetRXFIFOAvailable
                0x10002b00        0x4 C:/MaximSDK/Libraries/PeriphDrivers/bin/MAX78000/softfp/libPeriphDriver_softfp.a(uart_ai85.o)
                0x10002b00                MXC_UART_GetRXFIFOAvailable
 .text.MXC_UART_GetTXFIFOAvailable
                0x10002b04        0x4 C:/MaximSDK/Libraries/PeriphDrivers/bin/MAX78000/softfp/libPeriphDriver_softfp.a(uart_ai85.o)
                0x10002b04                MXC_UART_GetTXFIFOAvailable
 .text.MXC_UART_ClearRXFIFO
                0x10002b08        0x4 C:/MaximSDK/Libraries/PeriphDrivers/bin/MAX78000/softfp/libPeriphDriver_softfp.a(uart_ai85.o)
                0x10002b08                MXC_UART_ClearRXFIFO
 .text.MXC_UART_SetRXThreshold
                0x10002b0c        0x4 C:/MaximSDK/Libraries/PeriphDrivers/bin/MAX78000/softfp/libPeriphDriver_softfp.a(uart_ai85.o)
                0x10002b0c                MXC_UART_SetRXThreshold
 .text.MXC_UART_Common_ReadCharacter
                0x10002b10       0x18 C:/MaximSDK/Libraries/PeriphDrivers/bin/MAX78000/softfp/libPeriphDriver_softfp.a(uart_common.o)
                0x10002b10                MXC_UART_Common_ReadCharacter
 .text.MXC_UART_Common_WriteCharacter
                0x10002b28       0x1e C:/MaximSDK/Libraries/PeriphDrivers/bin/MAX78000/softfp/libPeriphDriver_softfp.a(uart_common.o)
                0x10002b28                MXC_UART_Common_WriteCharacter
 *fill*         0x10002b46        0x2 
 .text.MXC_UART_RevB_Init
                0x10002b48       0x68 C:/MaximSDK/Libraries/PeriphDrivers/bin/MAX78000/softfp/libPeriphDriver_softfp.a(uart_revb.o)
                0x10002b48                MXC_UART_RevB_Init
 .text.MXC_UART_RevB_SetFrequency
                0x10002bb0       0x88 C:/MaximSDK/Libraries/PeriphDrivers/bin/MAX78000/softfp/libPeriphDriver_softfp.a(uart_revb.o)
                0x10002bb0                MXC_UART_RevB_SetFrequency
 .text.MXC_UART_RevB_GetFrequency
                0x10002c38       0x68 C:/MaximSDK/Libraries/PeriphDrivers/bin/MAX78000/softfp/libPeriphDriver_softfp.a(uart_revb.o)
                0x10002c38                MXC_UART_RevB_GetFrequency
 .text.MXC_UART_RevB_SetDataSize
                0x10002ca0       0x40 C:/MaximSDK/Libraries/PeriphDrivers/bin/MAX78000/softfp/libPeriphDriver_softfp.a(uart_revb.o)
                0x10002ca0                MXC_UART_RevB_SetDataSize
 .text.MXC_UART_RevB_SetStopBits
                0x10002ce0       0x44 C:/MaximSDK/Libraries/PeriphDrivers/bin/MAX78000/softfp/libPeriphDriver_softfp.a(uart_revb.o)
                0x10002ce0                MXC_UART_RevB_SetStopBits
 .text.MXC_UART_RevB_SetParity
                0x10002d24       0x94 C:/MaximSDK/Libraries/PeriphDrivers/bin/MAX78000/softfp/libPeriphDriver_softfp.a(uart_revb.o)
                0x10002d24                MXC_UART_RevB_SetParity
 .text.MXC_UART_RevB_ReadCharacterRaw
                0x10002db8       0x38 C:/MaximSDK/Libraries/PeriphDrivers/bin/MAX78000/softfp/libPeriphDriver_softfp.a(uart_revb.o)
                0x10002db8                MXC_UART_RevB_ReadCharacterRaw
 .text.MXC_UART_RevB_WriteCharacterRaw
                0x10002df0       0x3c C:/MaximSDK/Libraries/PeriphDrivers/bin/MAX78000/softfp/libPeriphDriver_softfp.a(uart_revb.o)
                0x10002df0                MXC_UART_RevB_WriteCharacterRaw
 .text.MXC_UART_RevB_GetRXFIFOAvailable
                0x10002e2c        0x8 C:/MaximSDK/Libraries/PeriphDrivers/bin/MAX78000/softfp/libPeriphDriver_softfp.a(uart_revb.o)
                0x10002e2c                MXC_UART_RevB_GetRXFIFOAvailable
 .text.MXC_UART_RevB_GetTXFIFOAvailable
                0x10002e34        0xc C:/MaximSDK/Libraries/PeriphDrivers/bin/MAX78000/softfp/libPeriphDriver_softfp.a(uart_revb.o)
                0x10002e34                MXC_UART_RevB_GetTXFIFOAvailable
 .text.MXC_UART_RevB_ClearRXFIFO
                0x10002e40       0x3c C:/MaximSDK/Libraries/PeriphDrivers/bin/MAX78000/softfp/libPeriphDriver_softfp.a(uart_revb.o)
                0x10002e40                MXC_UART_RevB_ClearRXFIFO
 .text.MXC_UART_RevB_SetRXThreshold
                0x10002e7c       0x3c C:/MaximSDK/Libraries/PeriphDrivers/bin/MAX78000/softfp/libPeriphDriver_softfp.a(uart_revb.o)
                0x10002e7c                MXC_UART_RevB_SetRXThreshold
 .text.MXC_FreeLock
                0x10002eb8        0xa C:/MaximSDK/Libraries/PeriphDrivers/bin/MAX78000/softfp/libPeriphDriver_softfp.a(mxc_lock.o)
                0x10002eb8                MXC_FreeLock
 *fill*         0x10002ec2        0x2 
 .text.MXC_GPIO_Common_Init
                0x10002ec4       0x24 C:/MaximSDK/Libraries/PeriphDrivers/bin/MAX78000/softfp/libPeriphDriver_softfp.a(gpio_common.o)
                0x10002ec4                MXC_GPIO_Common_Init
 .text.MXC_GPIO_Common_Handler
                0x10002ee8       0x84 C:/MaximSDK/Libraries/PeriphDrivers/bin/MAX78000/softfp/libPeriphDriver_softfp.a(gpio_common.o)
                0x10002ee8                MXC_GPIO_Common_Handler
 .text.ld_dword
                0x10002f6c        0x4 C:/MaximSDK/Examples/MAX78000/SDHC_FTHR/build/Fat32Driver/FAT32.a(ff.o)
 .text.ld_qword
                0x10002f70        0x8 C:/MaximSDK/Examples/MAX78000/SDHC_FTHR/build/Fat32Driver/FAT32.a(ff.o)
 .text.st_dword
                0x10002f78       0x10 C:/MaximSDK/Examples/MAX78000/SDHC_FTHR/build/Fat32Driver/FAT32.a(ff.o)
 .text.st_qword
                0x10002f88       0x1e C:/MaximSDK/Examples/MAX78000/SDHC_FTHR/build/Fat32Driver/FAT32.a(ff.o)
 .text.clst2sect
                0x10002fa6       0x20 C:/MaximSDK/Examples/MAX78000/SDHC_FTHR/build/Fat32Driver/FAT32.a(ff.o)
 .text.st_clust
                0x10002fc6       0x18 C:/MaximSDK/Examples/MAX78000/SDHC_FTHR/build/Fat32Driver/FAT32.a(ff.o)
 .text.sum_sfn  0x10002fde       0x1e C:/MaximSDK/Examples/MAX78000/SDHC_FTHR/build/Fat32Driver/FAT32.a(ff.o)
 .text.xdir_sum
                0x10002ffc       0x30 C:/MaximSDK/Examples/MAX78000/SDHC_FTHR/build/Fat32Driver/FAT32.a(ff.o)
 .text.get_ldnumber
                0x1000302c       0x34 C:/MaximSDK/Examples/MAX78000/SDHC_FTHR/build/Fat32Driver/FAT32.a(ff.o)
 .text.crc32    0x10003060       0x2c C:/MaximSDK/Examples/MAX78000/SDHC_FTHR/build/Fat32Driver/FAT32.a(ff.o)
 .text.validate
                0x1000308c       0x34 C:/MaximSDK/Examples/MAX78000/SDHC_FTHR/build/Fat32Driver/FAT32.a(ff.o)
 .text.put_utf  0x100030c0       0x36 C:/MaximSDK/Examples/MAX78000/SDHC_FTHR/build/Fat32Driver/FAT32.a(ff.o)
 .text.get_fileinfo
                0x100030f6      0x1be C:/MaximSDK/Examples/MAX78000/SDHC_FTHR/build/Fat32Driver/FAT32.a(ff.o)
 .text.tchar2uni
                0x100032b4       0x20 C:/MaximSDK/Examples/MAX78000/SDHC_FTHR/build/Fat32Driver/FAT32.a(ff.o)
 .text.xname_sum
                0x100032d4       0x32 C:/MaximSDK/Examples/MAX78000/SDHC_FTHR/build/Fat32Driver/FAT32.a(ff.o)
 .text.sync_window
                0x10003306       0x60 C:/MaximSDK/Examples/MAX78000/SDHC_FTHR/build/Fat32Driver/FAT32.a(ff.o)
 .text.move_window
                0x10003366       0x42 C:/MaximSDK/Examples/MAX78000/SDHC_FTHR/build/Fat32Driver/FAT32.a(ff.o)
 .text.check_fs
                0x100033a8       0xc8 C:/MaximSDK/Examples/MAX78000/SDHC_FTHR/build/Fat32Driver/FAT32.a(ff.o)
 .text.change_bitmap
                0x10003470       0x86 C:/MaximSDK/Examples/MAX78000/SDHC_FTHR/build/Fat32Driver/FAT32.a(ff.o)
 .text.get_fat  0x100034f6      0x150 C:/MaximSDK/Examples/MAX78000/SDHC_FTHR/build/Fat32Driver/FAT32.a(ff.o)
 .text.dir_sdi  0x10003646       0xac C:/MaximSDK/Examples/MAX78000/SDHC_FTHR/build/Fat32Driver/FAT32.a(ff.o)
 .text.put_fat  0x100036f2      0x120 C:/MaximSDK/Examples/MAX78000/SDHC_FTHR/build/Fat32Driver/FAT32.a(ff.o)
 .text.fill_last_frag
                0x10003812       0x30 C:/MaximSDK/Examples/MAX78000/SDHC_FTHR/build/Fat32Driver/FAT32.a(ff.o)
 .text.remove_chain
                0x10003842       0xfc C:/MaximSDK/Examples/MAX78000/SDHC_FTHR/build/Fat32Driver/FAT32.a(ff.o)
 .text.fill_first_frag
                0x1000393e       0x2e C:/MaximSDK/Examples/MAX78000/SDHC_FTHR/build/Fat32Driver/FAT32.a(ff.o)
 .text.dir_clear
                0x1000396c       0x6c C:/MaximSDK/Examples/MAX78000/SDHC_FTHR/build/Fat32Driver/FAT32.a(ff.o)
 .text.sync_fs  0x100039d8       0xa0 C:/MaximSDK/Examples/MAX78000/SDHC_FTHR/build/Fat32Driver/FAT32.a(ff.o)
 .text.mount_volume
                0x10003a78      0x4d8 C:/MaximSDK/Examples/MAX78000/SDHC_FTHR/build/Fat32Driver/FAT32.a(ff.o)
 .text.make_rand.constprop.0
                0x10003f50       0x28 C:/MaximSDK/Examples/MAX78000/SDHC_FTHR/build/Fat32Driver/FAT32.a(ff.o)
 .text.create_chain
                0x10003f78      0x1ec C:/MaximSDK/Examples/MAX78000/SDHC_FTHR/build/Fat32Driver/FAT32.a(ff.o)
 .text.dir_next
                0x10004164       0xd2 C:/MaximSDK/Examples/MAX78000/SDHC_FTHR/build/Fat32Driver/FAT32.a(ff.o)
 .text.dir_alloc
                0x10004236       0x52 C:/MaximSDK/Examples/MAX78000/SDHC_FTHR/build/Fat32Driver/FAT32.a(ff.o)
 .text.dir_remove
                0x10004288       0x5e C:/MaximSDK/Examples/MAX78000/SDHC_FTHR/build/Fat32Driver/FAT32.a(ff.o)
 .text.load_xdir
                0x100042e6       0xfc C:/MaximSDK/Examples/MAX78000/SDHC_FTHR/build/Fat32Driver/FAT32.a(ff.o)
 .text.load_obj_xdir
                0x100043e2       0x32 C:/MaximSDK/Examples/MAX78000/SDHC_FTHR/build/Fat32Driver/FAT32.a(ff.o)
 .text.dir_read
                0x10004414      0x13c C:/MaximSDK/Examples/MAX78000/SDHC_FTHR/build/Fat32Driver/FAT32.a(ff.o)
 .text.store_xdir
                0x10004550       0x60 C:/MaximSDK/Examples/MAX78000/SDHC_FTHR/build/Fat32Driver/FAT32.a(ff.o)
 .text.dir_find
                0x100045b0      0x1ac C:/MaximSDK/Examples/MAX78000/SDHC_FTHR/build/Fat32Driver/FAT32.a(ff.o)
 .text.dir_register
                0x1000475c      0x36c C:/MaximSDK/Examples/MAX78000/SDHC_FTHR/build/Fat32Driver/FAT32.a(ff.o)
 .text.init_alloc_info.isra.0
                0x10004ac8       0x2a C:/MaximSDK/Examples/MAX78000/SDHC_FTHR/build/Fat32Driver/FAT32.a(ff.o)
 .text.ld_clust.isra.0
                0x10004af2       0x10 C:/MaximSDK/Examples/MAX78000/SDHC_FTHR/build/Fat32Driver/FAT32.a(ff.o)
 *fill*         0x10004b02        0x2 
 .text.follow_path
                0x10004b04      0x380 C:/MaximSDK/Examples/MAX78000/SDHC_FTHR/build/Fat32Driver/FAT32.a(ff.o)
 .text.f_mount  0x10004e84       0x48 C:/MaximSDK/Examples/MAX78000/SDHC_FTHR/build/Fat32Driver/FAT32.a(ff.o)
                0x10004e84                f_mount
 .text.f_open   0x10004ecc      0x2ba C:/MaximSDK/Examples/MAX78000/SDHC_FTHR/build/Fat32Driver/FAT32.a(ff.o)
                0x10004ecc                f_open
 .text.f_read   0x10005186      0x1a6 C:/MaximSDK/Examples/MAX78000/SDHC_FTHR/build/Fat32Driver/FAT32.a(ff.o)
                0x10005186                f_read
 .text.f_write  0x1000532c      0x1f2 C:/MaximSDK/Examples/MAX78000/SDHC_FTHR/build/Fat32Driver/FAT32.a(ff.o)
                0x1000532c                f_write
 .text.f_sync   0x1000551e      0x14a C:/MaximSDK/Examples/MAX78000/SDHC_FTHR/build/Fat32Driver/FAT32.a(ff.o)
                0x1000551e                f_sync
 .text.f_close  0x10005668       0x1a C:/MaximSDK/Examples/MAX78000/SDHC_FTHR/build/Fat32Driver/FAT32.a(ff.o)
                0x10005668                f_close
 .text.f_chdir  0x10005682       0xa0 C:/MaximSDK/Examples/MAX78000/SDHC_FTHR/build/Fat32Driver/FAT32.a(ff.o)
                0x10005682                f_chdir
 .text.f_getcwd
                0x10005722      0x132 C:/MaximSDK/Examples/MAX78000/SDHC_FTHR/build/Fat32Driver/FAT32.a(ff.o)
                0x10005722                f_getcwd
 .text.f_opendir
                0x10005854       0x9c C:/MaximSDK/Examples/MAX78000/SDHC_FTHR/build/Fat32Driver/FAT32.a(ff.o)
                0x10005854                f_opendir
 .text.f_closedir
                0x100058f0       0x12 C:/MaximSDK/Examples/MAX78000/SDHC_FTHR/build/Fat32Driver/FAT32.a(ff.o)
                0x100058f0                f_closedir
 .text.f_readdir
                0x10005902       0x52 C:/MaximSDK/Examples/MAX78000/SDHC_FTHR/build/Fat32Driver/FAT32.a(ff.o)
                0x10005902                f_readdir
 .text.f_stat   0x10005954       0x4c C:/MaximSDK/Examples/MAX78000/SDHC_FTHR/build/Fat32Driver/FAT32.a(ff.o)
                0x10005954                f_stat
 .text.f_getfree
                0x100059a0      0x124 C:/MaximSDK/Examples/MAX78000/SDHC_FTHR/build/Fat32Driver/FAT32.a(ff.o)
                0x100059a0                f_getfree
 .text.f_unlink
                0x10005ac4       0xda C:/MaximSDK/Examples/MAX78000/SDHC_FTHR/build/Fat32Driver/FAT32.a(ff.o)
                0x10005ac4                f_unlink
 .text.f_mkdir  0x10005b9e      0x194 C:/MaximSDK/Examples/MAX78000/SDHC_FTHR/build/Fat32Driver/FAT32.a(ff.o)
                0x10005b9e                f_mkdir
 .text.f_rename
                0x10005d32      0x1e4 C:/MaximSDK/Examples/MAX78000/SDHC_FTHR/build/Fat32Driver/FAT32.a(ff.o)
                0x10005d32                f_rename
 .text.f_chmod  0x10005f16       0x7a C:/MaximSDK/Examples/MAX78000/SDHC_FTHR/build/Fat32Driver/FAT32.a(ff.o)
                0x10005f16                f_chmod
 .text.f_getlabel
                0x10005f90       0xfc C:/MaximSDK/Examples/MAX78000/SDHC_FTHR/build/Fat32Driver/FAT32.a(ff.o)
                0x10005f90                f_getlabel
 .text.f_setlabel
                0x1000608c      0x1e0 C:/MaximSDK/Examples/MAX78000/SDHC_FTHR/build/Fat32Driver/FAT32.a(ff.o)
                0x1000608c                f_setlabel
 .text.f_mkfs   0x1000626c     0x10fc C:/MaximSDK/Examples/MAX78000/SDHC_FTHR/build/Fat32Driver/FAT32.a(ff.o)
                0x1000626c                f_mkfs
 .text.ff_uni2oem
                0x10007368       0x40 C:/MaximSDK/Examples/MAX78000/SDHC_FTHR/build/Fat32Driver/FAT32.a(ffunicode.o)
                0x10007368                ff_uni2oem
 .text.ff_oem2uni
                0x100073a8       0x28 C:/MaximSDK/Examples/MAX78000/SDHC_FTHR/build/Fat32Driver/FAT32.a(ffunicode.o)
                0x100073a8                ff_oem2uni
 .text.ff_wtoupper
                0x100073d0       0x90 C:/MaximSDK/Examples/MAX78000/SDHC_FTHR/build/Fat32Driver/FAT32.a(ffunicode.o)
                0x100073d0                ff_wtoupper
 .text.init_mmc
                0x10007460      0x124 C:/MaximSDK/Examples/MAX78000/SDHC_FTHR/build/Fat32Driver/FAT32.a(diskio.o)
 .text.rcvr_mmc
                0x10007584       0x40 C:/MaximSDK/Examples/MAX78000/SDHC_FTHR/build/Fat32Driver/FAT32.a(diskio.o)
 .text.deselect
                0x100075c4       0x34 C:/MaximSDK/Examples/MAX78000/SDHC_FTHR/build/Fat32Driver/FAT32.a(diskio.o)
 .text.xmit_mmc
                0x100075f8       0x40 C:/MaximSDK/Examples/MAX78000/SDHC_FTHR/build/Fat32Driver/FAT32.a(diskio.o)
 .text.wait_ready
                0x10007638       0x2c C:/MaximSDK/Examples/MAX78000/SDHC_FTHR/build/Fat32Driver/FAT32.a(diskio.o)
 .text.sd_select
                0x10007664       0x44 C:/MaximSDK/Examples/MAX78000/SDHC_FTHR/build/Fat32Driver/FAT32.a(diskio.o)
 .text.send_cmd
                0x100076a8       0x9a C:/MaximSDK/Examples/MAX78000/SDHC_FTHR/build/Fat32Driver/FAT32.a(diskio.o)
 .text.rcvr_datablock
                0x10007742       0x46 C:/MaximSDK/Examples/MAX78000/SDHC_FTHR/build/Fat32Driver/FAT32.a(diskio.o)
 .text.xmit_datablock
                0x10007788       0x4c C:/MaximSDK/Examples/MAX78000/SDHC_FTHR/build/Fat32Driver/FAT32.a(diskio.o)
 .text.disk_status
                0x100077d4       0x10 C:/MaximSDK/Examples/MAX78000/SDHC_FTHR/build/Fat32Driver/FAT32.a(diskio.o)
                0x100077d4                disk_status
 .text.disk_initialize
                0x100077e4      0x100 C:/MaximSDK/Examples/MAX78000/SDHC_FTHR/build/Fat32Driver/FAT32.a(diskio.o)
                0x100077e4                disk_initialize
 .text.disk_read
                0x100078e4       0x68 C:/MaximSDK/Examples/MAX78000/SDHC_FTHR/build/Fat32Driver/FAT32.a(diskio.o)
                0x100078e4                disk_read
 .text.disk_write
                0x1000794c       0x90 C:/MaximSDK/Examples/MAX78000/SDHC_FTHR/build/Fat32Driver/FAT32.a(diskio.o)
                0x1000794c                disk_write
 .text.disk_ioctl
                0x100079dc       0xc0 C:/MaximSDK/Examples/MAX78000/SDHC_FTHR/build/Fat32Driver/FAT32.a(diskio.o)
                0x100079dc                disk_ioctl
 .text.__errno  0x10007a9c        0xc c:/maximsdk/tools/gnutools/10.3/bin/../lib/gcc/arm-none-eabi/10.3.1/../../../../arm-none-eabi/lib/thumb/v7e-m+fp/softfp\libc.a(lib_a-errno.o)
                0x10007a9c                __errno
 .text.__libc_init_array
                0x10007aa8       0x48 c:/maximsdk/tools/gnutools/10.3/bin/../lib/gcc/arm-none-eabi/10.3.1/../../../../arm-none-eabi/lib/thumb/v7e-m+fp/softfp\libc.a(lib_a-init.o)
                0x10007aa8                __libc_init_array
 .text.malloc   0x10007af0       0x10 c:/maximsdk/tools/gnutools/10.3/bin/../lib/gcc/arm-none-eabi/10.3.1/../../../../arm-none-eabi/lib/thumb/v7e-m+fp/softfp\libc.a(lib_a-malloc.o)
                0x10007af0                malloc
 .text.free     0x10007b00       0x10 c:/maximsdk/tools/gnutools/10.3/bin/../lib/gcc/arm-none-eabi/10.3.1/../../../../arm-none-eabi/lib/thumb/v7e-m+fp/softfp\libc.a(lib_a-malloc.o)
                0x10007b00                free
 .text._malloc_r
                0x10007b10      0x560 c:/maximsdk/tools/gnutools/10.3/bin/../lib/gcc/arm-none-eabi/10.3.1/../../../../arm-none-eabi/lib/thumb/v7e-m+fp/softfp\libc.a(lib_a-mallocr.o)
                0x10007b10                _malloc_r
 .text.memcmp   0x10008070       0x64 c:/maximsdk/tools/gnutools/10.3/bin/../lib/gcc/arm-none-eabi/10.3.1/../../../../arm-none-eabi/lib/thumb/v7e-m+fp/softfp\libc.a(lib_a-memcmp.o)
                0x10008070                memcmp
 .text          0x100080d4      0x134 c:/maximsdk/tools/gnutools/10.3/bin/../lib/gcc/arm-none-eabi/10.3.1/../../../../arm-none-eabi/lib/thumb/v7e-m+fp/softfp\libc.a(lib_a-memcpy.o)
                0x100080d4                memcpy
 .text.memset   0x10008208       0xa4 c:/maximsdk/tools/gnutools/10.3/bin/../lib/gcc/arm-none-eabi/10.3.1/../../../../arm-none-eabi/lib/thumb/v7e-m+fp/softfp\libc.a(lib_a-memset.o)
                0x10008208                memset
 .text.__malloc_lock
                0x100082ac        0xc c:/maximsdk/tools/gnutools/10.3/bin/../lib/gcc/arm-none-eabi/10.3.1/../../../../arm-none-eabi/lib/thumb/v7e-m+fp/softfp\libc.a(lib_a-mlock.o)
                0x100082ac                __malloc_lock
 .text.__malloc_unlock
                0x100082b8        0xc c:/maximsdk/tools/gnutools/10.3/bin/../lib/gcc/arm-none-eabi/10.3.1/../../../../arm-none-eabi/lib/thumb/v7e-m+fp/softfp\libc.a(lib_a-mlock.o)
                0x100082b8                __malloc_unlock
 .text.printf   0x100082c4       0x28 c:/maximsdk/tools/gnutools/10.3/bin/../lib/gcc/arm-none-eabi/10.3.1/../../../../arm-none-eabi/lib/thumb/v7e-m+fp/softfp\libc.a(lib_a-printf.o)
                0x100082c4                printf
 .text.putchar  0x100082ec       0x10 c:/maximsdk/tools/gnutools/10.3/bin/../lib/gcc/arm-none-eabi/10.3.1/../../../../arm-none-eabi/lib/thumb/v7e-m+fp/softfp\libc.a(lib_a-putchar.o)
                0x100082ec                putchar
 .text._puts_r  0x100082fc       0x9c c:/maximsdk/tools/gnutools/10.3/bin/../lib/gcc/arm-none-eabi/10.3.1/../../../../arm-none-eabi/lib/thumb/v7e-m+fp/softfp\libc.a(lib_a-puts.o)
                0x100082fc                _puts_r
 .text.puts     0x10008398       0x10 c:/maximsdk/tools/gnutools/10.3/bin/../lib/gcc/arm-none-eabi/10.3.1/../../../../arm-none-eabi/lib/thumb/v7e-m+fp/softfp\libc.a(lib_a-puts.o)
                0x10008398                puts
 .text.srand    0x100083a8       0x10 c:/maximsdk/tools/gnutools/10.3/bin/../lib/gcc/arm-none-eabi/10.3.1/../../../../arm-none-eabi/lib/thumb/v7e-m+fp/softfp\libc.a(lib_a-rand.o)
                0x100083a8                srand
 .text.rand     0x100083b8       0x3c c:/maximsdk/tools/gnutools/10.3/bin/../lib/gcc/arm-none-eabi/10.3.1/../../../../arm-none-eabi/lib/thumb/v7e-m+fp/softfp\libc.a(lib_a-rand.o)
                0x100083b8                rand
 .text._sbrk_r  0x100083f4       0x24 c:/maximsdk/tools/gnutools/10.3/bin/../lib/gcc/arm-none-eabi/10.3.1/../../../../arm-none-eabi/lib/thumb/v7e-m+fp/softfp\libc.a(lib_a-sbrkr.o)
                0x100083f4                _sbrk_r
 .text.scanf    0x10008418       0x28 c:/maximsdk/tools/gnutools/10.3/bin/../lib/gcc/arm-none-eabi/10.3.1/../../../../arm-none-eabi/lib/thumb/v7e-m+fp/softfp\libc.a(lib_a-scanf.o)
                0x10008418                scanf
 .text.sprintf  0x10008440       0x40 c:/maximsdk/tools/gnutools/10.3/bin/../lib/gcc/arm-none-eabi/10.3.1/../../../../arm-none-eabi/lib/thumb/v7e-m+fp/softfp\libc.a(lib_a-sprintf.o)
                0x10008440                sprintf
 .text.strchr   0x10008480       0xcc c:/maximsdk/tools/gnutools/10.3/bin/../lib/gcc/arm-none-eabi/10.3.1/../../../../arm-none-eabi/lib/thumb/v7e-m+fp/softfp\libc.a(lib_a-strchr.o)
                0x10008480                strchr
 *fill*         0x1000854c       0x34 
 .text          0x10008580       0xdc c:/maximsdk/tools/gnutools/10.3/bin/../lib/gcc/arm-none-eabi/10.3.1/../../../../arm-none-eabi/lib/thumb/v7e-m+fp/softfp\libc.a(lib_a-strlen.o)
                0x10008580                strlen
 *fill*         0x1000865c        0x4 
 .text._svfprintf_r
                0x10008660     0x1ac8 c:/maximsdk/tools/gnutools/10.3/bin/../lib/gcc/arm-none-eabi/10.3.1/../../../../arm-none-eabi/lib/thumb/v7e-m+fp/softfp\libc.a(lib_a-svfprintf.o)
                0x10008660                _svfprintf_r
 .text._vfprintf_r
                0x1000a128     0x1b8c c:/maximsdk/tools/gnutools/10.3/bin/../lib/gcc/arm-none-eabi/10.3.1/../../../../arm-none-eabi/lib/thumb/v7e-m+fp/softfp\libc.a(lib_a-vfprintf.o)
                0x1000a128                _vfprintf_r
 .text.__sbprintf
                0x1000bcb4       0x80 c:/maximsdk/tools/gnutools/10.3/bin/../lib/gcc/arm-none-eabi/10.3.1/../../../../arm-none-eabi/lib/thumb/v7e-m+fp/softfp\libc.a(lib_a-vfprintf.o)
 .text.__svfscanf_r
                0x1000bd34     0x17cc c:/maximsdk/tools/gnutools/10.3/bin/../lib/gcc/arm-none-eabi/10.3.1/../../../../arm-none-eabi/lib/thumb/v7e-m+fp/softfp\libc.a(lib_a-vfscanf.o)
                0x1000bd34                __svfscanf_r
 .text._vfscanf_r
                0x1000d500       0x34 c:/maximsdk/tools/gnutools/10.3/bin/../lib/gcc/arm-none-eabi/10.3.1/../../../../arm-none-eabi/lib/thumb/v7e-m+fp/softfp\libc.a(lib_a-vfscanf.o)
                0x1000d500                _vfscanf_r
 .text.__swsetup_r
                0x1000d534       0xd4 c:/maximsdk/tools/gnutools/10.3/bin/../lib/gcc/arm-none-eabi/10.3.1/../../../../arm-none-eabi/lib/thumb/v7e-m+fp/softfp\libc.a(lib_a-wsetup.o)
                0x1000d534                __swsetup_r
 .text.startup.register_fini
                0x1000d608       0x14 c:/maximsdk/tools/gnutools/10.3/bin/../lib/gcc/arm-none-eabi/10.3.1/../../../../arm-none-eabi/lib/thumb/v7e-m+fp/softfp\libc.a(lib_a-__call_atexit.o)
 .text.atexit   0x1000d61c        0xc c:/maximsdk/tools/gnutools/10.3/bin/../lib/gcc/arm-none-eabi/10.3.1/../../../../arm-none-eabi/lib/thumb/v7e-m+fp/softfp\libc.a(lib_a-atexit.o)
                0x1000d61c                atexit
 .text.quorem   0x1000d628      0x128 c:/maximsdk/tools/gnutools/10.3/bin/../lib/gcc/arm-none-eabi/10.3.1/../../../../arm-none-eabi/lib/thumb/v7e-m+fp/softfp\libc.a(lib_a-dtoa.o)
 .text._dtoa_r  0x1000d750      0xf34 c:/maximsdk/tools/gnutools/10.3/bin/../lib/gcc/arm-none-eabi/10.3.1/../../../../arm-none-eabi/lib/thumb/v7e-m+fp/softfp\libc.a(lib_a-dtoa.o)
                0x1000d750                _dtoa_r
 .text.__sflush_r
                0x1000e684      0x130 c:/maximsdk/tools/gnutools/10.3/bin/../lib/gcc/arm-none-eabi/10.3.1/../../../../arm-none-eabi/lib/thumb/v7e-m+fp/softfp\libc.a(lib_a-fflush.o)
                0x1000e684                __sflush_r
 .text._fflush_r
                0x1000e7b4       0x5c c:/maximsdk/tools/gnutools/10.3/bin/../lib/gcc/arm-none-eabi/10.3.1/../../../../arm-none-eabi/lib/thumb/v7e-m+fp/softfp\libc.a(lib_a-fflush.o)
                0x1000e7b4                _fflush_r
 .text.fflush   0x1000e810       0x74 c:/maximsdk/tools/gnutools/10.3/bin/../lib/gcc/arm-none-eabi/10.3.1/../../../../arm-none-eabi/lib/thumb/v7e-m+fp/softfp\libc.a(lib_a-fflush.o)
                0x1000e810                fflush
 .text._cleanup_r
                0x1000e884        0xc c:/maximsdk/tools/gnutools/10.3/bin/../lib/gcc/arm-none-eabi/10.3.1/../../../../arm-none-eabi/lib/thumb/v7e-m+fp/softfp\libc.a(lib_a-findfp.o)
                0x1000e884                _cleanup_r
 .text.__sinit  0x1000e890      0x10c c:/maximsdk/tools/gnutools/10.3/bin/../lib/gcc/arm-none-eabi/10.3.1/../../../../arm-none-eabi/lib/thumb/v7e-m+fp/softfp\libc.a(lib_a-findfp.o)
                0x1000e890                __sinit
 .text.__sfp_lock_acquire
                0x1000e99c        0xc c:/maximsdk/tools/gnutools/10.3/bin/../lib/gcc/arm-none-eabi/10.3.1/../../../../arm-none-eabi/lib/thumb/v7e-m+fp/softfp\libc.a(lib_a-findfp.o)
                0x1000e99c                __sfp_lock_acquire
 .text.__sfp_lock_release
                0x1000e9a8        0xc c:/maximsdk/tools/gnutools/10.3/bin/../lib/gcc/arm-none-eabi/10.3.1/../../../../arm-none-eabi/lib/thumb/v7e-m+fp/softfp\libc.a(lib_a-findfp.o)
                0x1000e9a8                __sfp_lock_release
 .text.__libc_fini_array
                0x1000e9b4       0x2c c:/maximsdk/tools/gnutools/10.3/bin/../lib/gcc/arm-none-eabi/10.3.1/../../../../arm-none-eabi/lib/thumb/v7e-m+fp/softfp\libc.a(lib_a-fini.o)
                0x1000e9b4                __libc_fini_array
 .text._fread_r
                0x1000e9e0      0x1b4 c:/maximsdk/tools/gnutools/10.3/bin/../lib/gcc/arm-none-eabi/10.3.1/../../../../arm-none-eabi/lib/thumb/v7e-m+fp/softfp\libc.a(lib_a-fread.o)
                0x1000e9e0                _fread_r
 .text._malloc_trim_r
                0x1000eb94       0xa0 c:/maximsdk/tools/gnutools/10.3/bin/../lib/gcc/arm-none-eabi/10.3.1/../../../../arm-none-eabi/lib/thumb/v7e-m+fp/softfp\libc.a(lib_a-freer.o)
                0x1000eb94                _malloc_trim_r
 .text._free_r  0x1000ec34      0x20c c:/maximsdk/tools/gnutools/10.3/bin/../lib/gcc/arm-none-eabi/10.3.1/../../../../arm-none-eabi/lib/thumb/v7e-m+fp/softfp\libc.a(lib_a-freer.o)
                0x1000ec34                _free_r
 .text.__sfvwrite_r
                0x1000ee40      0x2f0 c:/maximsdk/tools/gnutools/10.3/bin/../lib/gcc/arm-none-eabi/10.3.1/../../../../arm-none-eabi/lib/thumb/v7e-m+fp/softfp\libc.a(lib_a-fvwrite.o)
                0x1000ee40                __sfvwrite_r
 .text._fwalk   0x1000f130       0x40 c:/maximsdk/tools/gnutools/10.3/bin/../lib/gcc/arm-none-eabi/10.3.1/../../../../arm-none-eabi/lib/thumb/v7e-m+fp/softfp\libc.a(lib_a-fwalk.o)
                0x1000f130                _fwalk
 .text._fwalk_reent
                0x1000f170       0x48 c:/maximsdk/tools/gnutools/10.3/bin/../lib/gcc/arm-none-eabi/10.3.1/../../../../arm-none-eabi/lib/thumb/v7e-m+fp/softfp\libc.a(lib_a-fwalk.o)
                0x1000f170                _fwalk_reent
 .text.iswspace
                0x1000f1b8        0x8 c:/maximsdk/tools/gnutools/10.3/bin/../lib/gcc/arm-none-eabi/10.3.1/../../../../arm-none-eabi/lib/thumb/v7e-m+fp/softfp\libc.a(lib_a-iswspace.o)
                0x1000f1b8                iswspace
 .text.iswspace_l
                0x1000f1c0       0x14 c:/maximsdk/tools/gnutools/10.3/bin/../lib/gcc/arm-none-eabi/10.3.1/../../../../arm-none-eabi/lib/thumb/v7e-m+fp/softfp\libc.a(lib_a-iswspace_l.o)
                0x1000f1c0                iswspace_l
 .text.__locale_mb_cur_max
                0x1000f1d4        0xc c:/maximsdk/tools/gnutools/10.3/bin/../lib/gcc/arm-none-eabi/10.3.1/../../../../arm-none-eabi/lib/thumb/v7e-m+fp/softfp\libc.a(lib_a-locale.o)
                0x1000f1d4                __locale_mb_cur_max
 .text._localeconv_r
                0x1000f1e0        0x8 c:/maximsdk/tools/gnutools/10.3/bin/../lib/gcc/arm-none-eabi/10.3.1/../../../../arm-none-eabi/lib/thumb/v7e-m+fp/softfp\libc.a(lib_a-localeconv.o)
                0x1000f1e0                _localeconv_r
 .text.__retarget_lock_init_recursive
                0x1000f1e8        0x4 c:/maximsdk/tools/gnutools/10.3/bin/../lib/gcc/arm-none-eabi/10.3.1/../../../../arm-none-eabi/lib/thumb/v7e-m+fp/softfp\libc.a(lib_a-lock.o)
                0x1000f1e8                __retarget_lock_init_recursive
 .text.__retarget_lock_close_recursive
                0x1000f1ec        0x4 c:/maximsdk/tools/gnutools/10.3/bin/../lib/gcc/arm-none-eabi/10.3.1/../../../../arm-none-eabi/lib/thumb/v7e-m+fp/softfp\libc.a(lib_a-lock.o)
                0x1000f1ec                __retarget_lock_close_recursive
 .text.__retarget_lock_acquire_recursive
                0x1000f1f0        0x4 c:/maximsdk/tools/gnutools/10.3/bin/../lib/gcc/arm-none-eabi/10.3.1/../../../../arm-none-eabi/lib/thumb/v7e-m+fp/softfp\libc.a(lib_a-lock.o)
                0x1000f1f0                __retarget_lock_acquire_recursive
 .text.__retarget_lock_release_recursive
                0x1000f1f4        0x4 c:/maximsdk/tools/gnutools/10.3/bin/../lib/gcc/arm-none-eabi/10.3.1/../../../../arm-none-eabi/lib/thumb/v7e-m+fp/softfp\libc.a(lib_a-lock.o)
                0x1000f1f4                __retarget_lock_release_recursive
 .text.__smakebuf_r
                0x1000f1f8       0xe0 c:/maximsdk/tools/gnutools/10.3/bin/../lib/gcc/arm-none-eabi/10.3.1/../../../../arm-none-eabi/lib/thumb/v7e-m+fp/softfp\libc.a(lib_a-makebuf.o)
                0x1000f1f8                __smakebuf_r
 .text._mbrtowc_r
                0x1000f2d8       0x44 c:/maximsdk/tools/gnutools/10.3/bin/../lib/gcc/arm-none-eabi/10.3.1/../../../../arm-none-eabi/lib/thumb/v7e-m+fp/softfp\libc.a(lib_a-mbrtowc.o)
                0x1000f2d8                _mbrtowc_r
 .text.__ascii_mbtowc
                0x1000f31c       0x2c c:/maximsdk/tools/gnutools/10.3/bin/../lib/gcc/arm-none-eabi/10.3.1/../../../../arm-none-eabi/lib/thumb/v7e-m+fp/softfp\libc.a(lib_a-mbtowc_r.o)
                0x1000f31c                __ascii_mbtowc
 *fill*         0x1000f348        0x8 
 .text          0x1000f350       0xa0 c:/maximsdk/tools/gnutools/10.3/bin/../lib/gcc/arm-none-eabi/10.3.1/../../../../arm-none-eabi/lib/thumb/v7e-m+fp/softfp\libc.a(lib_a-memchr.o)
                0x1000f350                memchr
 .text.memmove  0x1000f3f0       0xf8 c:/maximsdk/tools/gnutools/10.3/bin/../lib/gcc/arm-none-eabi/10.3.1/../../../../arm-none-eabi/lib/thumb/v7e-m+fp/softfp\libc.a(lib_a-memmove.o)
                0x1000f3f0                memmove
 .text._Balloc  0x1000f4e8       0x4c c:/maximsdk/tools/gnutools/10.3/bin/../lib/gcc/arm-none-eabi/10.3.1/../../../../arm-none-eabi/lib/thumb/v7e-m+fp/softfp\libc.a(lib_a-mprec.o)
                0x1000f4e8                _Balloc
 .text._Bfree   0x1000f534       0x14 c:/maximsdk/tools/gnutools/10.3/bin/../lib/gcc/arm-none-eabi/10.3.1/../../../../arm-none-eabi/lib/thumb/v7e-m+fp/softfp\libc.a(lib_a-mprec.o)
                0x1000f534                _Bfree
 .text.__multadd
                0x1000f548       0xa8 c:/maximsdk/tools/gnutools/10.3/bin/../lib/gcc/arm-none-eabi/10.3.1/../../../../arm-none-eabi/lib/thumb/v7e-m+fp/softfp\libc.a(lib_a-mprec.o)
                0x1000f548                __multadd
 .text.__s2b    0x1000f5f0       0xb4 c:/maximsdk/tools/gnutools/10.3/bin/../lib/gcc/arm-none-eabi/10.3.1/../../../../arm-none-eabi/lib/thumb/v7e-m+fp/softfp\libc.a(lib_a-mprec.o)
                0x1000f5f0                __s2b
 .text.__hi0bits
                0x1000f6a4       0x40 c:/maximsdk/tools/gnutools/10.3/bin/../lib/gcc/arm-none-eabi/10.3.1/../../../../arm-none-eabi/lib/thumb/v7e-m+fp/softfp\libc.a(lib_a-mprec.o)
                0x1000f6a4                __hi0bits
 .text.__lo0bits
                0x1000f6e4       0x60 c:/maximsdk/tools/gnutools/10.3/bin/../lib/gcc/arm-none-eabi/10.3.1/../../../../arm-none-eabi/lib/thumb/v7e-m+fp/softfp\libc.a(lib_a-mprec.o)
                0x1000f6e4                __lo0bits
 .text.__i2b    0x1000f744       0x5c c:/maximsdk/tools/gnutools/10.3/bin/../lib/gcc/arm-none-eabi/10.3.1/../../../../arm-none-eabi/lib/thumb/v7e-m+fp/softfp\libc.a(lib_a-mprec.o)
                0x1000f744                __i2b
 .text.__multiply
                0x1000f7a0      0x15c c:/maximsdk/tools/gnutools/10.3/bin/../lib/gcc/arm-none-eabi/10.3.1/../../../../arm-none-eabi/lib/thumb/v7e-m+fp/softfp\libc.a(lib_a-mprec.o)
                0x1000f7a0                __multiply
 .text.__pow5mult
                0x1000f8fc       0xc0 c:/maximsdk/tools/gnutools/10.3/bin/../lib/gcc/arm-none-eabi/10.3.1/../../../../arm-none-eabi/lib/thumb/v7e-m+fp/softfp\libc.a(lib_a-mprec.o)
                0x1000f8fc                __pow5mult
 .text.__lshift
                0x1000f9bc       0xf0 c:/maximsdk/tools/gnutools/10.3/bin/../lib/gcc/arm-none-eabi/10.3.1/../../../../arm-none-eabi/lib/thumb/v7e-m+fp/softfp\libc.a(lib_a-mprec.o)
                0x1000f9bc                __lshift
 .text.__mcmp   0x1000faac       0x44 c:/maximsdk/tools/gnutools/10.3/bin/../lib/gcc/arm-none-eabi/10.3.1/../../../../arm-none-eabi/lib/thumb/v7e-m+fp/softfp\libc.a(lib_a-mprec.o)
                0x1000faac                __mcmp
 .text.__mdiff  0x1000faf0      0x14c c:/maximsdk/tools/gnutools/10.3/bin/../lib/gcc/arm-none-eabi/10.3.1/../../../../arm-none-eabi/lib/thumb/v7e-m+fp/softfp\libc.a(lib_a-mprec.o)
                0x1000faf0                __mdiff
 .text.__ulp    0x1000fc3c       0x44 c:/maximsdk/tools/gnutools/10.3/bin/../lib/gcc/arm-none-eabi/10.3.1/../../../../arm-none-eabi/lib/thumb/v7e-m+fp/softfp\libc.a(lib_a-mprec.o)
                0x1000fc3c                __ulp
 .text.__b2d    0x1000fc80       0xd0 c:/maximsdk/tools/gnutools/10.3/bin/../lib/gcc/arm-none-eabi/10.3.1/../../../../arm-none-eabi/lib/thumb/v7e-m+fp/softfp\libc.a(lib_a-mprec.o)
                0x1000fc80                __b2d
 .text.__d2b    0x1000fd50       0xc4 c:/maximsdk/tools/gnutools/10.3/bin/../lib/gcc/arm-none-eabi/10.3.1/../../../../arm-none-eabi/lib/thumb/v7e-m+fp/softfp\libc.a(lib_a-mprec.o)
                0x1000fd50                __d2b
 .text.__ratio  0x1000fe14       0x5c c:/maximsdk/tools/gnutools/10.3/bin/../lib/gcc/arm-none-eabi/10.3.1/../../../../arm-none-eabi/lib/thumb/v7e-m+fp/softfp\libc.a(lib_a-mprec.o)
                0x1000fe14                __ratio
 .text.__copybits
                0x1000fe70       0x5c c:/maximsdk/tools/gnutools/10.3/bin/../lib/gcc/arm-none-eabi/10.3.1/../../../../arm-none-eabi/lib/thumb/v7e-m+fp/softfp\libc.a(lib_a-mprec.o)
                0x1000fe70                __copybits
 .text.__any_on
                0x1000fecc       0x64 c:/maximsdk/tools/gnutools/10.3/bin/../lib/gcc/arm-none-eabi/10.3.1/../../../../arm-none-eabi/lib/thumb/v7e-m+fp/softfp\libc.a(lib_a-mprec.o)
                0x1000fecc                __any_on
 .text._putc_r  0x1000ff30       0x74 c:/maximsdk/tools/gnutools/10.3/bin/../lib/gcc/arm-none-eabi/10.3.1/../../../../arm-none-eabi/lib/thumb/v7e-m+fp/softfp\libc.a(lib_a-putc.o)
                0x1000ff30                _putc_r
 .text.realloc  0x1000ffa4       0x18 c:/maximsdk/tools/gnutools/10.3/bin/../lib/gcc/arm-none-eabi/10.3.1/../../../../arm-none-eabi/lib/thumb/v7e-m+fp/softfp\libc.a(lib_a-realloc.o)
                0x1000ffa4                realloc
 .text._realloc_r
                0x1000ffbc      0x3d8 c:/maximsdk/tools/gnutools/10.3/bin/../lib/gcc/arm-none-eabi/10.3.1/../../../../arm-none-eabi/lib/thumb/v7e-m+fp/softfp\libc.a(lib_a-reallocr.o)
                0x1000ffbc                _realloc_r
 .text.lflush   0x10010394       0x14 c:/maximsdk/tools/gnutools/10.3/bin/../lib/gcc/arm-none-eabi/10.3.1/../../../../arm-none-eabi/lib/thumb/v7e-m+fp/softfp\libc.a(lib_a-refill.o)
 .text.__srefill_r
                0x100103a8      0x114 c:/maximsdk/tools/gnutools/10.3/bin/../lib/gcc/arm-none-eabi/10.3.1/../../../../arm-none-eabi/lib/thumb/v7e-m+fp/softfp\libc.a(lib_a-refill.o)
                0x100103a8                __srefill_r
 .text.frexp    0x100104bc       0x70 c:/maximsdk/tools/gnutools/10.3/bin/../lib/gcc/arm-none-eabi/10.3.1/../../../../arm-none-eabi/lib/thumb/v7e-m+fp/softfp\libc.a(lib_a-s_frexp.o)
                0x100104bc                frexp
 .text.__sccl   0x1001052c       0x8c c:/maximsdk/tools/gnutools/10.3/bin/../lib/gcc/arm-none-eabi/10.3.1/../../../../arm-none-eabi/lib/thumb/v7e-m+fp/softfp\libc.a(lib_a-sccl.o)
                0x1001052c                __sccl
 .text.nanf     0x100105b8        0x8 c:/maximsdk/tools/gnutools/10.3/bin/../lib/gcc/arm-none-eabi/10.3.1/../../../../arm-none-eabi/lib/thumb/v7e-m+fp/softfp\libc.a(lib_a-sf_nan.o)
                0x100105b8                nanf
 .text.__sread  0x100105c0       0x24 c:/maximsdk/tools/gnutools/10.3/bin/../lib/gcc/arm-none-eabi/10.3.1/../../../../arm-none-eabi/lib/thumb/v7e-m+fp/softfp\libc.a(lib_a-stdio.o)
                0x100105c0                __sread
 .text.__swrite
                0x100105e4       0x40 c:/maximsdk/tools/gnutools/10.3/bin/../lib/gcc/arm-none-eabi/10.3.1/../../../../arm-none-eabi/lib/thumb/v7e-m+fp/softfp\libc.a(lib_a-stdio.o)
                0x100105e4                __swrite
 .text.__sseek  0x10010624       0x20 c:/maximsdk/tools/gnutools/10.3/bin/../lib/gcc/arm-none-eabi/10.3.1/../../../../arm-none-eabi/lib/thumb/v7e-m+fp/softfp\libc.a(lib_a-stdio.o)
                0x10010624                __sseek
 .text.__sclose
                0x10010644        0x8 c:/maximsdk/tools/gnutools/10.3/bin/../lib/gcc/arm-none-eabi/10.3.1/../../../../arm-none-eabi/lib/thumb/v7e-m+fp/softfp\libc.a(lib_a-stdio.o)
                0x10010644                __sclose
 .text.strncpy  0x1001064c       0x64 c:/maximsdk/tools/gnutools/10.3/bin/../lib/gcc/arm-none-eabi/10.3.1/../../../../arm-none-eabi/lib/thumb/v7e-m+fp/softfp\libc.a(lib_a-strncpy.o)
                0x1001064c                strncpy
 .text._strtod_l
                0x100106b0      0xf50 c:/maximsdk/tools/gnutools/10.3/bin/../lib/gcc/arm-none-eabi/10.3.1/../../../../arm-none-eabi/lib/thumb/v7e-m+fp/softfp\libc.a(lib_a-strtod.o)
                0x100106b0                _strtod_l
 .text._strtod_r
                0x10011600        0xc c:/maximsdk/tools/gnutools/10.3/bin/../lib/gcc/arm-none-eabi/10.3.1/../../../../arm-none-eabi/lib/thumb/v7e-m+fp/softfp\libc.a(lib_a-strtod.o)
                0x10011600                _strtod_r
 .text._strtol_l.part.0
                0x1001160c      0x120 c:/maximsdk/tools/gnutools/10.3/bin/../lib/gcc/arm-none-eabi/10.3.1/../../../../arm-none-eabi/lib/thumb/v7e-m+fp/softfp\libc.a(lib_a-strtol.o)
 .text._strtol_r
                0x1001172c       0x1c c:/maximsdk/tools/gnutools/10.3/bin/../lib/gcc/arm-none-eabi/10.3.1/../../../../arm-none-eabi/lib/thumb/v7e-m+fp/softfp\libc.a(lib_a-strtol.o)
                0x1001172c                _strtol_r
 .text._strtoll_l.constprop.0
                0x10011748      0x170 c:/maximsdk/tools/gnutools/10.3/bin/../lib/gcc/arm-none-eabi/10.3.1/../../../../arm-none-eabi/lib/thumb/v7e-m+fp/softfp\libc.a(lib_a-strtoll.o)
 .text._strtoll_r
                0x100118b8        0x4 c:/maximsdk/tools/gnutools/10.3/bin/../lib/gcc/arm-none-eabi/10.3.1/../../../../arm-none-eabi/lib/thumb/v7e-m+fp/softfp\libc.a(lib_a-strtoll.o)
                0x100118b8                _strtoll_r
 .text._strtoul_l.constprop.0
                0x100118bc      0x13c c:/maximsdk/tools/gnutools/10.3/bin/../lib/gcc/arm-none-eabi/10.3.1/../../../../arm-none-eabi/lib/thumb/v7e-m+fp/softfp\libc.a(lib_a-strtoul.o)
 .text._strtoul_r
                0x100119f8        0x4 c:/maximsdk/tools/gnutools/10.3/bin/../lib/gcc/arm-none-eabi/10.3.1/../../../../arm-none-eabi/lib/thumb/v7e-m+fp/softfp\libc.a(lib_a-strtoul.o)
                0x100119f8                _strtoul_r
 .text._strtoull_l.constprop.0
                0x100119fc      0x19c c:/maximsdk/tools/gnutools/10.3/bin/../lib/gcc/arm-none-eabi/10.3.1/../../../../arm-none-eabi/lib/thumb/v7e-m+fp/softfp\libc.a(lib_a-strtoull.o)
 .text._strtoull_r
                0x10011b98        0x4 c:/maximsdk/tools/gnutools/10.3/bin/../lib/gcc/arm-none-eabi/10.3.1/../../../../arm-none-eabi/lib/thumb/v7e-m+fp/softfp\libc.a(lib_a-strtoull.o)
                0x10011b98                _strtoull_r
 .text.__ssprint_r
                0x10011b9c       0xf8 c:/maximsdk/tools/gnutools/10.3/bin/../lib/gcc/arm-none-eabi/10.3.1/../../../../arm-none-eabi/lib/thumb/v7e-m+fp/softfp\libc.a(lib_a-svfiprintf.o)
                0x10011b9c                __ssprint_r
 .text.__submore
                0x10011c94       0x78 c:/maximsdk/tools/gnutools/10.3/bin/../lib/gcc/arm-none-eabi/10.3.1/../../../../arm-none-eabi/lib/thumb/v7e-m+fp/softfp\libc.a(lib_a-ungetc.o)
                0x10011c94                __submore
 .text._ungetc_r
                0x10011d0c      0x138 c:/maximsdk/tools/gnutools/10.3/bin/../lib/gcc/arm-none-eabi/10.3.1/../../../../arm-none-eabi/lib/thumb/v7e-m+fp/softfp\libc.a(lib_a-ungetc.o)
                0x10011d0c                _ungetc_r
 .text.__sprint_r.part.0
                0x10011e44       0x78 c:/maximsdk/tools/gnutools/10.3/bin/../lib/gcc/arm-none-eabi/10.3.1/../../../../arm-none-eabi/lib/thumb/v7e-m+fp/softfp\libc.a(lib_a-vfiprintf.o)
 .text.__sprint_r
                0x10011ebc       0x18 c:/maximsdk/tools/gnutools/10.3/bin/../lib/gcc/arm-none-eabi/10.3.1/../../../../arm-none-eabi/lib/thumb/v7e-m+fp/softfp\libc.a(lib_a-vfiprintf.o)
                0x10011ebc                __sprint_r
 .text._vfiprintf_r
                0x10011ed4      0xdfc c:/maximsdk/tools/gnutools/10.3/bin/../lib/gcc/arm-none-eabi/10.3.1/../../../../arm-none-eabi/lib/thumb/v7e-m+fp/softfp\libc.a(lib_a-vfiprintf.o)
                0x10011ed4                _vfiprintf_r
 .text.__sbprintf
                0x10012cd0       0x80 c:/maximsdk/tools/gnutools/10.3/bin/../lib/gcc/arm-none-eabi/10.3.1/../../../../arm-none-eabi/lib/thumb/v7e-m+fp/softfp\libc.a(lib_a-vfiprintf.o)
 .text.__swbuf_r
                0x10012d50       0xb0 c:/maximsdk/tools/gnutools/10.3/bin/../lib/gcc/arm-none-eabi/10.3.1/../../../../arm-none-eabi/lib/thumb/v7e-m+fp/softfp\libc.a(lib_a-wbuf.o)
                0x10012d50                __swbuf_r
 .text.__ascii_wctomb
                0x10012e00       0x1c c:/maximsdk/tools/gnutools/10.3/bin/../lib/gcc/arm-none-eabi/10.3.1/../../../../arm-none-eabi/lib/thumb/v7e-m+fp/softfp\libc.a(lib_a-wctomb_r.o)
                0x10012e00                __ascii_wctomb
 .text._write_r
                0x10012e1c       0x2c c:/maximsdk/tools/gnutools/10.3/bin/../lib/gcc/arm-none-eabi/10.3.1/../../../../arm-none-eabi/lib/thumb/v7e-m+fp/softfp\libc.a(lib_a-writer.o)
                0x10012e1c                _write_r
 .text.__register_exitproc
                0x10012e48       0x8c c:/maximsdk/tools/gnutools/10.3/bin/../lib/gcc/arm-none-eabi/10.3.1/../../../../arm-none-eabi/lib/thumb/v7e-m+fp/softfp\libc.a(lib_a-__atexit.o)
                0x10012e48                __register_exitproc
 .text.__assert_func
                0x10012ed4       0x40 c:/maximsdk/tools/gnutools/10.3/bin/../lib/gcc/arm-none-eabi/10.3.1/../../../../arm-none-eabi/lib/thumb/v7e-m+fp/softfp\libc.a(lib_a-assert.o)
                0x10012ed4                __assert_func
 .text._calloc_r
                0x10012f14       0x78 c:/maximsdk/tools/gnutools/10.3/bin/../lib/gcc/arm-none-eabi/10.3.1/../../../../arm-none-eabi/lib/thumb/v7e-m+fp/softfp\libc.a(lib_a-callocr.o)
                0x10012f14                _calloc_r
 .text._close_r
                0x10012f8c       0x24 c:/maximsdk/tools/gnutools/10.3/bin/../lib/gcc/arm-none-eabi/10.3.1/../../../../arm-none-eabi/lib/thumb/v7e-m+fp/softfp\libc.a(lib_a-closer.o)
                0x10012f8c                _close_r
 .text._fclose_r
                0x10012fb0       0xcc c:/maximsdk/tools/gnutools/10.3/bin/../lib/gcc/arm-none-eabi/10.3.1/../../../../arm-none-eabi/lib/thumb/v7e-m+fp/softfp\libc.a(lib_a-fclose.o)
                0x10012fb0                _fclose_r
 .text.fiprintf
                0x1001307c       0x28 c:/maximsdk/tools/gnutools/10.3/bin/../lib/gcc/arm-none-eabi/10.3.1/../../../../arm-none-eabi/lib/thumb/v7e-m+fp/softfp\libc.a(lib_a-fiprintf.o)
                0x1001307c                fiprintf
 .text.__fputwc
                0x100130a4       0xa8 c:/maximsdk/tools/gnutools/10.3/bin/../lib/gcc/arm-none-eabi/10.3.1/../../../../arm-none-eabi/lib/thumb/v7e-m+fp/softfp\libc.a(lib_a-fputwc.o)
                0x100130a4                __fputwc
 .text._fputwc_r
                0x1001314c       0x68 c:/maximsdk/tools/gnutools/10.3/bin/../lib/gcc/arm-none-eabi/10.3.1/../../../../arm-none-eabi/lib/thumb/v7e-m+fp/softfp\libc.a(lib_a-fputwc.o)
                0x1001314c                _fputwc_r
 .text._fstat_r
                0x100131b4       0x2c c:/maximsdk/tools/gnutools/10.3/bin/../lib/gcc/arm-none-eabi/10.3.1/../../../../arm-none-eabi/lib/thumb/v7e-m+fp/softfp\libc.a(lib_a-fstatr.o)
                0x100131b4                _fstat_r
 .text.rshift   0x100131e0       0xa4 c:/maximsdk/tools/gnutools/10.3/bin/../lib/gcc/arm-none-eabi/10.3.1/../../../../arm-none-eabi/lib/thumb/v7e-m+fp/softfp\libc.a(lib_a-gdtoa-gethex.o)
 .text.__gethex
                0x10013284      0x5d8 c:/maximsdk/tools/gnutools/10.3/bin/../lib/gcc/arm-none-eabi/10.3.1/../../../../arm-none-eabi/lib/thumb/v7e-m+fp/softfp\libc.a(lib_a-gdtoa-gethex.o)
                0x10013284                __gethex
 .text.__match  0x1001385c       0x38 c:/maximsdk/tools/gnutools/10.3/bin/../lib/gcc/arm-none-eabi/10.3.1/../../../../arm-none-eabi/lib/thumb/v7e-m+fp/softfp\libc.a(lib_a-gdtoa-hexnan.o)
                0x1001385c                __match
 .text.__hexnan
                0x10013894      0x1ac c:/maximsdk/tools/gnutools/10.3/bin/../lib/gcc/arm-none-eabi/10.3.1/../../../../arm-none-eabi/lib/thumb/v7e-m+fp/softfp\libc.a(lib_a-gdtoa-hexnan.o)
                0x10013894                __hexnan
 .text._isatty_r
                0x10013a40       0x24 c:/maximsdk/tools/gnutools/10.3/bin/../lib/gcc/arm-none-eabi/10.3.1/../../../../arm-none-eabi/lib/thumb/v7e-m+fp/softfp\libc.a(lib_a-isattyr.o)
                0x10013a40                _isatty_r
 .text._lseek_r
                0x10013a64       0x2c c:/maximsdk/tools/gnutools/10.3/bin/../lib/gcc/arm-none-eabi/10.3.1/../../../../arm-none-eabi/lib/thumb/v7e-m+fp/softfp\libc.a(lib_a-lseekr.o)
                0x10013a64                _lseek_r
 .text._read_r  0x10013a90       0x2c c:/maximsdk/tools/gnutools/10.3/bin/../lib/gcc/arm-none-eabi/10.3.1/../../../../arm-none-eabi/lib/thumb/v7e-m+fp/softfp\libc.a(lib_a-readr.o)
                0x10013a90                _read_r
 .text.nan      0x10013abc        0xc c:/maximsdk/tools/gnutools/10.3/bin/../lib/gcc/arm-none-eabi/10.3.1/../../../../arm-none-eabi/lib/thumb/v7e-m+fp/softfp\libc.a(lib_a-s_nan.o)
                0x10013abc                nan
 .text.strncmp  0x10013ac8       0x80 c:/maximsdk/tools/gnutools/10.3/bin/../lib/gcc/arm-none-eabi/10.3.1/../../../../arm-none-eabi/lib/thumb/v7e-m+fp/softfp\libc.a(lib_a-strncmp.o)
                0x10013ac8                strncmp
 .text._wcrtomb_r
                0x10013b48       0x3c c:/maximsdk/tools/gnutools/10.3/bin/../lib/gcc/arm-none-eabi/10.3.1/../../../../arm-none-eabi/lib/thumb/v7e-m+fp/softfp\libc.a(lib_a-wcrtomb.o)
                0x10013b48                _wcrtomb_r
 .text.abort    0x10013b84       0x10 c:/maximsdk/tools/gnutools/10.3/bin/../lib/gcc/arm-none-eabi/10.3.1/../../../../arm-none-eabi/lib/thumb/v7e-m+fp/softfp\libc.a(lib_a-abort.o)
                0x10013b84                abort
 .text.raise    0x10013b94       0x5c c:/maximsdk/tools/gnutools/10.3/bin/../lib/gcc/arm-none-eabi/10.3.1/../../../../arm-none-eabi/lib/thumb/v7e-m+fp/softfp\libc.a(lib_a-signal.o)
                0x10013b94                raise
 .text._kill_r  0x10013bf0       0x2c c:/maximsdk/tools/gnutools/10.3/bin/../lib/gcc/arm-none-eabi/10.3.1/../../../../arm-none-eabi/lib/thumb/v7e-m+fp/softfp\libc.a(lib_a-signalr.o)
                0x10013bf0                _kill_r
 .text._getpid_r
                0x10013c1c        0x4 c:/maximsdk/tools/gnutools/10.3/bin/../lib/gcc/arm-none-eabi/10.3.1/../../../../arm-none-eabi/lib/thumb/v7e-m+fp/softfp\libc.a(lib_a-signalr.o)
                0x10013c1c                _getpid_r
 .text._getpid  0x10013c20       0x10 c:/maximsdk/tools/gnutools/10.3/bin/../lib/gcc/arm-none-eabi/10.3.1/../../../../arm-none-eabi/lib/thumb/v7e-m+fp/softfp\libnosys.a(getpid.o)
                0x10013c20                _getpid
 .text._kill    0x10013c30       0x10 c:/maximsdk/tools/gnutools/10.3/bin/../lib/gcc/arm-none-eabi/10.3.1/../../../../arm-none-eabi/lib/thumb/v7e-m+fp/softfp\libnosys.a(kill.o)
                0x10013c30                _kill
 .text._exit    0x10013c40        0x4 c:/maximsdk/tools/gnutools/10.3/bin/../lib/gcc/arm-none-eabi/10.3.1/../../../../arm-none-eabi/lib/thumb/v7e-m+fp/softfp\libnosys.a(_exit.o)
                0x10013c40                _exit
 .text          0x10013c44      0x378 c:/maximsdk/tools/gnutools/10.3/bin/../lib/gcc/arm-none-eabi/10.3.1/thumb/v7e-m+fp/softfp\libgcc.a(_arm_addsubdf3.o)
                0x10013c44                __aeabi_drsub
                0x10013c4c                __aeabi_dsub
                0x10013c4c                __subdf3
                0x10013c50                __aeabi_dadd
                0x10013c50                __adddf3
                0x10013ec8                __floatunsidf
                0x10013ec8                __aeabi_ui2d
                0x10013ee8                __floatsidf
                0x10013ee8                __aeabi_i2d
                0x10013f0c                __aeabi_f2d
                0x10013f0c                __extendsfdf2
                0x10013f50                __floatundidf
                0x10013f50                __aeabi_ul2d
                0x10013f60                __floatdidf
                0x10013f60                __aeabi_l2d
 .text          0x10013fbc      0x424 c:/maximsdk/tools/gnutools/10.3/bin/../lib/gcc/arm-none-eabi/10.3.1/thumb/v7e-m+fp/softfp\libgcc.a(_arm_muldivdf3.o)
                0x10013fbc                __aeabi_dmul
                0x10013fbc                __muldf3
                0x10014210                __divdf3
                0x10014210                __aeabi_ddiv
 .text          0x100143e0      0x110 c:/maximsdk/tools/gnutools/10.3/bin/../lib/gcc/arm-none-eabi/10.3.1/thumb/v7e-m+fp/softfp\libgcc.a(_arm_cmpdf2.o)
                0x100143e0                __gtdf2
                0x100143e0                __gedf2
                0x100143e8                __ltdf2
                0x100143e8                __ledf2
                0x100143f0                __nedf2
                0x100143f0                __eqdf2
                0x100143f0                __cmpdf2
                0x1001446c                __aeabi_cdrcmple
                0x1001447c                __aeabi_cdcmpeq
                0x1001447c                __aeabi_cdcmple
                0x1001448c                __aeabi_dcmpeq
                0x100144a0                __aeabi_dcmplt
                0x100144b4                __aeabi_dcmple
                0x100144c8                __aeabi_dcmpge
                0x100144dc                __aeabi_dcmpgt
 .text          0x100144f0       0x2c c:/maximsdk/tools/gnutools/10.3/bin/../lib/gcc/arm-none-eabi/10.3.1/thumb/v7e-m+fp/softfp\libgcc.a(_arm_unorddf2.o)
                0x100144f0                __unorddf2
                0x100144f0                __aeabi_dcmpun
 .text          0x1001451c       0x50 c:/maximsdk/tools/gnutools/10.3/bin/../lib/gcc/arm-none-eabi/10.3.1/thumb/v7e-m+fp/softfp\libgcc.a(_arm_fixdfsi.o)
                0x1001451c                __aeabi_d2iz
                0x1001451c                __fixdfsi
 .text          0x1001456c       0x40 c:/maximsdk/tools/gnutools/10.3/bin/../lib/gcc/arm-none-eabi/10.3.1/thumb/v7e-m+fp/softfp\libgcc.a(_arm_fixunsdfsi.o)
                0x1001456c                __aeabi_d2uiz
                0x1001456c                __fixunsdfsi
 .text          0x100145ac       0xa0 c:/maximsdk/tools/gnutools/10.3/bin/../lib/gcc/arm-none-eabi/10.3.1/thumb/v7e-m+fp/softfp\libgcc.a(_arm_truncdfsf2.o)
                0x100145ac                __truncdfsf2
                0x100145ac                __aeabi_d2f
 .text          0x1001464c       0x30 c:/maximsdk/tools/gnutools/10.3/bin/../lib/gcc/arm-none-eabi/10.3.1/thumb/v7e-m+fp/softfp\libgcc.a(_aeabi_uldivmod.o)
                0x1001464c                __aeabi_uldivmod
 .text          0x1001467c       0x30 c:/maximsdk/tools/gnutools/10.3/bin/../lib/gcc/arm-none-eabi/10.3.1/thumb/v7e-m+fp/softfp\libgcc.a(_fixdfdi.o)
                0x1001467c                __fixdfdi
                0x1001467c                __aeabi_d2lz
 .text          0x100146ac       0x3c c:/maximsdk/tools/gnutools/10.3/bin/../lib/gcc/arm-none-eabi/10.3.1/thumb/v7e-m+fp/softfp\libgcc.a(_fixunsdfdi.o)
                0x100146ac                __fixunsdfdi
                0x100146ac                __aeabi_d2ulz
 .text          0x100146e8      0x2d0 c:/maximsdk/tools/gnutools/10.3/bin/../lib/gcc/arm-none-eabi/10.3.1/thumb/v7e-m+fp/softfp\libgcc.a(_udivmoddi4.o)
                0x100146e8                __udivmoddi4
 .text          0x100149b8        0x4 c:/maximsdk/tools/gnutools/10.3/bin/../lib/gcc/arm-none-eabi/10.3.1/thumb/v7e-m+fp/softfp\libgcc.a(_dvmd_tls.o)
                0x100149b8                __aeabi_idiv0
                0x100149b8                __aeabi_ldiv0
 *(.rodata*)
 .rodata.mount.str1.1
                0x100149bc       0x2c C:/MaximSDK/Examples/MAX78000/SDHC_FTHR/build/main.o
                                 0x2d (size before relaxing)
 .rodata.umount.str1.1
                0x100149e8       0x30 C:/MaximSDK/Examples/MAX78000/SDHC_FTHR/build/main.o
 .rodata.formatSDHC.str1.1
                0x10014a18       0xce C:/MaximSDK/Examples/MAX78000/SDHC_FTHR/build/main.o
 .rodata.getSize.str1.1
                0x10014ae6       0x4f C:/MaximSDK/Examples/MAX78000/SDHC_FTHR/build/main.o
 .rodata.ls.str1.1
                0x10014b35       0x55 C:/MaximSDK/Examples/MAX78000/SDHC_FTHR/build/main.o
 .rodata.createFile.str1.1
                0x10014b8a      0x127 C:/MaximSDK/Examples/MAX78000/SDHC_FTHR/build/main.o
 .rodata.appendFile.str1.1
                0x10014cb1       0xd7 C:/MaximSDK/Examples/MAX78000/SDHC_FTHR/build/main.o
 .rodata.mkdir.str1.1
                0x10014d88       0x7c C:/MaximSDK/Examples/MAX78000/SDHC_FTHR/build/main.o
 .rodata.cd.str1.1
                0x10014e04       0x6c C:/MaximSDK/Examples/MAX78000/SDHC_FTHR/build/main.o
 .rodata.delete.str1.1
                0x10014e70       0x75 C:/MaximSDK/Examples/MAX78000/SDHC_FTHR/build/main.o
 .rodata.example.str1.1
                0x10014ee5      0x147 C:/MaximSDK/Examples/MAX78000/SDHC_FTHR/build/main.o
                                0x172 (size before relaxing)
 .rodata.main.str1.1
                0x1001502c      0x369 C:/MaximSDK/Examples/MAX78000/SDHC_FTHR/build/main.o
                                0x36d (size before relaxing)
 .rodata.charset
                0x10015395       0x46 C:/MaximSDK/Examples/MAX78000/SDHC_FTHR/build/main.o
 .rodata.mxc_assert.str1.1
                0x100153db       0x19 C:/MaximSDK/Examples/MAX78000/SDHC_FTHR/build/board.o
 .rodata.Board_Init.str1.1
                0x100153f4       0x44 C:/MaximSDK/Examples/MAX78000/SDHC_FTHR/build/board.o
 .rodata.led_pin
                0x10015438       0x24 C:/MaximSDK/Examples/MAX78000/SDHC_FTHR/build/board.o
                0x10015438                led_pin
 .rodata.num_leds
                0x1001545c        0x4 C:/MaximSDK/Examples/MAX78000/SDHC_FTHR/build/board.o
                0x1001545c                num_leds
 .rodata.num_pbs
                0x10015460        0x4 C:/MaximSDK/Examples/MAX78000/SDHC_FTHR/build/board.o
                0x10015460                num_pbs
 .rodata.pb_pin
                0x10015464       0x18 C:/MaximSDK/Examples/MAX78000/SDHC_FTHR/build/board.o
                0x10015464                pb_pin
 .rodata.LED_On.str1.1
                0x1001547c       0x5e C:/MaximSDK/Examples/MAX78000/SDHC_FTHR/build/led.o
 *fill*         0x100154da        0x2 
 .rodata.gpio_cfg_i2c0
                0x100154dc        0xc C:/MaximSDK/Libraries/PeriphDrivers/bin/MAX78000/softfp/libPeriphDriver_softfp.a(pins_ai85.o)
                0x100154dc                gpio_cfg_i2c0
 .rodata.gpio_cfg_i2c1
                0x100154e8        0xc C:/MaximSDK/Libraries/PeriphDrivers/bin/MAX78000/softfp/libPeriphDriver_softfp.a(pins_ai85.o)
                0x100154e8                gpio_cfg_i2c1
 .rodata.gpio_cfg_i2c2
                0x100154f4        0xc C:/MaximSDK/Libraries/PeriphDrivers/bin/MAX78000/softfp/libPeriphDriver_softfp.a(pins_ai85.o)
                0x100154f4                gpio_cfg_i2c2
 .rodata.gpio_cfg_uart0
                0x10015500        0xc C:/MaximSDK/Libraries/PeriphDrivers/bin/MAX78000/softfp/libPeriphDriver_softfp.a(pins_ai85.o)
                0x10015500                gpio_cfg_uart0
 .rodata.gpio_cfg_uart1
                0x1001550c        0xc C:/MaximSDK/Libraries/PeriphDrivers/bin/MAX78000/softfp/libPeriphDriver_softfp.a(pins_ai85.o)
                0x1001550c                gpio_cfg_uart1
 .rodata.gpio_cfg_uart2
                0x10015518        0xc C:/MaximSDK/Libraries/PeriphDrivers/bin/MAX78000/softfp/libPeriphDriver_softfp.a(pins_ai85.o)
                0x10015518                gpio_cfg_uart2
 .rodata.gpio_cfg_uart3
                0x10015524        0xc C:/MaximSDK/Libraries/PeriphDrivers/bin/MAX78000/softfp/libPeriphDriver_softfp.a(pins_ai85.o)
                0x10015524                gpio_cfg_uart3
 .rodata.MXC_SPI_Init.str1.1
                0x10015530       0x50 C:/MaximSDK/Libraries/PeriphDrivers/bin/MAX78000/softfp/libPeriphDriver_softfp.a(spi_me17.o)
 .rodata.MXC_SPI_RevA_DMACallback.str1.1
                0x10015580       0x4f C:/MaximSDK/Libraries/PeriphDrivers/bin/MAX78000/softfp/libPeriphDriver_softfp.a(spi_reva.o)
 .rodata.MXC_SPI_RevA_TransSetup.str1.1
                0x100155cf       0x22 C:/MaximSDK/Libraries/PeriphDrivers/bin/MAX78000/softfp/libPeriphDriver_softfp.a(spi_reva.o)
                                 0x2f (size before relaxing)
 .rodata.MXC_SPI_RevA_ReadyForSleep.str1.1
                0x100155f1       0x2d C:/MaximSDK/Libraries/PeriphDrivers/bin/MAX78000/softfp/libPeriphDriver_softfp.a(spi_reva.o)
 .rodata.MXC_GPIO_Common_Handler.str1.1
                0x1001561e       0x65 C:/MaximSDK/Libraries/PeriphDrivers/bin/MAX78000/softfp/libPeriphDriver_softfp.a(gpio_common.o)
 .rodata.check_fs.str1.1
                0x10015683        0xc C:/MaximSDK/Examples/MAX78000/SDHC_FTHR/build/Fat32Driver/FAT32.a(ff.o)
                                 0x15 (size before relaxing)
 .rodata.follow_path.str1.1
                0x1001568f       0x10 C:/MaximSDK/Examples/MAX78000/SDHC_FTHR/build/Fat32Driver/FAT32.a(ff.o)
 .rodata.f_mkfs.str1.1